
> quests-app@1.0.0 test:ci
> vitest run --coverage=false


 RUN  v3.2.6 /home/mrudula/Downloads/HABBIT/quests

 ✓ api/config.test.js (7 tests) 29ms
 ✓ api/lib/rarity-engine.test.js (13 tests) 9ms
 ✓ api/lib/providers.test.js (3 tests) 12ms
 ✓ api/lib/anti-cheat.test.js (10 tests) 14ms
 ↓ api/postgres.integration.test.js (7 tests | 7 skipped)
 ✓ api/lib/quest-engine.test.js (15 tests) 66ms
 ✓ api/server.test.js (30 tests) 402ms
stderr | src/App.test.jsx > App (development auth mode) > renders the world/capture screen with real profile data instead of hardcoded fallbacks
⚠️ React Router Future Flag Warning: React Router will begin wrapping state updates in `React.startTransition` in v7. You can use the `v7_startTransition` future flag to opt-in early. For more information, see https://reactrouter.com/v6/upgrading/future#v7_starttransition.
⚠️ React Router Future Flag Warning: Relative route resolution within Splat routes is changing in v7. You can use the `v7_relativeSplatPath` future flag to opt-in early. For more information, see https://reactrouter.com/v6/upgrading/future#v7_relativesplatpath.

 ❯ src/App.test.jsx (8 tests | 4 failed) 4573ms
   ✓ App (development auth mode) > renders the world/capture screen with real profile data instead of hardcoded fallbacks  335ms
   ✓ App (development auth mode) > does not render a leaderboard section on the world/capture screen 238ms
   × App (development auth mode) > navigates to the quest board and filters quests 1268ms
     → Unable to find an element with the text: /morning mindfulness/i. This could be because the text is broken up by multiple elements. In this case, you can provide a function for your text matcher to make your matcher more flexible.

Ignored nodes: comments, script, style
[36m<body>[39m
  [36m<div>[39m
    [36m<div[39m
      [33mclass[39m=[32m"app-shell"[39m
    [36m>[39m
      [36m<div[39m
        [33maria-hidden[39m=[32m"true"[39m
        [33mclass[39m=[32m"world-ambience world-ambience-night"[39m
        [33mstyle[39m=[32m"background: radial-gradient(circle at 50% -10%, rgba(80, 90, 140, 0.08), transparent 65%); opacity: 0.8725878096593078;"[39m
      [36m/>[39m
      [36m<div[39m
        [33mclass[39m=[32m"dev-auth-banner"[39m
        [33mrole[39m=[32m"status"[39m
      [36m>[39m
        [0mDevelopment auth active — this is a local identity, not a real account.[0m
      [36m</div>[39m
      [36m<header[39m
        [33mclass[39m=[32m"topbar"[39m
      [36m>[39m
        [36m<div[39m
          [33mclass[39m=[32m"brand-lockup"[39m
          [33mtabindex[39m=[32m"0"[39m
        [36m>[39m
          [36m<span[39m
            [33maria-hidden[39m=[32m"true"[39m
            [33mclass[39m=[32m"brand-mark"[39m
          [36m>[39m
            [0m🌿[0m
          [36m</span>[39m
          [36m<div>[39m
            [36m<strong>[39m
              [0mWILD REALM[0m
            [36m</strong>[39m
          [36m</div>[39m
        [36m</div>[39m
        [36m<div[39m
          [33mclass[39m=[32m"user-profile-trigger"[39m
        [36m>[39m
          [36m<div[39m
            [33mclass[39m=[32m"quick-stat shell-xp"[39m
          [36m>[39m
            [36m<strong>[39m
              [0m7,250[0m
            [36m</strong>[39m
            [36m<span>[39m
              [0mXP[0m
            [36m</span>[39m
          [36m</div>[39m
          [36m<button[39m
            [33maria-label[39m=[32m"Settings"[39m
            [33mclass[39m=[32m"magnetic-button round-action "[39m
            [33mstyle[39m=[32m"transform: none;"[39m
            [33mtabindex[39m=[32m"0"[39m
            [33mtype[39m=[32m"button"[39m
          [36m>[39m
            [36m<span[39m
              [33mclass[39m=[32m"magnetic-button-content"[39m
            [36m>[39m
              [36m<svg[39m
                [33maria-hidden[39m=[32m"true"[39m
                [33mfocusable[39m=[32m"false"[39m
                [33mviewBox[39m=[32m"0 0 24 24"[39m
              [36m>[39m
                [36m<path[39m
                  [33md[39m=[32m"m10.7 2 2.6 0 .5 2a8 8 0 0 1 1.6.7l1.8-1 1.8 1.8-1 1.8c.3.5.5 1 .7 1.6l2 .5v2.6l-2 .5a8 8 0 0 1-.7 1.6l1 1.8-1.8 1.8-1.8-1a8 8 0 0 1-1.6.7l-.5 2h-2.6l-.5-2a8 8 0 0 1-1.6-.7l-1.8 1L5 15.4l1-1.8a8 8 0 0 1-.7-1.6l-2-.5V9l2-.5A8 8 0 0 1 6 7L5 5.2l1.8-1.8 1.8 1a8 8 0 0 1 1.6-.7l.5-2ZM12 8a3 3 0 1 0 0 6 3 3 0 0 0 0-6Z"[39m
                [36m/>[39m
              [36m</svg>[39m
            [36m</span>[39m
            [36m<span[39m
              [33maria-hidden[39m=[32m"true"[39m
              [33mclass[39m=[32m"magnetic-button-glow"[39m
            [36m/>[39m
          [36m</button>[39m
          [36m<button[39m
            [33maria-label[39m=[32m"Sign out"[39m
            [33mclass[39m=[32m"magnetic-button ghost-action "[39m
            [33mstyle[39m=[32m"transform: none;"[39m
            [33mtabindex[39m=[32m"0"[39m
            [33mtype[39m=[32m"button"[39m
          [36m>[39m
            [36m<span[39m
              [33mclass[39m=[32m"magnetic-button-content"[39m
            [36m>[39m
              [0mSign out[0m
            [36m</span>[39m
            [36m<span[39m
              [33maria-hidden[39m=[32m"true"[39m
              [33mclass[39m=[32m"magnetic-button-glow"[39m
            [36m/>[39m
          [36m</button>[39m
        [36m</div>[39m
      [36m</header>[39m
      [36m<div[39m
        [33mclass[39m=[32m"mobile-content-area "[39m
      [36m>[39m
        [36m<div[39m
          [33mclass[39m=[32m"ptr-container"[39m
          [33mstyle[39m=[32m"overflow-y: auto; height: 100%;"[39m
        [36m>[39m
          [36m<div[39m
            [33mclass[39m=[32m"ptr-indicator"[39m
          [36m>[39m
            [36m<div[39m
              [33mstyle[39m=[32m"transform: none;"[39m
            [36m>[39m
              [36m<svg[39m
                [33maria-hidden[39m=[32m"true"[39m
                [33mfocusable[39m=[32m"false"[39m
                [33mviewBox[39m=[32m"0 0 24 24"[39m
              [36m/>[39m
            [36m</div>[39m
          [36m</div>[39m
          [36m<div[39m
            [33mstyle[39m=[32m"min-height: 100%; transform: none;"[39m
          [36m>[39m
            [36m<div[39m
              [33mclass[39m=[32m"journal-page-transition route-stage"[39m
              [33mstyle[39m=[32m"width: 100%; opacity: 1; filter: blur(0px); transform: none;"[39m
            [36m>[39m
              [36m<main[39m
                [33mclass[39m=[32m"quests-shell"[39m
              [36m>[39m
                [36m<h1[39m
                  [33mclass[39m=[32m"sr-only"[39m
                [36m>[39m
                  [0mQuests[0m
                [36m</h1>[39m
                [36m<div[39m
                  [33mclass[39m=[32m"quest-user-topbar"[39m
                [36m>[39m
                  [36m<div[39m
                    [33mstyle[39m=[32m"display: flex; align-items: center; gap: 10px;"[39m
                  [36m>[39m
                    [36m<div[39m
                      [33mclass[39m=[32m"quest-user-avatar"[39m
                    [36m>[39m
                      [36m<img[39m
                        [33malt[39m=[32m"User Avatar"[39m
                        [33msrc[39m=[32m"/assets/african-grey-parrot.png"[39m
                      [36m/>[39m
                    [36m</div>[39m
                    [36m<div>[39m
                      [36m<h3[39m
                        [33mstyle[39m=[32m"font-size: 0.95rem; margin: 0px; font-weight: 800;"[39m
                      [36m>[39m
                        [0mGuest Wayfarer[0m
                      [36m</h3>[39m
                      [36m<small[39m
                        [33mstyle[39m=[32m"color: var(--wild-emerald); font-size: 0.72rem; font-weight: 700;"[39m
                      [36m>[39m
                        [0mGold[0m
                        [0m [0m
                        [0m14[0m
                        [0m • [0m
                        [0m250[0m
                        [0m / [0m
                        [0m500[0m
                        [0m XP[0m
                      [36m</small>[39m
                    [36m</div>[39m
                  [36m</div>[39m
                  [36m<div[39m
                    [33mclass[39m=[32m"quest-coin-badge"[39m
                  [36m>[39m
                    [0m🪙 [0m
                    [36m<span>[39m
                      [0m1,450[0m
                    [36m</span>[39m
                  [36m</div>[39m
                [36m</div>[39m
                [36m<div[39m
                  [33mclass[39m=[32m"quest-cadence-tabs"[39m
                  [33mstyle[39m=[32m"position: relative;"[39m
                [36m>[39m
                  [36m<button[39m
                    [33mclass[39m=[32m"quest-cadence-btn active"[39m
                    [33mstyle[39m=[32m"position: relative; z-index: 1;"[39m
                    [33mtabindex[39m=[32m"0"[39m
                    [33mtype[39m=[32m"button"[39m
                  [36m>[39m
                    [36m<div[39m
                      [33mstyle[39m=[32m"position: absolute; inset: 0; background: var(--quest-surface); z-index: -1; border: 1px solid rgba(255, 255, 255, 0.06); border-radius: 8px; opacity: 1;"[39m
                    [36m/>[39m
                    [36m<span[39m
                      [33mstyle[39m=[32m"position: relative; z-index: 2;"[39m
                    [36m>[39m
                      [0mDAILY[0m
                    [36m</span>[39m
                  [36m</button>[39m
                  [36m<button[39m
                    [33mclass[39m=[32m"quest-cadence-btn "[39m
                    [33mstyle[39m=[32m"position: relative; z-index: 1;"[39m
                    [33mtabindex[39m=[32m"0"[39m
                    [33mtype[39m=[32m"button"[39m
                  [36m>[39m
                    [36m<span[39m
                      [33mstyle[39m=[32m"position: relative; z-index: 2;"[39m
                    [36m>[39m
                      [0mWEEKLY[0m
                    [36m</span>[39m
                  [36m</button>[39m
                  [36m<button[39m
                    [33mclass[39m=[32m"quest-cadence-btn "[39m
                    [33mstyle[39m=[32m"position: relative; z-index: 1;"[39m
                    [33mtabindex[39m=[32m"0"[39m
                    [33mtype[39m=[32m"button"[39m
                  [36m>[39m
                    [36m<span[39m
                      [33mstyle[39m=[32m"position: relative; z-index: 2;"[39m
                    [36m>[39m
                      [0mMONTHLY[0m
                    [36m</span>[39m
                  [36m</button>[39m
                [36m</div>[39m
                [36m<div[39m
                  [33mclass[39m=[32m"quests-card-list"[39m
                [36m>[39m
                  [36m<div[39m
                    [33mclass[39m=[32m"quest-item-card completed"[39m
                  [36m>[39m
                    [36m<div[39m
                      [33mstyle[39m=[32m"display: flex; align-items: center; gap: 12px;"[39m
                    [36m>[39m
                      [36m<span[39m
                        [33mclass[39m=[32m"quest-item-emoji"[39m
                      [36m>[39m
                        [0m📜[0m
                      [36m</span>[39m
                      [36m<div[39m
                        [33mstyle[39m=[32m"flex: 1 1 0%;"[39m
                      [36m>[39m
                        [36m<h4[39m
                          [33mclass[39m=[32m"quest-item-title"[39m
                        [36m>[39m
                          [0mMorning Sanctuary[0m
                        [36m</h4>[39m
                        [36m<div[39m
                          [33mstyle[39m=[32m"display: flex; align-items: center; gap: 10px; margin-top: 4px;"[39m
                        [36m>[39m
                          [36m<span[39m
                            [33mclass[39m=[32m"quest-progress-num"[39m
                          [36m>[39m
                            [0m1[0m
                            [0m/[0m
                            [0m1[0m
                            [0m [0m
                            [0msession[0m
                          [36m</span>[39m
                          [36m<span[39m
                            [33mclass[39m=[32m"quest-reward-pill"[39m
                          [36m>[39m
                            [0mXP [0m
                            [0m120[0m
                          [36m</span>[39m
                        [36m</div>[39m
                      [36m</div>[39m
                      [36m<div[39m
                        [33mclass[39m=[32m"quest-claim-btn"[39m
                        [33mstyle[39m=[32m"display: flex; align-items: center; justify-content: center; background: transparent; border: 1px solid var(--quest-gold-dim); color: var(--quest-gold-bright); opacity: 1; transform: none;"[39m
                      [36m>[39m
                        [0m✔[0m
                      [36m</div>[39m
                    [36m</div>[39m
                  [36m</div>[39m
                  [36m<div[39m
                    [33mclass[39m=[32m"quest-item-card "[39m
                  [36m>[39m
                    [36m<div[39m
                      [33mstyle[39m=[32m"display: flex; align-items: center; gap: 12px;"[39m
                    [36m>[39m
                      [36m<span[39m
                        [33mclass[39m=[32m"quest-item-emoji"[39m
                      [36m>[39m
                        [0m📜[0m
                      [36m</span>[39m
                      [36m<div[39m
                        [33mstyle[39m=[32m"flex: 1 1 0%;"[39m
                      [36m>[39m
                        [36m<h4[39m
                          [33mclass[39m=[32m"quest-item-title"[39m
                        [36m>[39m
                          [0mHydration Ritual[0m
                        [36m</h4>[39m
                        [36m<div[39m
                          [33mstyle[39m=[32m"display: flex; align-items: center; gap: 10px; margin-top: 4px;"[39m
                        [36m>[39m
                          [36m<span[39m
                            [33mclass[39m=[32m"quest-progress-num"[39m
                          [36m>[39m
                            [0m3[0m
                            [0m/[0m
                            [0m4[0m
                            [0m [0m
                            [0mglasses[0m
                          [36m</span>[39m
                          [36m<span[39m
                            [33mclass[39m=[32m"quest-reward-pill"[39m
                          [36m>[39m
                            [0mXP [0m
                            [0m80[0m
                          [36m</span>[39m
                        [36m</div>[39m
                      [36m</div>[39m
                      [36m<button[39m
                        [33mclass[39m=[32m"quest-claim-btn glass"[39m
                        [33mstyle[39m=[32m"opacity: 1;"[39m
                        [33mtabindex[39m=[32m"0"[39m
                        [33mtype[39m=[32m"button"[39m
                      [36m>[39m
                        [0mView[0m
                      [36m</button>[39m
                    [36m</div>[39m
                  [36m</div>[39m
                  [36m<div[39m
                    [33mclass[39m=[32m"quest-item-card "[39m
                  [36m>[39m
                    [36m<div[39m
                      [33mstyle[39m=[32m"display: flex; align-items: center; gap: 12px;"[39m
                    [36m>[39m
                      [36m<span[39m
                        [33mclass[39m=[32m"quest-item-emoji"[39m
                      [36m>[39m
                        [0m📜[0m
                      [36m</span>[39m
                      [36m<div[39m
                        [33mstyle[39m=[32m"flex: 1 1 0%;"[39m
                      [36m>[39m
                        [36m<h4[39m
                          [33mclass[39m=[32m"quest-item-title"[39m
                        [36m>[39m
                          [0mDigital Sunset[0m
                        [36m</h4>[39m
                        [36m<div[39m
                          [33mstyle[39m=[32m"display: flex; align-items: center; gap: 10px; margin-top: 4px;"[39m
                        [36m>[39m
                          [36m<span[39m
                            [33mclass[39m=[32m"quest-progress-num"[39m
                          [36m>[39m
                            [0m0[0m
                            [0m/[0m
                            [0m1[0m
                            [0m [0m
                            [0mnight[0m
                          [36m</span>[39m
                          [36m<span[39m
                            [33mclass[39m=[32m"quest-reward-pill"[39m
                          [36m>[39m
                            [0mXP [0m
                            [0m150[0m
                          [36m</span>[39m
                        [36m</div>[39m
                      [36m</div>[39m
                      [36m<button[39m
                        [33mclass[39m=[32m"quest-claim-btn glass"[39m
                        [33mstyle[39m=[32m"opacity: 1;"[39m
                        [33mtabindex[39m=[32m"0"[39m
                        [33mtype[39m=[32m"button"[39m
                      [36m>[39m
                        [0mView[0m
                      [36m</button>[39m
                    [36m</div>[39m
                  [36m</div>[39m
                [36m</div>[39m
              [36m</main>[39m
            [36m</div>[39m
          [36m</div>[39m
        [36m</div>[39m
        [36m<nav[39m
          [33maria-label[39m=[32m"Primary Navigation"[39m
          [33mclass[39m=[32m"mobile-bottom-dock"[39m
        [36m>[39m
          [36m<a[39m
            [33mclass[39m=[32m"dock-item "[39m
            [33mhref[39m=[32m"/app"[39m
          [36m>[39m
            [36m<svg[39m
              [33maria-hidden[39m=[32m"true"[39m
              [33mfocusable[39m=[32m"false"[39m
              [33mviewBox[39m=[32m"0 0 24 24"[39m
            [36m>[39m
              [36m<path[39m
                [33md[39m=[32m"M12 2.5a9.5 9.5 0 1 1 0 19 9.5 9.5 0 0 1 0-19Zm3.7 5.8-5.4 2-2 5.4 5.4-2 2-5.4Z"[39m
              [36m/>[39m
            [36m</svg>[39m
            [36m<span>[39m
              [0mMap[0m
            [36m</span>[39m
          [36m</a>[39m
          [36m<a[39m
            [33maria-current[39m=[32m"page"[39m
            [33mclass[39m=[32m"dock-item active"[39m
            [33mhref[39m=[32m"/app/quests"[39m
          [36m>[39m
            [36m<svg[39m
              [33maria-hidden[39m=[32m"true"[39m
              [33mfocusable[39m=[32m"false"[39m
              [33mviewBox[39m=[32m"0 0 24 24"[39m
            [36m>[39m
              [36m<path[39m
                [33md[39m=[32m"M6 3h11a3 3 0 0 1 3 3v1h-3v13H7a4 4 0 0 1-4-4V5a2 2 0 0 1 3-2Zm0 14h8V6H6v11Zm1-8h6v2H7V9Zm0 4h6v2H7v-2Z"[39m
              [36m/>[39m
            [36m</svg>[39m
            [36m<span>[39m
              [0mQuests[0m
            [36m</span>[39m
          [36m</a>[39m
          [36m<div[39m
            [33mclass[39m=[32m"dock-shutter-item"[39m
          [36m>[39m
            [36m<button[39m
              [33maria-label[39m=[32m"Open Camera Capture"[39m
              [33mclass[39m=[32m"dock-shutter-btn"[39m
              [33mtabindex[39m=[32m"0"[39m
              [33mtype[39m=[32m"button"[39m
            [36m>[39m
              [36m<svg[39m
                [33maria-hidden[39m=[32m"true"[39m
                [33mfocusable[39m=[32m"false"[39m
                [33mviewBox[39m=[32m"0 0 24 24"[39m
              [36m>[39m
                [36m<path[39m
                  [33md[39m=[32m"M9 4h6l1.2 2H19a2 2 0 0 1 2 2v10a2 2 0 0 1-2 2H5a2 2 0 0 1-2-2V8a2 2 0 0 1 2-2h2.8L9 4Zm3 5.5a4 4 0 1 0 0 8 4 4 0 0 0 0-8Zm0 2a2 2 0 1 1 0 4 2 2 0 0 1 0-4Z"[39m
                [36m/>[39m
              [36m</svg>[39m
            [36m</button>[39m
          [36m</div>[39m
          [36m<a[39m
            [33mclass[39m=[32m"dock-item "[39m
            [33mhref[39m=[32m"/app/collection"[39m
          [36m>[39m
            [36m<svg[39m
              [33maria-hidden[39m=[32m"true"[39m
              [33mfocusable[39m=[32m"false"[39m
              [33mviewBox[39m=[32m"0 0 24 24"[39m
            [36m>[39m
              [36m<path[39m
                [33md[39m=[32m"M3 5.5C6 4.4 9 4.8 11 6v14c-2-1.2-5-1.6-8-.5v-14Zm18 0c-3-1.1-6-.7-8 .5v14c2-1.2 5-1.6 8-.5v-14Z"[39m
              [36m/>[39m
            [36m</svg>[39m
            [36m<span>[39m
              [0mCollection[0m
            [36m</span>[39m
          [36m</a>[39m
          [36m<a[39m
            [33mclass[39m=[32m"dock-item "[39m
            [33mhref[39m=[32m"/app/community"[39m
          [36m>[39m
            [36m<svg[39m
              [33maria-hidden[39m=[32m"true"[39m
              [33mfocusable[39m=[32m"false"[39m
              [33mviewBox[39m=[32m"0 0 24 24"[39m
            [36m>[39m
              [36m<path[39m
                [33md[39m=[32m"M12 2.7 20 6v5.9c0 4.8-3.2 8.2-8 9.4-4.8-1.2-8-4.6-8-9.4V6l8-3.3Zm0 3L6.5 8v3.9c0 3.4 2 5.7 5.5 6.8 3.5-1.1 5.5-3.4 5.5-6.8V8L12 5.7Z"[39m
              [36m/>[39m
            [36m</svg>[39m
            [36m<span>[39m
              [0mCommunity[0m
            [36m</span>[39m
          [36m</a>[39m
        [36m</nav>[39m
      [36m</div>[39m
      [36m<div[39m
        [33maria-label[39m=[32m"Today's moment"[39m
        [33maria-modal[39m=[32m"true"[39m
        [33mclass[39m=[32m"dawn-moment-overlay"[39m
        [33mrole[39m=[32m"dialog"[39m
        [33mstyle[39m=[32m"opacity: 1;"[39m
      [36m>[39m
        [36m<div[39m
          [33mclass[39m=[32m"dawn-moment-card"[39m
          [33mstyle[39m=[32m"opacity: 1; transform: none;"[39m
        [36m>[39m
          [36m<span[39m
            [33maria-hidden[39m=[32m"true"[39m
            [33mclass[39m=[32m"dawn-moment-mark"[39m
          [36m>[39m
            [0m✦[0m
          [36m</span>[39m
          [36m<p>[39m
            [0mThe quiet hours favor the determined.[0m
          [36m</p>[39m
          [36m<button[39m
            [33mclass[39m=[32m"dawn-moment-continue"[39m
            [33mtype[39m=[32m"button"[39m
          [36m>[39m
            [0mContinue[0m
          [36m</button>[39m
        [36m</div>[39m
      [36m</div>[39m
    [36m</div>[39m
  [36m</div>[39m
[36m</body>[39m

Ignored nodes: comments, script, style
[36m<body>[39m
  [36m<div>[39m
    [36m<div[39m
      [33mclass[39m=[32m"app-shell"[39m
    [36m>[39m
      [36m<div[39m
        [33maria-hidden[39m=[32m"true"[39m
        [33mclass[39m=[32m"world-ambience world-ambience-night"[39m
        [33mstyle[39m=[32m"background: radial-gradient(circle at 50% -10%, rgba(80, 90, 140, 0.08), transparent 65%); opacity: 0.8725878096593078;"[39m
      [36m/>[39m
      [36m<div[39m
        [33mclass[39m=[32m"dev-auth-banner"[39m
        [33mrole[39m=[32m"status"[39m
      [36m>[39m
        [0mDevelopment auth active — this is a local identity, not a real account.[0m
      [36m</div>[39m
      [36m<header[39m
        [33mclass[39m=[32m"topbar"[39m
      [36m>[39m
        [36m<div[39m
          [33mclass[39m=[32m"brand-lockup"[39m
          [33mtabindex[39m=[32m"0"[39m
        [36m>[39m
          [36m<span[39m
            [33maria-hidden[39m=[32m"true"[39m
            [33mclass[39m=[32m"brand-mark"[39m
          [36m>[39m
            [0m🌿[0m
          [36m</span>[39m
          [36m<div>[39m
            [36m<strong>[39m
              [0mWILD REALM[0m
            [36m</strong>[39m
          [36m</div>[39m
        [36m</div>[39m
        [36m<div[39m
          [33mclass[39m=[32m"user-profile-trigger"[39m
        [36m>[39m
          [36m<div[39m
            [33mclass[39m=[32m"quick-stat shell-xp"[39m
          [36m>[39m
            [36m<strong>[39m
              [0m7,250[0m
            [36m</strong>[39m
            [36m<span>[39m
              [0mXP[0m
            [36m</span>[39m
          [36m</div>[39m
          [36m<button[39m
            [33maria-label[39m=[32m"Settings"[39m
            [33mclass[39m=[32m"magnetic-button round-action "[39m
            [33mstyle[39m=[32m"transform: none;"[39m
            [33mtabindex[39m=[32m"0"[39m
            [33mtype[39m=[32m"button"[39m
          [36m>[39m
            [36m<span[39m
              [33mclass[39m=[32m"magnetic-button-content"[39m
            [36m>[39m
              [36m<svg[39m
                [33maria-hidden[39m=[32m"true"[39m
                [33mfocusable[39m=[32m"false"[39m
                [33mviewBox[39m=[32m"0 0 24 24"[39m
              [36m>[39m
                [36m<path[39m
                  [33md[39m=[32m"m10.7 2 2.6 0 .5 2a8 8 0 0 1 1.6.7l1.8-1 1.8 1.8-1 1.8c.3.5.5 1 .7 1.6l2 .5v2.6l-2 .5a8 8 0 0 1-.7 1.6l1 1.8-1.8 1.8-1.8-1a8 8 0 0 1-1.6.7l-.5 2h-2.6l-.5-2a8 8 0 0 1-1.6-.7l-1.8 1L5 15.4l1-1.8a8 8 0 0 1-.7-1.6l-2-.5V9l2-.5A8 8 0 0 1 6 7L5 5.2l1.8-1.8 1.8 1a8 8 0 0 1 1.6-.7l.5-2ZM12 8a3 3 0 1 0 0 6 3 3 0 0 0 0-6Z"[39m
                [36m/>[39m
              [36m</svg>[39m
            [36m</span>[39m
            [36m<span[39m
              [33maria-hidden[39m=[32m"true"[39m
              [33mclass[39m=[32m"magnetic-button-glow"[39m
            [36m/>[39m
          [36m</button>[39m
          [36m<button[39m
            [33maria-label[39m=[32m"Sign out"[39m
            [33mclass[39m=[32m"magnetic-button ghost-action "[39m
            [33mstyle[39m=[32m"transform: none;"[39m
            [33mtabindex[39m=[32m"0"[39m
            [33mtype[39m=[32m"button"[39m
          [36m>[39m
            [36m<span[39m
              [33mclass[39m=[32m"magnetic-button-content"[39m
            [36m>[39m
              [0mSign out[0m
            [36m</span>[39m
            [36m<span[39m
              [33maria-hidden[39m=[32m"true"[39m
              [33mclass[39m=[32m"magnetic-button-glow"[39m
            [36m/>[39m
          [36m</button>[39m
        [36m</div>[39m
      [36m</header>[39m
      [36m<div[39m
        [33mclass[39m=[32m"mobile-content-area "[39m
      [36m>[39m
        [36m<div[39m
          [33mclass[39m=[32m"ptr-container"[39m
          [33mstyle[39m=[32m"overflow-y: auto; height: 100%;"[39m
        [36m>[39m
          [36m<div[39m
            [33mclass[39m=[32m"ptr-indicator"[39m
          [36m>[39m
            [36m<div[39m
              [33mstyle[39m=[32m"transform: none;"[39m
            [36m>[39m
              [36m<svg[39m
                [33maria-hidden[39m=[32m"true"[39m
                [33mfocusable[39m=[32m"false"[39m
                [33mviewBox[39m=[32m"0 0 24 24"[39m
              [36m/>[39m
            [36m</div>[39m
          [36m</div>[39m
          [36m<div[39m
            [33mstyle[39m=[32m"min-height: 100%; transform: none;"[39m
          [36m>[39m
            [36m<div[39m
              [33mclass[39m=[32m"journal-page-transition route-stage"[39m
              [33mstyle[39m=[32m"width: 100%; opacity: 1; filter: blur(0px); transform: none;"[39m
            [36m>[39m
              [36m<main[39m
                [33mclass[39m=[32m"quests-shell"[39m
              [36m>[39m
                [36m<h1[39m
                  [33mclass[39m=[32m"sr-only"[39m
                [36m>[39m
                  [0mQuests[0m
                [36m</h1>[39m
                [36m<div[39m
                  [33mclass[39m=[32m"quest-user-topbar"[39m
                [36m>[39m
                  [36m<div[39m
                    [33mstyle[39m=[32m"display: flex; align-items: center; gap: 10px;"[39m
                  [36m>[39m
                    [36m<div[39m
                      [33mclass[39m=[32m"quest-user-avatar"[39m
                    [36m>[39m
                      [36m<img[39m
                        [33malt[39m=[32m"User Avatar"[39m
                        [33msrc[39m=[32m"/assets/african-grey-parrot.png"[39m
                      [36m/>[39m
                    [36m</div>[39m
                    [36m<div>[39m
                      [36m<h3[39m
                        [33mstyle[39m=[32m"font-size: 0.95rem; margin: 0px; font-weight: 800;"[39m
                      [36m>[39m
                        [0mGuest Wayfarer[0m
                      [36m</h3>[39m
                      [36m<small[39m
                        [33mstyle[39m=[32m"color: var(--wild-emerald); font-size: 0.72rem; font-weight: 700;"[39m
                      [36m>[39m
                        [0mGold[0m
                        [0m [0m
                        [0m14[0m
                        [0m • [0m
                        [0m250[0m
                        [0m / [0m
                        [0m500[0m
                        [0m XP[0m
                      [36m</small>[39m
                    [36m</div>[39m
                  [36m</div>[39m
                  [36m<div[39m
                    [33mclass[39m=[32m"quest-coin-badge"[39m
                  [36m>[39m
                    [0m🪙 [0m
                    [36m<span>[39m
                      [0m1,450[0m
                    [36m</span>[39m
                  [36m</div>[39m
                [36m</div>[39m
                [36m<div[39m
                  [33mclass[39m=[32m"quest-cadence-tabs"[39m
                  [33mstyle[39m=[32m"position: relative;"[39m
                [36m>[39m
                  [36m<button[39m
                    [33mclass[39m=[32m"quest-cadence-btn active"[39m
                    [33mstyle[39m=[32m"position: relative; z-index: 1;"[39m
                    [33mtabindex[39m=[32m"0"[39m
                    [33mtype[39m=[32m"button"[39m
                  [36m>[39m
                    [36m<div[39m
                      [33mstyle[39m=[32m"position: absolute; inset: 0; background: var(--quest-surface); z-index: -1; border: 1px solid rgba(255, 255, 255, 0.06); border-radius: 8px; opacity: 1;"[39m
                    [36m/>[39m
                    [36m<span[39m
                      [33mstyle[39m=[32m"position: relative; z-index: 2;"[39m
                    [36m>[39m
                      [0mDAILY[0m
                    [36m</span>[39m
                  [36m</button>[39m
                  [36m<button[39m
                    [33mclass[39m=[32m"quest-cadence-btn "[39m
                    [33mstyle[39m=[32m"position: relative; z-index: 1;"[39m
                    [33mtabindex[39m=[32m"0"[39m
                    [33mtype[39m=[32m"button"[39m
                  [36m>[39m
                    [36m<span[39m
                      [33mstyle[39m=[32m"position: relative; z-index: 2;"[39m
                    [36m>[39m
                      [0mWEEKLY[0m
                    [36m</span>[39m
                  [36m</button>[39m
                  [36m<button[39m
                    [33mclass[39m=[32m"quest-cadence-btn "[39m
                    [33mstyle[39m=[32m"position: relative; z-index: 1;"[39m
                    [33mtabindex[39m=[32m"0"[39m
                    [33mtype[39m=[32m"button"[39m
                  [36m>[39m
                    [36m<span[39m
                      [33mstyle[39m=[32m"position: relative; z-index: 2;"[39m
                    [36m>[39m
                      [0mMONTHLY[0m
                    [36m</span>[39m
                  [36m</button>[39m
                [36m</div>[39m
                [36m<div[39m
                  [33mclass[39m=[32m"quests-card-list"[39m
                [36m>[39m
                  [36m<div[39m
                    [33mclass[39m=[32m"quest-item-card completed"[39m
                  [36m>[39m
                    [36m<div[39m
                      [33mstyle[39m=[32m"display: flex; align-items: center; gap: 12px;"[39m
                    [36m>[39m
                      [36m<span[39m
                        [33mclass[39m=[32m"quest-item-emoji"[39m
                      [36m>[39m
                        [0m📜[0m
                      [36m</span>[39m
                      [36m<div[39m
                        [33mstyle[39m=[32m"flex: 1 1 0%;"[39m
                      [36m>[39m
                        [36m<h4[39m
                          [33mclass[39m=[32m"quest-item-title"[39m
                        [36m>[39m
                          [0mMorning Sanctuary[0m
                        [36m</h4>[39m
                        [36m<div[39m
                          [33mstyle[39m=[32m"display: flex; align-items: center; gap: 10px; margin-top: 4px;"[39m
                        [36m>[39m
                          [36m<span[39m
                            [33mclass[39m=[32m"quest-progress-num"[39m
                          [36m>[39m
                            [0m1[0m
                            [0m/[0m
                            [0m1[0m
                            [0m [0m
                            [0msession[0m
                          [36m</span>[39m
                          [36m<span[39m
                            [33mclass[39m=[32m"quest-reward-pill"[39m
                          [36m>[39m
                            [0mXP [0m
                            [0m120[0m
                          [36m</span>[39m
                        [36m</div>[39m
                      [36m</div>[39m
                      [36m<div[39m
                        [33mclass[39m=[32m"quest-claim-btn"[39m
                        [33mstyle[39m=[32m"display: flex; align-items: center; justify-content: center; background: transparent; border: 1px solid var(--quest-gold-dim); color: var(--quest-gold-bright); opacity: 1; transform: none;"[39m
                      [36m>[39m
                        [0m✔[0m
                      [36m</div>[39m
                    [36m</div>[39m
                  [36m</div>[39m
                  [36m<div[39m
                    [33mclass[39m=[32m"quest-item-card "[39m
                  [36m>[39m
                    [36m<div[39m
                      [33mstyle[39m=[32m"display: flex; align-items: center; gap: 12px;"[39m
                    [36m>[39m
                      [36m<span[39m
                        [33mclass[39m=[32m"quest-item-emoji"[39m
                      [36m>[39m
                        [0m📜[0m
                      [36m</span>[39m
                      [36m<div[39m
                        [33mstyle[39m=[32m"flex: 1 1 0%;"[39m
                      [36m>[39m
                        [36m<h4[39m
                          [33mclass[39m=[32m"quest-item-title"[39m
                        [36m>[39m
                          [0mHydration Ritual[0m
                        [36m</h4>[39m
                        [36m<div[39m
                          [33mstyle[39m=[32m"display: flex; align-items: center; gap: 10px; margin-top: 4px;"[39m
                        [36m>[39m
                          [36m<span[39m
                            [33mclass[39m=[32m"quest-progress-num"[39m
                          [36m>[39m
                            [0m3[0m
                            [0m/[0m
                            [0m4[0m
                            [0m [0m
                            [0mglasses[0m
                          [36m</span>[39m
                          [36m<span[39m
                            [33mclass[39m=[32m"quest-reward-pill"[39m
                          [36m>[39m
                            [0mXP [0m
                            [0m80[0m
                          [36m</span>[39m
                        [36m</div>[39m
                      [36m</div>[39m
                      [36m<button[39m
                        [33mclass[39m=[32m"quest-claim-btn glass"[39m
                        [33mstyle[39m=[32m"opacity: 1;"[39m
                        [33mtabindex[39m=[32m"0"[39m
                        [33mtype[39m=[32m"button"[39m
                      [36m>[39m
                        [0mView[0m
                      [36m</button>[39m
                    [36m</div>[39m
                  [36m</div>[39m
                  [36m<div[39m
                    [33mclass[39m=[32m"quest-item-card "[39m
                  [36m>[39m
                    [36m<div[39m
                      [33mstyle[39m=[32m"display: flex; align-items: center; gap: 12px;"[39m
                    [36m>[39m
                      [36m<span[39m
                        [33mclass[39m=[32m"quest-item-emoji"[39m
                      [36m>[39m
                        [0m📜[0m
                      [36m</span>[39m
                      [36m<div[39m
                        [33mstyle[39m=[32m"flex: 1 1 0%;"[39m
                      [36m>[39m
                        [36m<h4[39m
                          [33mclass[39m=[32m"quest-item-title"[39m
                        [36m>[39m
                          [0mDigital Sunset[0m
                        [36m</h4>[39m
                        [36m<div[39m
                          [33mstyle[39m=[32m"display: flex; align-items: center; gap: 10px; margin-top: 4px;"[39m
                        [36m>[39m
                          [36m<span[39m
                            [33mclass[39m=[32m"quest-progress-num"[39m
                          [36m>[39m
                            [0m0[0m
                            [0m/[0m
                            [0m1[0m
                            [0m [0m
                            [0mnight[0m
                          [36m</span>[39m
                          [36m<span[39m
                            [33mclass[39m=[32m"quest-reward-pill"[39m
                          [36m>[39m
                            [0mXP [0m
                            [0m150[0m
                          [36m</span>[39m
                        [36m</div>[39m
                      [36m</div>[39m
                      [36m<button[39m
                        [33mclass[39m=[32m"quest-claim-btn glass"[39m
                        [33mstyle[39m=[32m"opacity: 1;"[39m
                        [33mtabindex[39m=[32m"0"[39m
                        [33mtype[39m=[32m"button"[39m
                      [36m>[39m
                        [0mView[0m
                      [36m</button>[39m
                    [36m</div>[39m
                  [36m</div>[39m
                [36m</div>[39m
              [36m</main>[39m
            [36m</div>[39m
          [36m</div>[39m
        [36m</div>[39m
        [36m<nav[39m
          [33maria-label[39m=[32m"Primary Navigation"[39m
          [33mclass[39m=[32m"mobile-bottom-dock"[39m
        [36m>[39m
          [36m<a[39m
            [33mclass[39m=[32m"dock-item "[39m
            [33mhref[39m=[32m"/app"[39m
          [36m>[39m
            [36m<svg[39m
              [33maria-hidden[39m=[32m"true"[39m
              [33mfocusable[39m=[32m"false"[39m
              [33mviewBox[39m=[32m"0 0 24 24"[39m
            [36m>[39m
              [36m<path[39m
                [33md[39m=[32m"M12 2.5a9.5 9.5 0 1 1 0 19 9.5 9.5 0 0 1 0-19Zm3.7 5.8-5.4 2-2 5.4 5.4-2 2-5.4Z"[39m
              [36m/>[39m
            [36m</svg>[39m
            [36m<span>[39m
              [0mMap[0m
            [36m</span>[39m
          [36m</a>[39m
          [36m<a[39m
            [33maria-current[39m=[32m"page"[39m
            [33mclass[39m=[32m"dock-item active"[39m
            [33mhref[39m=[32m"/app/quests"[39m
          [36m>[39m
            [36m<svg[39m
              [33maria-hidden[39m=[32m"true"[39m
              [33mfocusable[39m=[32m"false"[39m
              [33mviewBox[39m=[32m"0 0 24 24"[39m
            [36m>[39m
              [36m<path[39m
                [33md[39m=[32m"M6 3h11a3 3 0 0 1 3 3v1h-3v13H7a4 4 0 0 1-4-4V5a2 2 0 0 1 3-2Zm0 14h8V6H6v11Zm1-8h6v2H7V9Zm0 4h6v2H7v-2Z"[39m
              [36m/>[39m
            [36m</svg>[39m
            [36m<span>[39m
              [0mQuests[0m
            [36m</span>[39m
          [36m</a>[39m
          [36m<div[39m
            [33mclass[39m=[32m"dock-shutter-item"[39m
          [36m>[39m
            [36m<button[39m
              [33maria-label[39m=[32m"Open Camera Capture"[39m
              [33mclass[39m=[32m"dock-shutter-btn"[39m
              [33mtabindex[39m=[32m"0"[39m
              [33mtype[39m=[32m"button"[39m
            [36m>[39m
              [36m<svg[39m
                [33maria-hidden[39m=[32m"true"[39m
                [33mfocusable[39m=[32m"false"[39m
                [33mviewBox[39m=[32m"0 0 24 24"[39m
              [36m>[39m
                [36m<path[39m
                  [33md[39m=[32m"M9 4h6l1.2 2H19a2 2 0 0 1 2 2v10a2 2 0 0 1-2 2H5a2 2 0 0 1-2-2V8a2 2 0 0 1 2-2h2.8L9 4Zm3 5.5a4 4 0 1 0 0 8 4 4 0 0 0 0-8Zm0 2a2 2 0 1 1 0 4 2 2 0 0 1 0-4Z"[39m
                [36m/>[39m
              [36m</svg>[39m
            [36m</button>[39m
          [36m</div>[39m
          [36m<a[39m
            [33mclass[39m=[32m"dock-item "[39m
            [33mhref[39m=[32m"/app/collection"[39m
          [36m>[39m
            [36m<svg[39m
              [33maria-hidden[39m=[32m"true"[39m
              [33mfocusable[39m=[32m"false"[39m
              [33mviewBox[39m=[32m"0 0 24 24"[39m
            [36m>[39m
              [36m<path[39m
                [33md[39m=[32m"M3 5.5C6 4.4 9 4.8 11 6v14c-2-1.2-5-1.6-8-.5v-14Zm18 0c-3-1.1-6-.7-8 .5v14c2-1.2 5-1.6 8-.5v-14Z"[39m
              [36m/>[39m
            [36m</svg>[39m
            [36m<span>[39m
              [0mCollection[0m
            [36m</span>[39m
          [36m</a>[39m
          [36m<a[39m
            [33mclass[39m=[32m"dock-item "[39m
            [33mhref[39m=[32m"/app/community"[39m
          [36m>[39m
            [36m<svg[39m
              [33maria-hidden[39m=[32m"true"[39m
              [33mfocusable[39m=[32m"false"[39m
              [33mviewBox[39m=[32m"0 0 24 24"[39m
            [36m>[39m
              [36m<path[39m
                [33md[39m=[32m"M12 2.7 20 6v5.9c0 4.8-3.2 8.2-8 9.4-4.8-1.2-8-4.6-8-9.4V6l8-3.3Zm0 3L6.5 8v3.9c0 3.4 2 5.7 5.5 6.8 3.5-1.1 5.5-3.4 5.5-6.8V8L12 5.7Z"[39m
              [36m/>[39m
            [36m</svg>[39m
            [36m<span>[39m
              [0mCommunity[0m
            [36m</span>[39m
          [36m</a>[39m
        [36m</nav>[39m
      [36m</div>[39m
      [36m<div[39m
        [33maria-label[39m=[32m"Today's moment"[39m
        [33maria-modal[39m=[32m"true"[39m
        [33mclass[39m=[32m"dawn-moment-overlay"[39m
        [33mrole[39m=[32m"dialog"[39m
        [33mstyle[39m=[32m"opacity: 1;"[39m
      [36m>[39m
        [36m<div[39m
          [33mclass[39m=[32m"dawn-moment-card"[39m
          [33mstyle[39m=[32m"opacity: 1; transform: none;"[39m
        [36m>[39m
          [36m<span[39m
            [33maria-hidden[39m=[32m"true"[39m
            [33mclass[39m=[32m"dawn-moment-mark"[39m
          [36m>[39m
            [0m✦[0m
          [36m</span>[39m
          [36m<p>[39m
            [0mThe quiet hours favor the determined.[0m
          [36m</p>[39m
          [36m<button[39m
            [33mclass[39m=[32m"dawn-moment-continue"[39m
            [33mtype[39m=[32m"button"[39m
          [36m>[39m
            [0mContinue[0m
          [36m</button>[39m
        [36m</div>[39m
      [36m</div>[39m
    [36m</div>[39m
  [36m</div>[39m
[36m</body>[39m
   × App (development auth mode) > submits quest completion through the backend before showing completion feedback 1010ms
     → Unable to find an element with the text: /morning mindfulness/i. This could be because the text is broken up by multiple elements. In this case, you can provide a function for your text matcher to make your matcher more flexible.

Ignored nodes: comments, script, style
[36m<body>[39m
  [36m<div>[39m
    [36m<div[39m
      [33mclass[39m=[32m"app-shell"[39m
    [36m>[39m
      [36m<div[39m
        [33maria-hidden[39m=[32m"true"[39m
        [33mclass[39m=[32m"world-ambience world-ambience-night"[39m
        [33mstyle[39m=[32m"background: radial-gradient(circle at 50% -10%, rgba(80, 90, 140, 0.08), transparent 65%); opacity: 0.6894171745225322;"[39m
      [36m/>[39m
      [36m<div[39m
        [33mclass[39m=[32m"dev-auth-banner"[39m
        [33mrole[39m=[32m"status"[39m
      [36m>[39m
        [0mDevelopment auth active — this is a local identity, not a real account.[0m
      [36m</div>[39m
      [36m<header[39m
        [33mclass[39m=[32m"topbar"[39m
      [36m>[39m
        [36m<div[39m
          [33mclass[39m=[32m"brand-lockup"[39m
          [33mtabindex[39m=[32m"0"[39m
        [36m>[39m
          [36m<span[39m
            [33maria-hidden[39m=[32m"true"[39m
            [33mclass[39m=[32m"brand-mark"[39m
          [36m>[39m
            [0m🌿[0m
          [36m</span>[39m
          [36m<div>[39m
            [36m<strong>[39m
              [0mWILD REALM[0m
            [36m</strong>[39m
          [36m</div>[39m
        [36m</div>[39m
        [36m<div[39m
          [33mclass[39m=[32m"user-profile-trigger"[39m
        [36m>[39m
          [36m<div[39m
            [33mclass[39m=[32m"quick-stat shell-xp"[39m
          [36m>[39m
            [36m<strong>[39m
              [0m7,250[0m
            [36m</strong>[39m
            [36m<span>[39m
              [0mXP[0m
            [36m</span>[39m
          [36m</div>[39m
          [36m<button[39m
            [33maria-label[39m=[32m"Settings"[39m
            [33mclass[39m=[32m"magnetic-button round-action "[39m
            [33mstyle[39m=[32m"transform: none;"[39m
            [33mtabindex[39m=[32m"0"[39m
            [33mtype[39m=[32m"button"[39m
          [36m>[39m
            [36m<span[39m
              [33mclass[39m=[32m"magnetic-button-content"[39m
            [36m>[39m
              [36m<svg[39m
                [33maria-hidden[39m=[32m"true"[39m
                [33mfocusable[39m=[32m"false"[39m
                [33mviewBox[39m=[32m"0 0 24 24"[39m
              [36m>[39m
                [36m<path[39m
                  [33md[39m=[32m"m10.7 2 2.6 0 .5 2a8 8 0 0 1 1.6.7l1.8-1 1.8 1.8-1 1.8c.3.5.5 1 .7 1.6l2 .5v2.6l-2 .5a8 8 0 0 1-.7 1.6l1 1.8-1.8 1.8-1.8-1a8 8 0 0 1-1.6.7l-.5 2h-2.6l-.5-2a8 8 0 0 1-1.6-.7l-1.8 1L5 15.4l1-1.8a8 8 0 0 1-.7-1.6l-2-.5V9l2-.5A8 8 0 0 1 6 7L5 5.2l1.8-1.8 1.8 1a8 8 0 0 1 1.6-.7l.5-2ZM12 8a3 3 0 1 0 0 6 3 3 0 0 0 0-6Z"[39m
                [36m/>[39m
              [36m</svg>[39m
            [36m</span>[39m
            [36m<span[39m
              [33maria-hidden[39m=[32m"true"[39m
              [33mclass[39m=[32m"magnetic-button-glow"[39m
            [36m/>[39m
          [36m</button>[39m
          [36m<button[39m
            [33maria-label[39m=[32m"Sign out"[39m
            [33mclass[39m=[32m"magnetic-button ghost-action "[39m
            [33mstyle[39m=[32m"transform: none;"[39m
            [33mtabindex[39m=[32m"0"[39m
            [33mtype[39m=[32m"button"[39m
          [36m>[39m
            [36m<span[39m
              [33mclass[39m=[32m"magnetic-button-content"[39m
            [36m>[39m
              [0mSign out[0m
            [36m</span>[39m
            [36m<span[39m
              [33maria-hidden[39m=[32m"true"[39m
              [33mclass[39m=[32m"magnetic-button-glow"[39m
            [36m/>[39m
          [36m</button>[39m
        [36m</div>[39m
      [36m</header>[39m
      [36m<div[39m
        [33mclass[39m=[32m"mobile-content-area "[39m
      [36m>[39m
        [36m<div[39m
          [33mclass[39m=[32m"ptr-container"[39m
          [33mstyle[39m=[32m"overflow-y: auto; height: 100%;"[39m
        [36m>[39m
          [36m<div[39m
            [33mclass[39m=[32m"ptr-indicator"[39m
          [36m>[39m
            [36m<div[39m
              [33mstyle[39m=[32m"transform: none;"[39m
            [36m>[39m
              [36m<svg[39m
                [33maria-hidden[39m=[32m"true"[39m
                [33mfocusable[39m=[32m"false"[39m
                [33mviewBox[39m=[32m"0 0 24 24"[39m
              [36m/>[39m
            [36m</div>[39m
          [36m</div>[39m
          [36m<div[39m
            [33mstyle[39m=[32m"min-height: 100%; transform: none;"[39m
          [36m>[39m
            [36m<div[39m
              [33mclass[39m=[32m"journal-page-transition route-stage"[39m
              [33mstyle[39m=[32m"width: 100%; opacity: 1; filter: blur(0px); transform: none;"[39m
            [36m>[39m
              [36m<main[39m
                [33mclass[39m=[32m"quests-shell"[39m
              [36m>[39m
                [36m<h1[39m
                  [33mclass[39m=[32m"sr-only"[39m
                [36m>[39m
                  [0mQuests[0m
                [36m</h1>[39m
                [36m<div[39m
                  [33mclass[39m=[32m"quest-user-topbar"[39m
                [36m>[39m
                  [36m<div[39m
                    [33mstyle[39m=[32m"display: flex; align-items: center; gap: 10px;"[39m
                  [36m>[39m
                    [36m<div[39m
                      [33mclass[39m=[32m"quest-user-avatar"[39m
                    [36m>[39m
                      [36m<img[39m
                        [33malt[39m=[32m"User Avatar"[39m
                        [33msrc[39m=[32m"/assets/african-grey-parrot.png"[39m
                      [36m/>[39m
                    [36m</div>[39m
                    [36m<div>[39m
                      [36m<h3[39m
                        [33mstyle[39m=[32m"font-size: 0.95rem; margin: 0px; font-weight: 800;"[39m
                      [36m>[39m
                        [0mGuest Wayfarer[0m
                      [36m</h3>[39m
                      [36m<small[39m
                        [33mstyle[39m=[32m"color: var(--wild-emerald); font-size: 0.72rem; font-weight: 700;"[39m
                      [36m>[39m
                        [0mGold[0m
                        [0m [0m
                        [0m14[0m
                        [0m • [0m
                        [0m250[0m
                        [0m / [0m
                        [0m500[0m
                        [0m XP[0m
                      [36m</small>[39m
                    [36m</div>[39m
                  [36m</div>[39m
                  [36m<div[39m
                    [33mclass[39m=[32m"quest-coin-badge"[39m
                  [36m>[39m
                    [0m🪙 [0m
                    [36m<span>[39m
                      [0m1,450[0m
                    [36m</span>[39m
                  [36m</div>[39m
                [36m</div>[39m
                [36m<div[39m
                  [33mclass[39m=[32m"quest-cadence-tabs"[39m
                  [33mstyle[39m=[32m"position: relative;"[39m
                [36m>[39m
                  [36m<button[39m
                    [33mclass[39m=[32m"quest-cadence-btn active"[39m
                    [33mstyle[39m=[32m"position: relative; z-index: 1;"[39m
                    [33mtabindex[39m=[32m"0"[39m
                    [33mtype[39m=[32m"button"[39m
                  [36m>[39m
                    [36m<div[39m
                      [33mstyle[39m=[32m"position: absolute; inset: 0; background: var(--quest-surface); z-index: -1; border: 1px solid rgba(255, 255, 255, 0.06); border-radius: 8px; opacity: 1;"[39m
                    [36m/>[39m
                    [36m<span[39m
                      [33mstyle[39m=[32m"position: relative; z-index: 2;"[39m
                    [36m>[39m
                      [0mDAILY[0m
                    [36m</span>[39m
                  [36m</button>[39m
                  [36m<button[39m
                    [33mclass[39m=[32m"quest-cadence-btn "[39m
                    [33mstyle[39m=[32m"position: relative; z-index: 1;"[39m
                    [33mtabindex[39m=[32m"0"[39m
                    [33mtype[39m=[32m"button"[39m
                  [36m>[39m
                    [36m<span[39m
                      [33mstyle[39m=[32m"position: relative; z-index: 2;"[39m
                    [36m>[39m
                      [0mWEEKLY[0m
                    [36m</span>[39m
                  [36m</button>[39m
                  [36m<button[39m
                    [33mclass[39m=[32m"quest-cadence-btn "[39m
                    [33mstyle[39m=[32m"position: relative; z-index: 1;"[39m
                    [33mtabindex[39m=[32m"0"[39m
                    [33mtype[39m=[32m"button"[39m
                  [36m>[39m
                    [36m<span[39m
                      [33mstyle[39m=[32m"position: relative; z-index: 2;"[39m
                    [36m>[39m
                      [0mMONTHLY[0m
                    [36m</span>[39m
                  [36m</button>[39m
                [36m</div>[39m
                [36m<div[39m
                  [33mclass[39m=[32m"quests-card-list"[39m
                [36m>[39m
                  [36m<div[39m
                    [33mclass[39m=[32m"quest-item-card completed"[39m
                  [36m>[39m
                    [36m<div[39m
                      [33mstyle[39m=[32m"display: flex; align-items: center; gap: 12px;"[39m
                    [36m>[39m
                      [36m<span[39m
                        [33mclass[39m=[32m"quest-item-emoji"[39m
                      [36m>[39m
                        [0m📜[0m
                      [36m</span>[39m
                      [36m<div[39m
                        [33mstyle[39m=[32m"flex: 1 1 0%;"[39m
                      [36m>[39m
                        [36m<h4[39m
                          [33mclass[39m=[32m"quest-item-title"[39m
                        [36m>[39m
                          [0mMorning Sanctuary[0m
                        [36m</h4>[39m
                        [36m<div[39m
                          [33mstyle[39m=[32m"display: flex; align-items: center; gap: 10px; margin-top: 4px;"[39m
                        [36m>[39m
                          [36m<span[39m
                            [33mclass[39m=[32m"quest-progress-num"[39m
                          [36m>[39m
                            [0m1[0m
                            [0m/[0m
                            [0m1[0m
                            [0m [0m
                            [0msession[0m
                          [36m</span>[39m
                          [36m<span[39m
                            [33mclass[39m=[32m"quest-reward-pill"[39m
                          [36m>[39m
                            [0mXP [0m
                            [0m120[0m
                          [36m</span>[39m
                        [36m</div>[39m
                      [36m</div>[39m
                      [36m<div[39m
                        [33mclass[39m=[32m"quest-claim-btn"[39m
                        [33mstyle[39m=[32m"display: flex; align-items: center; justify-content: center; background: transparent; border: 1px solid var(--quest-gold-dim); color: var(--quest-gold-bright); opacity: 1; transform: scale(1.0040139884636674);"[39m
                      [36m>[39m
                        [0m✔[0m
                      [36m</div>[39m
                    [36m</div>[39m
                  [36m</div>[39m
                  [36m<div[39m
                    [33mclass[39m=[32m"quest-item-card "[39m
                  [36m>[39m
                    [36m<div[39m
                      [33mstyle[39m=[32m"display: flex; align-items: center; gap: 12px;"[39m
                    [36m>[39m
                      [36m<span[39m
                        [33mclass[39m=[32m"quest-item-emoji"[39m
                      [36m>[39m
                        [0m📜[0m
                      [36m</span>[39m
                      [36m<div[39m
                        [33mstyle[39m=[32m"flex: 1 1 0%;"[39m
                      [36m>[39m
                        [36m<h4[39m
                          [33mclass[39m=[32m"quest-item-title"[39m
                        [36m>[39m
                          [0mHydration Ritual[0m
                        [36m</h4>[39m
                        [36m<div[39m
                          [33mstyle[39m=[32m"display: flex; align-items: center; gap: 10px; margin-top: 4px;"[39m
                        [36m>[39m
                          [36m<span[39m
                            [33mclass[39m=[32m"quest-progress-num"[39m
                          [36m>[39m
                            [0m3[0m
                            [0m/[0m
                            [0m4[0m
                            [0m [0m
                            [0mglasses[0m
                          [36m</span>[39m
                          [36m<span[39m
                            [33mclass[39m=[32m"quest-reward-pill"[39m
                          [36m>[39m
                            [0mXP [0m
                            [0m80[0m
                          [36m</span>[39m
                        [36m</div>[39m
                      [36m</div>[39m
                      [36m<button[39m
                        [33mclass[39m=[32m"quest-claim-btn glass"[39m
                        [33mstyle[39m=[32m"opacity: 1;"[39m
                        [33mtabindex[39m=[32m"0"[39m
                        [33mtype[39m=[32m"button"[39m
                      [36m>[39m
                        [0mView[0m
                      [36m</button>[39m
                    [36m</div>[39m
                  [36m</div>[39m
                  [36m<div[39m
                    [33mclass[39m=[32m"quest-item-card "[39m
                  [36m>[39m
                    [36m<div[39m
                      [33mstyle[39m=[32m"display: flex; align-items: center; gap: 12px;"[39m
                    [36m>[39m
                      [36m<span[39m
                        [33mclass[39m=[32m"quest-item-emoji"[39m
                      [36m>[39m
                        [0m📜[0m
                      [36m</span>[39m
                      [36m<div[39m
                        [33mstyle[39m=[32m"flex: 1 1 0%;"[39m
                      [36m>[39m
                        [36m<h4[39m
                          [33mclass[39m=[32m"quest-item-title"[39m
                        [36m>[39m
                          [0mDigital Sunset[0m
                        [36m</h4>[39m
                        [36m<div[39m
                          [33mstyle[39m=[32m"display: flex; align-items: center; gap: 10px; margin-top: 4px;"[39m
                        [36m>[39m
                          [36m<span[39m
                            [33mclass[39m=[32m"quest-progress-num"[39m
                          [36m>[39m
                            [0m0[0m
                            [0m/[0m
                            [0m1[0m
                            [0m [0m
                            [0mnight[0m
                          [36m</span>[39m
                          [36m<span[39m
                            [33mclass[39m=[32m"quest-reward-pill"[39m
                          [36m>[39m
                            [0mXP [0m
                            [0m150[0m
                          [36m</span>[39m
                        [36m</div>[39m
                      [36m</div>[39m
                      [36m<button[39m
                        [33mclass[39m=[32m"quest-claim-btn glass"[39m
                        [33mstyle[39m=[32m"opacity: 1;"[39m
                        [33mtabindex[39m=[32m"0"[39m
                        [33mtype[39m=[32m"button"[39m
                      [36m>[39m
                        [0mView[0m
                      [36m</button>[39m
                    [36m</div>[39m
                  [36m</div>[39m
                [36m</div>[39m
              [36m</main>[39m
            [36m</div>[39m
          [36m</div>[39m
        [36m</div>[39m
        [36m<nav[39m
          [33maria-label[39m=[32m"Primary Navigation"[39m
          [33mclass[39m=[32m"mobile-bottom-dock"[39m
        [36m>[39m
          [36m<a[39m
            [33mclass[39m=[32m"dock-item "[39m
            [33mhref[39m=[32m"/app"[39m
          [36m>[39m
            [36m<svg[39m
              [33maria-hidden[39m=[32m"true"[39m
              [33mfocusable[39m=[32m"false"[39m
              [33mviewBox[39m=[32m"0 0 24 24"[39m
            [36m>[39m
              [36m<path[39m
                [33md[39m=[32m"M12 2.5a9.5 9.5 0 1 1 0 19 9.5 9.5 0 0 1 0-19Zm3.7 5.8-5.4 2-2 5.4 5.4-2 2-5.4Z"[39m
              [36m/>[39m
            [36m</svg>[39m
            [36m<span>[39m
              [0mMap[0m
            [36m</span>[39m
          [36m</a>[39m
          [36m<a[39m
            [33maria-current[39m=[32m"page"[39m
            [33mclass[39m=[32m"dock-item active"[39m
            [33mhref[39m=[32m"/app/quests"[39m
          [36m>[39m
            [36m<svg[39m
              [33maria-hidden[39m=[32m"true"[39m
              [33mfocusable[39m=[32m"false"[39m
              [33mviewBox[39m=[32m"0 0 24 24"[39m
            [36m>[39m
              [36m<path[39m
                [33md[39m=[32m"M6 3h11a3 3 0 0 1 3 3v1h-3v13H7a4 4 0 0 1-4-4V5a2 2 0 0 1 3-2Zm0 14h8V6H6v11Zm1-8h6v2H7V9Zm0 4h6v2H7v-2Z"[39m
              [36m/>[39m
            [36m</svg>[39m
            [36m<span>[39m
              [0mQuests[0m
            [36m</span>[39m
          [36m</a>[39m
          [36m<div[39m
            [33mclass[39m=[32m"dock-shutter-item"[39m
          [36m>[39m
            [36m<button[39m
              [33maria-label[39m=[32m"Open Camera Capture"[39m
              [33mclass[39m=[32m"dock-shutter-btn"[39m
              [33mtabindex[39m=[32m"0"[39m
              [33mtype[39m=[32m"button"[39m
            [36m>[39m
              [36m<svg[39m
                [33maria-hidden[39m=[32m"true"[39m
                [33mfocusable[39m=[32m"false"[39m
                [33mviewBox[39m=[32m"0 0 24 24"[39m
              [36m>[39m
                [36m<path[39m
                  [33md[39m=[32m"M9 4h6l1.2 2H19a2 2 0 0 1 2 2v10a2 2 0 0 1-2 2H5a2 2 0 0 1-2-2V8a2 2 0 0 1 2-2h2.8L9 4Zm3 5.5a4 4 0 1 0 0 8 4 4 0 0 0 0-8Zm0 2a2 2 0 1 1 0 4 2 2 0 0 1 0-4Z"[39m
                [36m/>[39m
              [36m</svg>[39m
            [36m</button>[39m
          [36m</div>[39m
          [36m<a[39m
            [33mclass[39m=[32m"dock-item "[39m
            [33mhref[39m=[32m"/app/collection"[39m
          [36m>[39m
            [36m<svg[39m
              [33maria-hidden[39m=[32m"true"[39m
              [33mfocusable[39m=[32m"false"[39m
              [33mviewBox[39m=[32m"0 0 24 24"[39m
            [36m>[39m
              [36m<path[39m
                [33md[39m=[32m"M3 5.5C6 4.4 9 4.8 11 6v14c-2-1.2-5-1.6-8-.5v-14Zm18 0c-3-1.1-6-.7-8 .5v14c2-1.2 5-1.6 8-.5v-14Z"[39m
              [36m/>[39m
            [36m</svg>[39m
            [36m<span>[39m
              [0mCollection[0m
            [36m</span>[39m
          [36m</a>[39m
          [36m<a[39m
            [33mclass[39m=[32m"dock-item "[39m
            [33mhref[39m=[32m"/app/community"[39m
          [36m>[39m
            [36m<svg[39m
              [33maria-hidden[39m=[32m"true"[39m
              [33mfocusable[39m=[32m"false"[39m
              [33mviewBox[39m=[32m"0 0 24 24"[39m
            [36m>[39m
              [36m<path[39m
                [33md[39m=[32m"M12 2.7 20 6v5.9c0 4.8-3.2 8.2-8 9.4-4.8-1.2-8-4.6-8-9.4V6l8-3.3Zm0 3L6.5 8v3.9c0 3.4 2 5.7 5.5 6.8 3.5-1.1 5.5-3.4 5.5-6.8V8L12 5.7Z"[39m
              [36m/>[39m
            [36m</svg>[39m
            [36m<span>[39m
              [0mCommunity[0m
            [36m</span>[39m
          [36m</a>[39m
        [36m</nav>[39m
      [36m</div>[39m
      [36m<div[39m
        [33maria-label[39m=[32m"Today's moment"[39m
        [33maria-modal[39m=[32m"true"[39m
        [33mclass[39m=[32m"dawn-moment-overlay"[39m
        [33mrole[39m=[32m"dialog"[39m
        [33mstyle[39m=[32m"opacity: 1;"[39m
      [36m>[39m
        [36m<div[39m
          [33mclass[39m=[32m"dawn-moment-card"[39m
          [33mstyle[39m=[32m"opacity: 1; transform: none;"[39m
        [36m>[39m
          [36m<span[39m
            [33maria-hidden[39m=[32m"true"[39m
            [33mclass[39m=[32m"dawn-moment-mark"[39m
          [36m>[39m
            [0m✦[0m
          [36m</span>[39m
          [36m<p>[39m
            [0mThe quiet hours favor the determined.[0m
          [36m</p>[39m
          [36m<button[39m
            [33mclass[39m=[32m"dawn-moment-continue"[39m
            [33mtype[39m=[32m"button"[39m
          [36m>[39m
            [0mContinue[0m
          [36m</button>[39m
        [36m</div>[39m
      [36m</div>[39m
    [36m</div>[39m
  [36m</div>[39m
[36m</body>[39m

Ignored nodes: comments, script, style
[36m<body>[39m
  [36m<div>[39m
    [36m<div[39m
      [33mclass[39m=[32m"app-shell"[39m
    [36m>[39m
      [36m<div[39m
        [33maria-hidden[39m=[32m"true"[39m
        [33mclass[39m=[32m"world-ambience world-ambience-night"[39m
        [33mstyle[39m=[32m"background: radial-gradient(circle at 50% -10%, rgba(80, 90, 140, 0.08), transparent 65%); opacity: 0.6894171745225322;"[39m
      [36m/>[39m
      [36m<div[39m
        [33mclass[39m=[32m"dev-auth-banner"[39m
        [33mrole[39m=[32m"status"[39m
      [36m>[39m
        [0mDevelopment auth active — this is a local identity, not a real account.[0m
      [36m</div>[39m
      [36m<header[39m
        [33mclass[39m=[32m"topbar"[39m
      [36m>[39m
        [36m<div[39m
          [33mclass[39m=[32m"brand-lockup"[39m
          [33mtabindex[39m=[32m"0"[39m
        [36m>[39m
          [36m<span[39m
            [33maria-hidden[39m=[32m"true"[39m
            [33mclass[39m=[32m"brand-mark"[39m
          [36m>[39m
            [0m🌿[0m
          [36m</span>[39m
          [36m<div>[39m
            [36m<strong>[39m
              [0mWILD REALM[0m
            [36m</strong>[39m
          [36m</div>[39m
        [36m</div>[39m
        [36m<div[39m
          [33mclass[39m=[32m"user-profile-trigger"[39m
        [36m>[39m
          [36m<div[39m
            [33mclass[39m=[32m"quick-stat shell-xp"[39m
          [36m>[39m
            [36m<strong>[39m
              [0m7,250[0m
            [36m</strong>[39m
            [36m<span>[39m
              [0mXP[0m
            [36m</span>[39m
          [36m</div>[39m
          [36m<button[39m
            [33maria-label[39m=[32m"Settings"[39m
            [33mclass[39m=[32m"magnetic-button round-action "[39m
            [33mstyle[39m=[32m"transform: none;"[39m
            [33mtabindex[39m=[32m"0"[39m
            [33mtype[39m=[32m"button"[39m
          [36m>[39m
            [36m<span[39m
              [33mclass[39m=[32m"magnetic-button-content"[39m
            [36m>[39m
              [36m<svg[39m
                [33maria-hidden[39m=[32m"true"[39m
                [33mfocusable[39m=[32m"false"[39m
                [33mviewBox[39m=[32m"0 0 24 24"[39m
              [36m>[39m
                [36m<path[39m
                  [33md[39m=[32m"m10.7 2 2.6 0 .5 2a8 8 0 0 1 1.6.7l1.8-1 1.8 1.8-1 1.8c.3.5.5 1 .7 1.6l2 .5v2.6l-2 .5a8 8 0 0 1-.7 1.6l1 1.8-1.8 1.8-1.8-1a8 8 0 0 1-1.6.7l-.5 2h-2.6l-.5-2a8 8 0 0 1-1.6-.7l-1.8 1L5 15.4l1-1.8a8 8 0 0 1-.7-1.6l-2-.5V9l2-.5A8 8 0 0 1 6 7L5 5.2l1.8-1.8 1.8 1a8 8 0 0 1 1.6-.7l.5-2ZM12 8a3 3 0 1 0 0 6 3 3 0 0 0 0-6Z"[39m
                [36m/>[39m
              [36m</svg>[39m
            [36m</span>[39m
            [36m<span[39m
              [33maria-hidden[39m=[32m"true"[39m
              [33mclass[39m=[32m"magnetic-button-glow"[39m
            [36m/>[39m
          [36m</button>[39m
          [36m<button[39m
            [33maria-label[39m=[32m"Sign out"[39m
            [33mclass[39m=[32m"magnetic-button ghost-action "[39m
            [33mstyle[39m=[32m"transform: none;"[39m
            [33mtabindex[39m=[32m"0"[39m
            [33mtype[39m=[32m"button"[39m
          [36m>[39m
            [36m<span[39m
              [33mclass[39m=[32m"magnetic-button-content"[39m
            [36m>[39m
              [0mSign out[0m
            [36m</span>[39m
            [36m<span[39m
              [33maria-hidden[39m=[32m"true"[39m
              [33mclass[39m=[32m"magnetic-button-glow"[39m
            [36m/>[39m
          [36m</button>[39m
        [36m</div>[39m
      [36m</header>[39m
      [36m<div[39m
        [33mclass[39m=[32m"mobile-content-area "[39m
      [36m>[39m
        [36m<div[39m
          [33mclass[39m=[32m"ptr-container"[39m
          [33mstyle[39m=[32m"overflow-y: auto; height: 100%;"[39m
        [36m>[39m
          [36m<div[39m
            [33mclass[39m=[32m"ptr-indicator"[39m
          [36m>[39m
            [36m<div[39m
              [33mstyle[39m=[32m"transform: none;"[39m
            [36m>[39m
              [36m<svg[39m
                [33maria-hidden[39m=[32m"true"[39m
                [33mfocusable[39m=[32m"false"[39m
                [33mviewBox[39m=[32m"0 0 24 24"[39m
              [36m/>[39m
            [36m</div>[39m
          [36m</div>[39m
          [36m<div[39m
            [33mstyle[39m=[32m"min-height: 100%; transform: none;"[39m
          [36m>[39m
            [36m<div[39m
              [33mclass[39m=[32m"journal-page-transition route-stage"[39m
              [33mstyle[39m=[32m"width: 100%; opacity: 1; filter: blur(0px); transform: none;"[39m
            [36m>[39m
              [36m<main[39m
                [33mclass[39m=[32m"quests-shell"[39m
              [36m>[39m
                [36m<h1[39m
                  [33mclass[39m=[32m"sr-only"[39m
                [36m>[39m
                  [0mQuests[0m
                [36m</h1>[39m
                [36m<div[39m
                  [33mclass[39m=[32m"quest-user-topbar"[39m
                [36m>[39m
                  [36m<div[39m
                    [33mstyle[39m=[32m"display: flex; align-items: center; gap: 10px;"[39m
                  [36m>[39m
                    [36m<div[39m
                      [33mclass[39m=[32m"quest-user-avatar"[39m
                    [36m>[39m
                      [36m<img[39m
                        [33malt[39m=[32m"User Avatar"[39m
                        [33msrc[39m=[32m"/assets/african-grey-parrot.png"[39m
                      [36m/>[39m
                    [36m</div>[39m
                    [36m<div>[39m
                      [36m<h3[39m
                        [33mstyle[39m=[32m"font-size: 0.95rem; margin: 0px; font-weight: 800;"[39m
                      [36m>[39m
                        [0mGuest Wayfarer[0m
                      [36m</h3>[39m
                      [36m<small[39m
                        [33mstyle[39m=[32m"color: var(--wild-emerald); font-size: 0.72rem; font-weight: 700;"[39m
                      [36m>[39m
                        [0mGold[0m
                        [0m [0m
                        [0m14[0m
                        [0m • [0m
                        [0m250[0m
                        [0m / [0m
                        [0m500[0m
                        [0m XP[0m
                      [36m</small>[39m
                    [36m</div>[39m
                  [36m</div>[39m
                  [36m<div[39m
                    [33mclass[39m=[32m"quest-coin-badge"[39m
                  [36m>[39m
                    [0m🪙 [0m
                    [36m<span>[39m
                      [0m1,450[0m
                    [36m</span>[39m
                  [36m</div>[39m
                [36m</div>[39m
                [36m<div[39m
                  [33mclass[39m=[32m"quest-cadence-tabs"[39m
                  [33mstyle[39m=[32m"position: relative;"[39m
                [36m>[39m
                  [36m<button[39m
                    [33mclass[39m=[32m"quest-cadence-btn active"[39m
                    [33mstyle[39m=[32m"position: relative; z-index: 1;"[39m
                    [33mtabindex[39m=[32m"0"[39m
                    [33mtype[39m=[32m"button"[39m
                  [36m>[39m
                    [36m<div[39m
                      [33mstyle[39m=[32m"position: absolute; inset: 0; background: var(--quest-surface); z-index: -1; border: 1px solid rgba(255, 255, 255, 0.06); border-radius: 8px; opacity: 1;"[39m
                    [36m/>[39m
                    [36m<span[39m
                      [33mstyle[39m=[32m"position: relative; z-index: 2;"[39m
                    [36m>[39m
                      [0mDAILY[0m
                    [36m</span>[39m
                  [36m</button>[39m
                  [36m<button[39m
                    [33mclass[39m=[32m"quest-cadence-btn "[39m
                    [33mstyle[39m=[32m"position: relative; z-index: 1;"[39m
                    [33mtabindex[39m=[32m"0"[39m
                    [33mtype[39m=[32m"button"[39m
                  [36m>[39m
                    [36m<span[39m
                      [33mstyle[39m=[32m"position: relative; z-index: 2;"[39m
                    [36m>[39m
                      [0mWEEKLY[0m
                    [36m</span>[39m
                  [36m</button>[39m
                  [36m<button[39m
                    [33mclass[39m=[32m"quest-cadence-btn "[39m
                    [33mstyle[39m=[32m"position: relative; z-index: 1;"[39m
                    [33mtabindex[39m=[32m"0"[39m
                    [33mtype[39m=[32m"button"[39m
                  [36m>[39m
                    [36m<span[39m
                      [33mstyle[39m=[32m"position: relative; z-index: 2;"[39m
                    [36m>[39m
                      [0mMONTHLY[0m
                    [36m</span>[39m
                  [36m</button>[39m
                [36m</div>[39m
                [36m<div[39m
                  [33mclass[39m=[32m"quests-card-list"[39m
                [36m>[39m
                  [36m<div[39m
                    [33mclass[39m=[32m"quest-item-card completed"[39m
                  [36m>[39m
                    [36m<div[39m
                      [33mstyle[39m=[32m"display: flex; align-items: center; gap: 12px;"[39m
                    [36m>[39m
                      [36m<span[39m
                        [33mclass[39m=[32m"quest-item-emoji"[39m
                      [36m>[39m
                        [0m📜[0m
                      [36m</span>[39m
                      [36m<div[39m
                        [33mstyle[39m=[32m"flex: 1 1 0%;"[39m
                      [36m>[39m
                        [36m<h4[39m
                          [33mclass[39m=[32m"quest-item-title"[39m
                        [36m>[39m
                          [0mMorning Sanctuary[0m
                        [36m</h4>[39m
                        [36m<div[39m
                          [33mstyle[39m=[32m"display: flex; align-items: center; gap: 10px; margin-top: 4px;"[39m
                        [36m>[39m
                          [36m<span[39m
                            [33mclass[39m=[32m"quest-progress-num"[39m
                          [36m>[39m
                            [0m1[0m
                            [0m/[0m
                            [0m1[0m
                            [0m [0m
                            [0msession[0m
                          [36m</span>[39m
                          [36m<span[39m
                            [33mclass[39m=[32m"quest-reward-pill"[39m
                          [36m>[39m
                            [0mXP [0m
                            [0m120[0m
                          [36m</span>[39m
                        [36m</div>[39m
                      [36m</div>[39m
                      [36m<div[39m
                        [33mclass[39m=[32m"quest-claim-btn"[39m
                        [33mstyle[39m=[32m"display: flex; align-items: center; justify-content: center; background: transparent; border: 1px solid var(--quest-gold-dim); color: var(--quest-gold-bright); opacity: 1; transform: scale(1.0040139884636674);"[39m
                      [36m>[39m
                        [0m✔[0m
                      [36m</div>[39m
                    [36m</div>[39m
                  [36m</div>[39m
                  [36m<div[39m
                    [33mclass[39m=[32m"quest-item-card "[39m
                  [36m>[39m
                    [36m<div[39m
                      [33mstyle[39m=[32m"display: flex; align-items: center; gap: 12px;"[39m
                    [36m>[39m
                      [36m<span[39m
                        [33mclass[39m=[32m"quest-item-emoji"[39m
                      [36m>[39m
                        [0m📜[0m
                      [36m</span>[39m
                      [36m<div[39m
                        [33mstyle[39m=[32m"flex: 1 1 0%;"[39m
                      [36m>[39m
                        [36m<h4[39m
                          [33mclass[39m=[32m"quest-item-title"[39m
                        [36m>[39m
                          [0mHydration Ritual[0m
                        [36m</h4>[39m
                        [36m<div[39m
                          [33mstyle[39m=[32m"display: flex; align-items: center; gap: 10px; margin-top: 4px;"[39m
                        [36m>[39m
                          [36m<span[39m
                            [33mclass[39m=[32m"quest-progress-num"[39m
                          [36m>[39m
                            [0m3[0m
                            [0m/[0m
                            [0m4[0m
                            [0m [0m
                            [0mglasses[0m
                          [36m</span>[39m
                          [36m<span[39m
                            [33mclass[39m=[32m"quest-reward-pill"[39m
                          [36m>[39m
                            [0mXP [0m
                            [0m80[0m
                          [36m</span>[39m
                        [36m</div>[39m
                      [36m</div>[39m
                      [36m<button[39m
                        [33mclass[39m=[32m"quest-claim-btn glass"[39m
                        [33mstyle[39m=[32m"opacity: 1;"[39m
                        [33mtabindex[39m=[32m"0"[39m
                        [33mtype[39m=[32m"button"[39m
                      [36m>[39m
                        [0mView[0m
                      [36m</button>[39m
                    [36m</div>[39m
                  [36m</div>[39m
                  [36m<div[39m
                    [33mclass[39m=[32m"quest-item-card "[39m
                  [36m>[39m
                    [36m<div[39m
                      [33mstyle[39m=[32m"display: flex; align-items: center; gap: 12px;"[39m
                    [36m>[39m
                      [36m<span[39m
                        [33mclass[39m=[32m"quest-item-emoji"[39m
                      [36m>[39m
                        [0m📜[0m
                      [36m</span>[39m
                      [36m<div[39m
                        [33mstyle[39m=[32m"flex: 1 1 0%;"[39m
                      [36m>[39m
                        [36m<h4[39m
                          [33mclass[39m=[32m"quest-item-title"[39m
                        [36m>[39m
                          [0mDigital Sunset[0m
                        [36m</h4>[39m
                        [36m<div[39m
                          [33mstyle[39m=[32m"display: flex; align-items: center; gap: 10px; margin-top: 4px;"[39m
                        [36m>[39m
                          [36m<span[39m
                            [33mclass[39m=[32m"quest-progress-num"[39m
                          [36m>[39m
                            [0m0[0m
                            [0m/[0m
                            [0m1[0m
                            [0m [0m
                            [0mnight[0m
                          [36m</span>[39m
                          [36m<span[39m
                            [33mclass[39m=[32m"quest-reward-pill"[39m
                          [36m>[39m
                            [0mXP [0m
                            [0m150[0m
                          [36m</span>[39m
                        [36m</div>[39m
                      [36m</div>[39m
                      [36m<button[39m
                        [33mclass[39m=[32m"quest-claim-btn glass"[39m
                        [33mstyle[39m=[32m"opacity: 1;"[39m
                        [33mtabindex[39m=[32m"0"[39m
                        [33mtype[39m=[32m"button"[39m
                      [36m>[39m
                        [0mView[0m
                      [36m</button>[39m
                    [36m</div>[39m
                  [36m</div>[39m
                [36m</div>[39m
              [36m</main>[39m
            [36m</div>[39m
          [36m</div>[39m
        [36m</div>[39m
        [36m<nav[39m
          [33maria-label[39m=[32m"Primary Navigation"[39m
          [33mclass[39m=[32m"mobile-bottom-dock"[39m
        [36m>[39m
          [36m<a[39m
            [33mclass[39m=[32m"dock-item "[39m
            [33mhref[39m=[32m"/app"[39m
          [36m>[39m
            [36m<svg[39m
              [33maria-hidden[39m=[32m"true"[39m
              [33mfocusable[39m=[32m"false"[39m
              [33mviewBox[39m=[32m"0 0 24 24"[39m
            [36m>[39m
              [36m<path[39m
                [33md[39m=[32m"M12 2.5a9.5 9.5 0 1 1 0 19 9.5 9.5 0 0 1 0-19Zm3.7 5.8-5.4 2-2 5.4 5.4-2 2-5.4Z"[39m
              [36m/>[39m
            [36m</svg>[39m
            [36m<span>[39m
              [0mMap[0m
            [36m</span>[39m
          [36m</a>[39m
          [36m<a[39m
            [33maria-current[39m=[32m"page"[39m
            [33mclass[39m=[32m"dock-item active"[39m
            [33mhref[39m=[32m"/app/quests"[39m
          [36m>[39m
            [36m<svg[39m
              [33maria-hidden[39m=[32m"true"[39m
              [33mfocusable[39m=[32m"false"[39m
              [33mviewBox[39m=[32m"0 0 24 24"[39m
            [36m>[39m
              [36m<path[39m
                [33md[39m=[32m"M6 3h11a3 3 0 0 1 3 3v1h-3v13H7a4 4 0 0 1-4-4V5a2 2 0 0 1 3-2Zm0 14h8V6H6v11Zm1-8h6v2H7V9Zm0 4h6v2H7v-2Z"[39m
              [36m/>[39m
            [36m</svg>[39m
            [36m<span>[39m
              [0mQuests[0m
            [36m</span>[39m
          [36m</a>[39m
          [36m<div[39m
            [33mclass[39m=[32m"dock-shutter-item"[39m
          [36m>[39m
            [36m<button[39m
              [33maria-label[39m=[32m"Open Camera Capture"[39m
              [33mclass[39m=[32m"dock-shutter-btn"[39m
              [33mtabindex[39m=[32m"0"[39m
              [33mtype[39m=[32m"button"[39m
            [36m>[39m
              [36m<svg[39m
                [33maria-hidden[39m=[32m"true"[39m
                [33mfocusable[39m=[32m"false"[39m
                [33mviewBox[39m=[32m"0 0 24 24"[39m
              [36m>[39m
                [36m<path[39m
                  [33md[39m=[32m"M9 4h6l1.2 2H19a2 2 0 0 1 2 2v10a2 2 0 0 1-2 2H5a2 2 0 0 1-2-2V8a2 2 0 0 1 2-2h2.8L9 4Zm3 5.5a4 4 0 1 0 0 8 4 4 0 0 0 0-8Zm0 2a2 2 0 1 1 0 4 2 2 0 0 1 0-4Z"[39m
                [36m/>[39m
              [36m</svg>[39m
            [36m</button>[39m
          [36m</div>[39m
          [36m<a[39m
            [33mclass[39m=[32m"dock-item "[39m
            [33mhref[39m=[32m"/app/collection"[39m
          [36m>[39m
            [36m<svg[39m
              [33maria-hidden[39m=[32m"true"[39m
              [33mfocusable[39m=[32m"false"[39m
              [33mviewBox[39m=[32m"0 0 24 24"[39m
            [36m>[39m
              [36m<path[39m
                [33md[39m=[32m"M3 5.5C6 4.4 9 4.8 11 6v14c-2-1.2-5-1.6-8-.5v-14Zm18 0c-3-1.1-6-.7-8 .5v14c2-1.2 5-1.6 8-.5v-14Z"[39m
              [36m/>[39m
            [36m</svg>[39m
            [36m<span>[39m
              [0mCollection[0m
            [36m</span>[39m
          [36m</a>[39m
          [36m<a[39m
            [33mclass[39m=[32m"dock-item "[39m
            [33mhref[39m=[32m"/app/community"[39m
          [36m>[39m
            [36m<svg[39m
              [33maria-hidden[39m=[32m"true"[39m
              [33mfocusable[39m=[32m"false"[39m
              [33mviewBox[39m=[32m"0 0 24 24"[39m
            [36m>[39m
              [36m<path[39m
                [33md[39m=[32m"M12 2.7 20 6v5.9c0 4.8-3.2 8.2-8 9.4-4.8-1.2-8-4.6-8-9.4V6l8-3.3Zm0 3L6.5 8v3.9c0 3.4 2 5.7 5.5 6.8 3.5-1.1 5.5-3.4 5.5-6.8V8L12 5.7Z"[39m
              [36m/>[39m
            [36m</svg>[39m
            [36m<span>[39m
              [0mCommunity[0m
            [36m</span>[39m
          [36m</a>[39m
        [36m</nav>[39m
      [36m</div>[39m
      [36m<div[39m
        [33maria-label[39m=[32m"Today's moment"[39m
        [33maria-modal[39m=[32m"true"[39m
        [33mclass[39m=[32m"dawn-moment-overlay"[39m
        [33mrole[39m=[32m"dialog"[39m
        [33mstyle[39m=[32m"opacity: 1;"[39m
      [36m>[39m
        [36m<div[39m
          [33mclass[39m=[32m"dawn-moment-card"[39m
          [33mstyle[39m=[32m"opacity: 1; transform: none;"[39m
        [36m>[39m
          [36m<span[39m
            [33maria-hidden[39m=[32m"true"[39m
            [33mclass[39m=[32m"dawn-moment-mark"[39m
          [36m>[39m
            [0m✦[0m
          [36m</span>[39m
          [36m<p>[39m
            [0mThe quiet hours favor the determined.[0m
          [36m</p>[39m
          [36m<button[39m
            [33mclass[39m=[32m"dawn-moment-continue"[39m
            [33mtype[39m=[32m"button"[39m
          [36m>[39m
            [0mContinue[0m
          [36m</button>[39m
        [36m</div>[39m
      [36m</div>[39m
    [36m</div>[39m
  [36m</div>[39m
[36m</body>[39m
   ✓ App (development auth mode) > exposes the five reference destinations and the community surface 243ms
   × App (development auth mode) > renders profile progression from real account data 233ms
     → Unable to find an element with the text: /bronze 2/i. This could be because the text is broken up by multiple elements. In this case, you can provide a function for your text matcher to make your matcher more flexible.

Ignored nodes: comments, script, style
[36m<body>[39m
  [36m<div>[39m
    [36m<div[39m
      [33mclass[39m=[32m"app-shell"[39m
    [36m>[39m
      [36m<div[39m
        [33maria-hidden[39m=[32m"true"[39m
        [33mclass[39m=[32m"world-ambience world-ambience-night"[39m
        [33mstyle[39m=[32m"background: radial-gradient(circle at 50% -10%, rgba(80, 90, 140, 0.08), transparent 65%); opacity: 0.015808414173079655;"[39m
      [36m/>[39m
      [36m<div[39m
        [33mclass[39m=[32m"dev-auth-banner"[39m
        [33mrole[39m=[32m"status"[39m
      [36m>[39m
        [0mDevelopment auth active — this is a local identity, not a real account.[0m
      [36m</div>[39m
      [36m<header[39m
        [33mclass[39m=[32m"topbar"[39m
      [36m>[39m
        [36m<div[39m
          [33mclass[39m=[32m"brand-lockup"[39m
          [33mtabindex[39m=[32m"0"[39m
        [36m>[39m
          [36m<span[39m
            [33maria-hidden[39m=[32m"true"[39m
            [33mclass[39m=[32m"brand-mark"[39m
          [36m>[39m
            [0m🌿[0m
          [36m</span>[39m
          [36m<div>[39m
            [36m<strong>[39m
              [0mWILD REALM[0m
            [36m</strong>[39m
          [36m</div>[39m
        [36m</div>[39m
        [36m<div[39m
          [33mclass[39m=[32m"user-profile-trigger"[39m
        [36m>[39m
          [36m<div[39m
            [33mclass[39m=[32m"quick-stat shell-xp"[39m
          [36m>[39m
            [36m<strong>[39m
              [0m7,250[0m
            [36m</strong>[39m
            [36m<span>[39m
              [0mXP[0m
            [36m</span>[39m
          [36m</div>[39m
          [36m<button[39m
            [33maria-label[39m=[32m"Settings"[39m
            [33mclass[39m=[32m"magnetic-button round-action "[39m
            [33mstyle[39m=[32m"transform: none;"[39m
            [33mtabindex[39m=[32m"0"[39m
            [33mtype[39m=[32m"button"[39m
          [36m>[39m
            [36m<span[39m
              [33mclass[39m=[32m"magnetic-button-content"[39m
            [36m>[39m
              [36m<svg[39m
                [33maria-hidden[39m=[32m"true"[39m
                [33mfocusable[39m=[32m"false"[39m
                [33mviewBox[39m=[32m"0 0 24 24"[39m
              [36m>[39m
                [36m<path[39m
                  [33md[39m=[32m"m10.7 2 2.6 0 .5 2a8 8 0 0 1 1.6.7l1.8-1 1.8 1.8-1 1.8c.3.5.5 1 .7 1.6l2 .5v2.6l-2 .5a8 8 0 0 1-.7 1.6l1 1.8-1.8 1.8-1.8-1a8 8 0 0 1-1.6.7l-.5 2h-2.6l-.5-2a8 8 0 0 1-1.6-.7l-1.8 1L5 15.4l1-1.8a8 8 0 0 1-.7-1.6l-2-.5V9l2-.5A8 8 0 0 1 6 7L5 5.2l1.8-1.8 1.8 1a8 8 0 0 1 1.6-.7l.5-2ZM12 8a3 3 0 1 0 0 6 3 3 0 0 0 0-6Z"[39m
                [36m/>[39m
              [36m</svg>[39m
            [36m</span>[39m
            [36m<span[39m
              [33maria-hidden[39m=[32m"true"[39m
              [33mclass[39m=[32m"magnetic-button-glow"[39m
            [36m/>[39m
          [36m</button>[39m
          [36m<button[39m
            [33maria-label[39m=[32m"Sign out"[39m
            [33mclass[39m=[32m"magnetic-button ghost-action "[39m
            [33mstyle[39m=[32m"transform: none;"[39m
            [33mtabindex[39m=[32m"0"[39m
            [33mtype[39m=[32m"button"[39m
          [36m>[39m
            [36m<span[39m
              [33mclass[39m=[32m"magnetic-button-content"[39m
            [36m>[39m
              [0mSign out[0m
            [36m</span>[39m
            [36m<span[39m
              [33maria-hidden[39m=[32m"true"[39m
              [33mclass[39m=[32m"magnetic-button-glow"[39m
            [36m/>[39m
          [36m</button>[39m
        [36m</div>[39m
      [36m</header>[39m
      [36m<div[39m
        [33mclass[39m=[32m"mobile-content-area "[39m
      [36m>[39m
        [36m<div[39m
          [33mclass[39m=[32m"ptr-container"[39m
          [33mstyle[39m=[32m"overflow-y: auto; height: 100%;"[39m
        [36m>[39m
          [36m<div[39m
            [33mclass[39m=[32m"ptr-indicator"[39m
          [36m>[39m
            [36m<div[39m
              [33mstyle[39m=[32m"transform: none;"[39m
            [36m>[39m
              [36m<svg[39m
                [33maria-hidden[39m=[32m"true"[39m
                [33mfocusable[39m=[32m"false"[39m
                [33mviewBox[39m=[32m"0 0 24 24"[39m
              [36m/>[39m
            [36m</div>[39m
          [36m</div>[39m
          [36m<div[39m
            [33mstyle[39m=[32m"min-height: 100%; transform: none;"[39m
          [36m>[39m
            [36m<div[39m
              [33mclass[39m=[32m"journal-page-transition route-stage"[39m
              [33mstyle[39m=[32m"width: 100%; opacity: 0.022260534255882813; filter: blur(2.93322px); transform: translateY(7.8219157259529375px) scale(0.9902226053425588);"[39m
            [36m>[39m
              [36m<main[39m
                [33mclass[39m=[32m"profile-shell"[39m
              [36m>[39m
                [36m<h1[39m
                  [33mclass[39m=[32m"sr-only"[39m
                [36m>[39m
                  [0mProfile[0m
                [36m</h1>[39m
                [36m<div[39m
                  [33mclass[39m=[32m"profile-hero-card"[39m
                  [33mstyle[39m=[32m"opacity: 0.08547546991030686; transform: translateY(9.145245300896931px);"[39m
                [36m>[39m
                  [36m<div[39m
                    [33mclass[39m=[32m"profile-avatar-ring"[39m
                  [36m>[39m
                    [36m<img[39m
                      [33malt[39m=[32m"Explorer Avatar"[39m
                      [33mclass[39m=[32m"profile-avatar-img"[39m
                      [33msrc[39m=[32m"/assets/african-grey-parrot.png"[39m
                    [36m/>[39m
                    [36m<span[39m
                      [33mclass[39m=[32m"profile-avatar-edit"[39m
                    [36m>[39m
                      [0m✏️[0m
                    [36m</span>[39m
                  [36m</div>[39m
                  [36m<div[39m
                    [33mclass[39m=[32m"profile-identity-info"[39m
                  [36m>[39m
                    [36m<h2>[39m
                      [0mGuest Wayfarer[0m
                    [36m</h2>[39m
                    [36m<div[39m
                      [33mclass[39m=[32m"profile-identity-title"[39m
                    [36m>[39m
                      [0m🏆 [0m
                      [0mGold[0m
                      [0m [0m
                      [0m14[0m
                    [36m</div>[39m
                    [36m<div[39m
                      [33mclass[39m=[32m"profile-xp-row"[39m
                    [36m>[39m
                      [36m<span>[39m
                        [0mLevel [0m
                        [0m14[0m
                      [36m</span>[39m
                      [36m<span>[39m
                        [0m250[0m
                        [0m / [0m
                        [0m500[0m
                        [0m XP[0m
                      [36m</span>[39m
                    [36m</div>[39m
                    [36m<div[39m
                      [33mclass[39m=[32m"profile-xp-bar-wrap"[39m
                    [36m>[39m
                      [36m<div[39m
                        [33mclass[39m=[32m"profile-xp-bar-fill"[39m
                        [33mstyle[39m=[32m"width: 0%;"[39m
                      [36m/>[39m
                    [36m</div>[39m
                  [36m</div>[39m
                [36m</div>[39m
                [36m<div[39m
                  [33mclass[39m=[32m"profile-stats-grid"[39m
                [36m>[39m
                  [36m<div[39m
                    [33mclass[39m=[32m"profile-stat-card"[39m
                  [36m>[39m
                    [36m<small>[39m
                      [0mDiscoveries[0m
                    [36m</small>[39m
                    [36m<strong>[39m
                      [0m0[0m
                    [36m</strong>[39m
                  [36m</div>[39m
                  [36m<div[39m
                    [33mclass[39m=[32m"profile-stat-card"[39m
                  [36m>[39m
                    [36m<small>[39m
                      [0mS Rank[0m
                    [36m</small>[39m
                    [36m<strong>[39m
                      [0m0[0m
                    [36m</strong>[39m
                  [36m</div>[39m
                  [36m<div[39m
                    [33mclass[39m=[32m"profile-stat-card"[39m
                  [36m>[39m
                    [36m<small>[39m
                      [0mXP Earned[0m
                    [36m</small>[39m
                    [36m<strong>[39m
                      [0m7,250[0m
                    [36m</strong>[39m
                  [36m</div>[39m
                [36m</div>[39m
                [36m<div[39m
                  [33mclass[39m=[32m"profile-menu-list"[39m
                [36m>[39m
                  [36m<a[39m
                    [33mclass[39m=[32m"profile-menu-item"[39m
                    [33mhref[39m=[32m"/app/rewards"[39m
                  [36m>[39m
                    [36m<div[39m
                      [33mstyle[39m=[32m"display: flex; align-items: center; gap: 12px;"[39m
                    [36m>[39m
                      [36m<span[39m
                        [33mstyle[39m=[32m"font-size: 1.1rem;"[39m
                      [36m>[39m
                        [0m🏆[0m
                      [36m</span>[39m
                      [36m<span>[39m
                        [0mAchievements[0m
                      [36m</span>[39m
                    [36m</div>[39m
                    [36m<span[39m
                      [33mstyle[39m=[32m"opacity: 0.5; font-size: 0.9rem;"[39m
                    [36m>[39m
                      [0m❯[0m
                    [36m</span>[39m
                  [36m</a>[39m
                  [36m<a[39m
                    [33mclass[39m=[32m"profile-menu-item"[39m
                    [33mhref[39m=[32m"/app/collection"[39m
                  [36m>[39m
                    [36m<div[39m
                      [33mstyle[39m=[32m"display: flex; align-items: center; gap: 12px;"[39m
                    [36m>[39m
                      [36m<span[39m
                        [33mstyle[39m=[32m"font-size: 1.1rem;"[39m
                      [36m>[39m
                        [0m📖[0m
                      [36m</span>[39m
                      [36m<span>[39m
                        [0mCollection[0m
                      [36m</span>[39m
                    [36m</div>[39m
                    [36m<span[39m
                      [33mstyle[39m=[32m"opacity: 0.5; font-size: 0.9rem;"[39m
                    [36m>[39m
                      [0m❯[0m
                    [36m</span>[39m
                  [36m</a>[39m
                  [36m<div[39m
                    [33mclass[39m=[32m"profile-menu-item"[39m
                    [33mrole[39m=[32m"button"[39m
                    [33mtabindex[39m=[32m"0"[39m
                  [36m>[39m
                    [36m<div[39m
                      [33mstyle[39m=[32m"display: flex; align-items: center; gap: 12px;"[39m
                    [36m>[39m
                      [36m<span[39m
                        [33mstyle[39m=[32m"font-size: 1.1rem;"[39m
                      [36m>[39m
                        [0m⚙️[0m
                      [36m</span>[39m
                      [36m<span>[39m
                        [0mSettings[0m
                      [36m</span>[39m
                    [36m</div>[39m
                    [36m<span[39m
                      [33mstyle[39m=[32m"opacity: 0.5; font-size: 0.9rem;"[39m
                    [36m>[39m
                      [0m❯[0m
                    [36m</span>[39m
                  [36m</div>[39m
                  [36m<div[39m
                    [33mclass[39m=[32m"profile-menu-item"[39m
                    [33mrole[39m=[32m"button"[39m
                    [33mtabindex[39m=[32m"0"[39m
                  [36m>[39m
                    [36m<div[39m
                      [33mstyle[39m=[32m"display: flex; align-items: center; gap: 12px;"[39m
                    [36m>[39m
                      [36m<span[39m
                        [33mstyle[39m=[32m"font-size: 1.1rem;"[39m
                      [36m>[39m
                        [0m❓[0m
                      [36m</span>[39m
                      [36m<span>[39m
                        [0mHelp & Support[0m
                      [36m</span>[39m
                    [36m</div>[39m
                    [36m<span[39m
                      [33mstyle[39m=[32m"opacity: 0.5; font-size: 0.9rem;"[39m
                    [36m>[39m
                      [0m❯[0m
                    [36m</span>[39m
                  [36m</div>[39m
                [36m</div>[39m
                [36m<div[39m
                  [33mclass[39m=[32m"profile-store-card"[39m
                [36m>[39m
                  [36m<h4[39m
                    [33mstyle[39m=[32m"color: var(--wild-text-dim); font-size: 0.78rem; letter-spacing: 0.05em;"[39m
                  [36m>[39m
                    [0mCOINS & STREAK[0m
                  [36m</h4>[39m
                  [36m<div[39m
                    [33mstyle[39m=[32m"display: flex; align-items: center; justify-content: space-between; margin: 8px 0px;"[39m
                  [36m>[39m
                    [36m<span[39m
                      [33mstyle[39m=[32m"font-size: 1.2rem; font-weight: 900; color: rgb(255, 255, 255);"[39m
                    [36m>[39m
                      [0m🪙 [0m
                      [0m1,450[0m
                    [36m</span>[39m
                  [36m</div>[39m
                  [36m<div[39m
                    [33mstyle[39m=[32m"display: flex; justify-content: space-between; align-items: center; margin-top: 12px; padding-top: 8px; border-top: 1px solid rgba(255, 255, 255, 0.08);"[39m
                  [36m>[39m
                    [36m<div>[39m
                      [36m<small[39m
                        [33mstyle[39m=[32m"color: var(--wild-text-dim); font-size: 0.68rem; display: block;"[39m
                      [36m>[39m
                        [0mCURRENT STREAK[0m
                      [36m</small>[39m
                      [36m<strong[39m
                        [33mstyle[39m=[32m"font-size: 0.88rem; color: rgb(255, 255, 255);"[39m
                      [36m>[39m
                        [0m7[0m
                        [0m day[0m
                        [0ms[0m
                      [36m</strong>[39m
                    [36m</div>[39m
                    [36m<span[39m
                      [33mstyle[39m=[32m"font-size: 1.6rem;"[39m
                    [36m>[39m
                      [0m🔥[0m
                    [36m</span>[39m
                  [36m</div>[39m
                [36m</div>[39m
              [36m</main>[39m
            [36m</div>[39m
          [36m</div>[39m
        [36m</div>[39m
        [36m<nav[39m
          [33maria-label[39m=[32m"Primary Navigation"[39m
          [33mclass[39m=[32m"mobile-bottom-dock"[39m
        [36m>[39m
          [36m<a[39m
            [33mclass[39m=[32m"dock-item "[39m
            [33mhref[39m=[32m"/app"[39m
          [36m>[39m
            [36m<svg[39m
              [33maria-hidden[39m=[32m"true"[39m
              [33mfocusable[39m=[32m"false"[39m
              [33mviewBox[39m=[32m"0 0 24 24"[39m
            [36m>[39m
              [36m<path[39m
                [33md[39m=[32m"M12 2.5a9.5 9.5 0 1 1 0 19 9.5 9.5 0 0 1 0-19Zm3.7 5.8-5.4 2-2 5.4 5.4-2 2-5.4Z"[39m
              [36m/>[39m
            [36m</svg>[39m
            [36m<span>[39m
              [0mMap[0m
            [36m</span>[39m
          [36m</a>[39m
          [36m<a[39m
            [33mclass[39m=[32m"dock-item "[39m
            [33mhref[39m=[32m"/app/quests"[39m
          [36m>[39m
            [36m<svg[39m
              [33maria-hidden[39m=[32m"true"[39m
              [33mfocusable[39m=[32m"false"[39m
              [33mviewBox[39m=[32m"0 0 24 24"[39m
            [36m>[39m
              [36m<path[39m
                [33md[39m=[32m"M6 3h11a3 3 0 0 1 3 3v1h-3v13H7a4 4 0 0 1-4-4V5a2 2 0 0 1 3-2Zm0 14h8V6H6v11Zm1-8h6v2H7V9Zm0 4h6v2H7v-2Z"[39m
              [36m/>[39m
            [36m</svg>[39m
            [36m<span>[39m
              [0mQuests[0m
            [36m</span>[39m
          [36m</a>[39m
          [36m<div[39m
            [33mclass[39m=[32m"dock-shutter-item"[39m
          [36m>[39m
            [36m<button[39m
              [33maria-label[39m=[32m"Open Camera Capture"[39m
              [33mclass[39m=[32m"dock-shutter-btn"[39m
              [33mtabindex[39m=[32m"0"[39m
              [33mtype[39m=[32m"button"[39m
            [36m>[39m
              [36m<svg[39m
                [33maria-hidden[39m=[32m"true"[39m
                [33mfocusable[39m=[32m"false"[39m
                [33mviewBox[39m=[32m"0 0 24 24"[39m
              [36m>[39m
                [36m<path[39m
                  [33md[39m=[32m"M9 4h6l1.2 2H19a2 2 0 0 1 2 2v10a2 2 0 0 1-2 2H5a2 2 0 0 1-2-2V8a2 2 0 0 1 2-2h2.8L9 4Zm3 5.5a4 4 0 1 0 0 8 4 4 0 0 0 0-8Zm0 2a2 2 0 1 1 0 4 2 2 0 0 1 0-4Z"[39m
                [36m/>[39m
              [36m</svg>[39m
            [36m</button>[39m
          [36m</div>[39m
          [36m<a[39m
            [33mclass[39m=[32m"dock-item "[39m
            [33mhref[39m=[32m"/app/collection"[39m
          [36m>[39m
            [36m<svg[39m
              [33maria-hidden[39m=[32m"true"[39m
              [33mfocusable[39m=[32m"false"[39m
              [33mviewBox[39m=[32m"0 0 24 24"[39m
            [36m>[39m
              [36m<path[39m
                [33md[39m=[32m"M3 5.5C6 4.4 9 4.8 11 6v14c-2-1.2-5-1.6-8-.5v-14Zm18 0c-3-1.1-6-.7-8 .5v14c2-1.2 5-1.6 8-.5v-14Z"[39m
              [36m/>[39m
            [36m</svg>[39m
            [36m<span>[39m
              [0mCollection[0m
            [36m</span>[39m
          [36m</a>[39m
          [36m<a[39m
            [33mclass[39m=[32m"dock-item "[39m
            [33mhref[39m=[32m"/app/community"[39m
          [36m>[39m
            [36m<svg[39m
              [33maria-hidden[39m=[32m"true"[39m
              [33mfocusable[39m=[32m"false"[39m
              [33mviewBox[39m=[32m"0 0 24 24"[39m
            [36m>[39m
              [36m<path[39m
                [33md[39m=[32m"M12 2.7 20 6v5.9c0 4.8-3.2 8.2-8 9.4-4.8-1.2-8-4.6-8-9.4V6l8-3.3Zm0 3L6.5 8v3.9c0 3.4 2 5.7 5.5 6.8 3.5-1.1 5.5-3.4 5.5-6.8V8L12 5.7Z"[39m
              [36m/>[39m
            [36m</svg>[39m
            [36m<span>[39m
              [0mCommunity[0m
            [36m</span>[39m
          [36m</a>[39m
        [36m</nav>[39m
      [36m</div>[39m
      [36m<div[39m
        [33maria-label[39m=[32m"Today's moment"[39m
        [33maria-modal[39m=[32m"true"[39m
        [33mclass[39m=[32m"dawn-moment-overlay"[39m
        [33mrole[39m=[32m"dialog"[39m
        [33mstyle[39m=[32m"opacity: 0;"[39m
      [36m>[39m
        [36m<div[39m
          [33mclass[39m=[32m"dawn-moment-card"[39m
          [33mstyle[39m=[32m"opacity: 0; transform: translateY(16px) scale(0.98);"[39m
        [36m>[39m
          [36m<span[39m
            [33maria-hidden[39m=[32m"true"[39m
            [33mclass[39m=[32m"dawn-moment-mark"[39m
          [36m>[39m
            [0m✦[0m
          [36m</span>[39m
          [36m<p>[39m
            [0mThe quiet hours favor the determined.[0m
          [36m</p>[39m
          [36m<button[39m
            [33mclass[39m=[32m"dawn-moment-continue"[39m
            [33mtype[39m=[32m"button"[39m
          [36m>[39m
            [0mContinue[0m
          [36m</button>[39m
        [36m</div>[39m
      [36m</div>[39m
    [36m</div>[39m
  [36m</div>[39m
[36m</body>[39m
   × App (development auth mode) > shows the collection empty state when no collectibles are unlocked 1010ms
     → Unable to find an element with the text: /Your collection starts here./i. This could be because the text is broken up by multiple elements. In this case, you can provide a function for your text matcher to make your matcher more flexible.

Ignored nodes: comments, script, style
[36m<body>[39m
  [36m<div>[39m
    [36m<div[39m
      [33mclass[39m=[32m"app-shell"[39m
    [36m>[39m
      [36m<div[39m
        [33maria-hidden[39m=[32m"true"[39m
        [33mclass[39m=[32m"world-ambience world-ambience-night"[39m
        [33mstyle[39m=[32m"background: radial-gradient(circle at 50% -10%, rgba(80, 90, 140, 0.08), transparent 65%); opacity: 0.7518455175159033;"[39m
      [36m/>[39m
      [36m<div[39m
        [33mclass[39m=[32m"dev-auth-banner"[39m
        [33mrole[39m=[32m"status"[39m
      [36m>[39m
        [0mDevelopment auth active — this is a local identity, not a real account.[0m
      [36m</div>[39m
      [36m<header[39m
        [33mclass[39m=[32m"topbar"[39m
      [36m>[39m
        [36m<div[39m
          [33mclass[39m=[32m"brand-lockup"[39m
          [33mtabindex[39m=[32m"0"[39m
        [36m>[39m
          [36m<span[39m
            [33maria-hidden[39m=[32m"true"[39m
            [33mclass[39m=[32m"brand-mark"[39m
          [36m>[39m
            [0m🌿[0m
          [36m</span>[39m
          [36m<div>[39m
            [36m<strong>[39m
              [0mWILD REALM[0m
            [36m</strong>[39m
          [36m</div>[39m
        [36m</div>[39m
        [36m<div[39m
          [33mclass[39m=[32m"user-profile-trigger"[39m
        [36m>[39m
          [36m<div[39m
            [33mclass[39m=[32m"quick-stat shell-xp"[39m
          [36m>[39m
            [36m<strong>[39m
              [0m7,250[0m
            [36m</strong>[39m
            [36m<span>[39m
              [0mXP[0m
            [36m</span>[39m
          [36m</div>[39m
          [36m<button[39m
            [33maria-label[39m=[32m"Settings"[39m
            [33mclass[39m=[32m"magnetic-button round-action "[39m
            [33mstyle[39m=[32m"transform: none;"[39m
            [33mtabindex[39m=[32m"0"[39m
            [33mtype[39m=[32m"button"[39m
          [36m>[39m
            [36m<span[39m
              [33mclass[39m=[32m"magnetic-button-content"[39m
            [36m>[39m
              [36m<svg[39m
                [33maria-hidden[39m=[32m"true"[39m
                [33mfocusable[39m=[32m"false"[39m
                [33mviewBox[39m=[32m"0 0 24 24"[39m
              [36m>[39m
                [36m<path[39m
                  [33md[39m=[32m"m10.7 2 2.6 0 .5 2a8 8 0 0 1 1.6.7l1.8-1 1.8 1.8-1 1.8c.3.5.5 1 .7 1.6l2 .5v2.6l-2 .5a8 8 0 0 1-.7 1.6l1 1.8-1.8 1.8-1.8-1a8 8 0 0 1-1.6.7l-.5 2h-2.6l-.5-2a8 8 0 0 1-1.6-.7l-1.8 1L5 15.4l1-1.8a8 8 0 0 1-.7-1.6l-2-.5V9l2-.5A8 8 0 0 1 6 7L5 5.2l1.8-1.8 1.8 1a8 8 0 0 1 1.6-.7l.5-2ZM12 8a3 3 0 1 0 0 6 3 3 0 0 0 0-6Z"[39m
                [36m/>[39m
              [36m</svg>[39m
            [36m</span>[39m
            [36m<span[39m
              [33maria-hidden[39m=[32m"true"[39m
              [33mclass[39m=[32m"magnetic-button-glow"[39m
            [36m/>[39m
          [36m</button>[39m
          [36m<button[39m
            [33maria-label[39m=[32m"Sign out"[39m
            [33mclass[39m=[32m"magnetic-button ghost-action "[39m
            [33mstyle[39m=[32m"transform: none;"[39m
            [33mtabindex[39m=[32m"0"[39m
            [33mtype[39m=[32m"button"[39m
          [36m>[39m
            [36m<span[39m
              [33mclass[39m=[32m"magnetic-button-content"[39m
            [36m>[39m
              [0mSign out[0m
            [36m</span>[39m
            [36m<span[39m
              [33maria-hidden[39m=[32m"true"[39m
              [33mclass[39m=[32m"magnetic-button-glow"[39m
            [36m/>[39m
          [36m</button>[39m
        [36m</div>[39m
      [36m</header>[39m
      [36m<div[39m
        [33mclass[39m=[32m"mobile-content-area "[39m
      [36m>[39m
        [36m<div[39m
          [33mclass[39m=[32m"ptr-container"[39m
          [33mstyle[39m=[32m"overflow-y: auto; height: 100%;"[39m
        [36m>[39m
          [36m<div[39m
            [33mclass[39m=[32m"ptr-indicator"[39m
          [36m>[39m
            [36m<div[39m
              [33mstyle[39m=[32m"transform: none;"[39m
            [36m>[39m
              [36m<svg[39m
                [33maria-hidden[39m=[32m"true"[39m
                [33mfocusable[39m=[32m"false"[39m
                [33mviewBox[39m=[32m"0 0 24 24"[39m
              [36m/>[39m
            [36m</div>[39m
          [36m</div>[39m
          [36m<div[39m
            [33mstyle[39m=[32m"min-height: 100%; transform: none;"[39m
          [36m>[39m
            [36m<div[39m
              [33mclass[39m=[32m"journal-page-transition route-stage"[39m
              [33mstyle[39m=[32m"width: 100%; opacity: 1; filter: blur(0px); transform: none;"[39m
            [36m>[39m
              [36m<main[39m
                [33mclass[39m=[32m"library-shell"[39m
              [36m>[39m
                [36m<div[39m
                  [33mclass[39m=[32m"library-header"[39m
                [36m>[39m
                  [36m<h1>[39m
                    [0mMY LIBRARY[0m
                  [36m</h1>[39m
                  [36m<button[39m
                    [33maria-label[39m=[32m"Search collection"[39m
                    [33mclass[39m=[32m"library-search-btn"[39m
                    [33mtabindex[39m=[32m"0"[39m
                    [33mtype[39m=[32m"button"[39m
                  [36m>[39m
                    [0m🔍[0m
                  [36m</button>[39m
                [36m</div>[39m
                [36m<div[39m
                  [33mclass[39m=[32m"library-stats-bar"[39m
                [36m>[39m
                  [36m<div[39m
                    [33mclass[39m=[32m"library-stat-item"[39m
                  [36m>[39m
                    [36m<small>[39m
                      [0mSpecies Found[0m
                    [36m</small>[39m
                    [36m<strong>[39m
                      [0m0[0m
                      [0m / 5[0m
                    [36m</strong>[39m
                  [36m</div>[39m
                  [36m<div[39m
                    [33mclass[39m=[32m"library-stat-item"[39m
                  [36m>[39m
                    [36m<small>[39m
                      [0mS Rank[0m
                    [36m</small>[39m
                    [36m<strong>[39m
                      [0m0[0m
                    [36m</strong>[39m
                  [36m</div>[39m
                  [36m<div[39m
                    [33mclass[39m=[32m"library-stat-item"[39m
                  [36m>[39m
                    [36m<small>[39m
                      [0mXP Earned[0m
                    [36m</small>[39m
                    [36m<strong>[39m
                      [0m0[0m
                    [36m</strong>[39m
                  [36m</div>[39m
                [36m</div>[39m
       ...

Ignored nodes: comments, script, style
[36m<body>[39m
  [36m<div>[39m
    [36m<div[39m
      [33mclass[39m=[32m"app-shell"[39m
    [36m>[39m
      [36m<div[39m
        [33maria-hidden[39m=[32m"true"[39m
        [33mclass[39m=[32m"world-ambience world-ambience-night"[39m
        [33mstyle[39m=[32m"background: radial-gradient(circle at 50% -10%, rgba(80, 90, 140, 0.08), transparent 65%); opacity: 0.7518455175159033;"[39m
      [36m/>[39m
      [36m<div[39m
        [33mclass[39m=[32m"dev-auth-banner"[39m
        [33mrole[39m=[32m"status"[39m
      [36m>[39m
        [0mDevelopment auth active — this is a local identity, not a real account.[0m
      [36m</div>[39m
      [36m<header[39m
        [33mclass[39m=[32m"topbar"[39m
      [36m>[39m
        [36m<div[39m
          [33mclass[39m=[32m"brand-lockup"[39m
          [33mtabindex[39m=[32m"0"[39m
        [36m>[39m
          [36m<span[39m
            [33maria-hidden[39m=[32m"true"[39m
            [33mclass[39m=[32m"brand-mark"[39m
          [36m>[39m
            [0m🌿[0m
          [36m</span>[39m
          [36m<div>[39m
            [36m<strong>[39m
              [0mWILD REALM[0m
            [36m</strong>[39m
          [36m</div>[39m
        [36m</div>[39m
        [36m<div[39m
          [33mclass[39m=[32m"user-profile-trigger"[39m
        [36m>[39m
          [36m<div[39m
            [33mclass[39m=[32m"quick-stat shell-xp"[39m
          [36m>[39m
            [36m<strong>[39m
              [0m7,250[0m
            [36m</strong>[39m
            [36m<span>[39m
              [0mXP[0m
            [36m</span>[39m
          [36m</div>[39m
          [36m<button[39m
            [33maria-label[39m=[32m"Settings"[39m
            [33mclass[39m=[32m"magnetic-button round-action "[39m
            [33mstyle[39m=[32m"transform: none;"[39m
            [33mtabindex[39m=[32m"0"[39m
            [33mtype[39m=[32m"button"[39m
          [36m>[39m
            [36m<span[39m
              [33mclass[39m=[32m"magnetic-button-content"[39m
            [36m>[39m
              [36m<svg[39m
                [33maria-hidden[39m=[32m"true"[39m
                [33mfocusable[39m=[32m"false"[39m
                [33mviewBox[39m=[32m"0 0 24 24"[39m
              [36m>[39m
                [36m<path[39m
                  [33md[39m=[32m"m10.7 2 2.6 0 .5 2a8 8 0 0 1 1.6.7l1.8-1 1.8 1.8-1 1.8c.3.5.5 1 .7 1.6l2 .5v2.6l-2 .5a8 8 0 0 1-.7 1.6l1 1.8-1.8 1.8-1.8-1a8 8 0 0 1-1.6.7l-.5 2h-2.6l-.5-2a8 8 0 0 1-1.6-.7l-1.8 1L5 15.4l1-1.8a8 8 0 0 1-.7-1.6l-2-.5V9l2-.5A8 8 0 0 1 6 7L5 5.2l1.8-1.8 1.8 1a8 8 0 0 1 1.6-.7l.5-2ZM12 8a3 3 0 1 0 0 6 3 3 0 0 0 0-6Z"[39m
                [36m/>[39m
              [36m</svg>[39m
            [36m</span>[39m
            [36m<span[39m
              [33maria-hidden[39m=[32m"true"[39m
              [33mclass[39m=[32m"magnetic-button-glow"[39m
            [36m/>[39m
          [36m</button>[39m
          [36m<button[39m
            [33maria-label[39m=[32m"Sign out"[39m
            [33mclass[39m=[32m"magnetic-button ghost-action "[39m
            [33mstyle[39m=[32m"transform: none;"[39m
            [33mtabindex[39m=[32m"0"[39m
            [33mtype[39m=[32m"button"[39m
          [36m>[39m
            [36m<span[39m
              [33mclass[39m=[32m"magnetic-button-content"[39m
            [36m>[39m
              [0mSign out[0m
            [36m</span>[39m
            [36m<span[39m
              [33maria-hidden[39m=[32m"true"[39m
              [33mclass[39m=[32m"magnetic-button-glow"[39m
            [36m/>[39m
          [36m</button>[39m
        [36m</div>[39m
      [36m</header>[39m
      [36m<div[39m
        [33mclass[39m=[32m"mobile-content-area "[39m
      [36m>[39m
        [36m<div[39m
          [33mclass[39m=[32m"ptr-container"[39m
          [33mstyle[39m=[32m"overflow-y: auto; height: 100%;"[39m
        [36m>[39m
          [36m<div[39m
            [33mclass[39m=[32m"ptr-indicator"[39m
          [36m>[39m
            [36m<div[39m
              [33mstyle[39m=[32m"transform: none;"[39m
            [36m>[39m
              [36m<svg[39m
                [33maria-hidden[39m=[32m"true"[39m
                [33mfocusable[39m=[32m"false"[39m
                [33mviewBox[39m=[32m"0 0 24 24"[39m
              [36m/>[39m
            [36m</div>[39m
          [36m</div>[39m
          [36m<div[39m
            [33mstyle[39m=[32m"min-height: 100%; transform: none;"[39m
          [36m>[39m
            [36m<div[39m
              [33mclass[39m=[32m"journal-page-transition route-stage"[39m
              [33mstyle[39m=[32m"width: 100%; opacity: 1; filter: blur(0px); transform: none;"[39m
            [36m>[39m
              [36m<main[39m
                [33mclass[39m=[32m"library-shell"[39m
              [36m>[39m
                [36m<div[39m
                  [33mclass[39m=[32m"library-header"[39m
                [36m>[39m
                  [36m<h1>[39m
                    [0mMY LIBRARY[0m
                  [36m</h1>[39m
                  [36m<button[39m
                    [33maria-label[39m=[32m"Search collection"[39m
                    [33mclass[39m=[32m"library-search-btn"[39m
                    [33mtabindex[39m=[32m"0"[39m
                    [33mtype[39m=[32m"button"[39m
                  [36m>[39m
                    [0m🔍[0m
                  [36m</button>[39m
                [36m</div>[39m
                [36m<div[39m
                  [33mclass[39m=[32m"library-stats-bar"[39m
                [36m>[39m
                  [36m<div[39m
                    [33mclass[39m=[32m"library-stat-item"[39m
                  [36m>[39m
                    [36m<small>[39m
                      [0mSpecies Found[0m
                    [36m</small>[39m
                    [36m<strong>[39m
                      [0m0[0m
                      [0m / 5[0m
                    [36m</strong>[39m
                  [36m</div>[39m
                  [36m<div[39m
                    [33mclass[39m=[32m"library-stat-item"[39m
                  [36m>[39m
                    [36m<small>[39m
                      [0mS Rank[0m
                    [36m</small>[39m
                    [36m<strong>[39m
                      [0m0[0m
                    [36m</strong>[39m
                  [36m</div>[39m
                  [36m<div[39m
                    [33mclass[39m=[32m"library-stat-item"[39m
                  [36m>[39m
                    [36m<small>[39m
                      [0mXP Earned[0m
                    [36m</small>[39m
                    [36m<strong>[39m
                      [0m0[0m
                    [36m</strong>[39m
                  [36m</div>[39m
                [36m</div>[39m
       ...
   ✓ App (development auth mode) > redirects unauthenticated dev-mode users straight into the app (no fake landing bypass) 234ms

⎯⎯⎯⎯⎯⎯⎯ Failed Tests 4 ⎯⎯⎯⎯⎯⎯⎯

 FAIL  src/App.test.jsx > App (development auth mode) > navigates to the quest board and filters quests
TestingLibraryElementError: Unable to find an element with the text: /morning mindfulness/i. This could be because the text is broken up by multiple elements. In this case, you can provide a function for your text matcher to make your matcher more flexible.

Ignored nodes: comments, script, style
[36m<body>[39m
  [36m<div>[39m
    [36m<div[39m
      [33mclass[39m=[32m"app-shell"[39m
    [36m>[39m
      [36m<div[39m
        [33maria-hidden[39m=[32m"true"[39m
        [33mclass[39m=[32m"world-ambience world-ambience-night"[39m
        [33mstyle[39m=[32m"background: radial-gradient(circle at 50% -10%, rgba(80, 90, 140, 0.08), transparent 65%); opacity: 0.8725878096593078;"[39m
      [36m/>[39m
      [36m<div[39m
        [33mclass[39m=[32m"dev-auth-banner"[39m
        [33mrole[39m=[32m"status"[39m
      [36m>[39m
        [0mDevelopment auth active — this is a local identity, not a real account.[0m
      [36m</div>[39m
      [36m<header[39m
        [33mclass[39m=[32m"topbar"[39m
      [36m>[39m
        [36m<div[39m
          [33mclass[39m=[32m"brand-lockup"[39m
          [33mtabindex[39m=[32m"0"[39m
        [36m>[39m
          [36m<span[39m
            [33maria-hidden[39m=[32m"true"[39m
            [33mclass[39m=[32m"brand-mark"[39m
          [36m>[39m
            [0m🌿[0m
          [36m</span>[39m
          [36m<div>[39m
            [36m<strong>[39m
              [0mWILD REALM[0m
            [36m</strong>[39m
          [36m</div>[39m
        [36m</div>[39m
        [36m<div[39m
          [33mclass[39m=[32m"user-profile-trigger"[39m
        [36m>[39m
          [36m<div[39m
            [33mclass[39m=[32m"quick-stat shell-xp"[39m
          [36m>[39m
            [36m<strong>[39m
              [0m7,250[0m
            [36m</strong>[39m
            [36m<span>[39m
              [0mXP[0m
            [36m</span>[39m
          [36m</div>[39m
          [36m<button[39m
            [33maria-label[39m=[32m"Settings"[39m
            [33mclass[39m=[32m"magnetic-button round-action "[39m
            [33mstyle[39m=[32m"transform: none;"[39m
            [33mtabindex[39m=[32m"0"[39m
            [33mtype[39m=[32m"button"[39m
          [36m>[39m
            [36m<span[39m
              [33mclass[39m=[32m"magnetic-button-content"[39m
            [36m>[39m
              [36m<svg[39m
                [33maria-hidden[39m=[32m"true"[39m
                [33mfocusable[39m=[32m"false"[39m
                [33mviewBox[39m=[32m"0 0 24 24"[39m
              [36m>[39m
                [36m<path[39m
                  [33md[39m=[32m"m10.7 2 2.6 0 .5 2a8 8 0 0 1 1.6.7l1.8-1 1.8 1.8-1 1.8c.3.5.5 1 .7 1.6l2 .5v2.6l-2 .5a8 8 0 0 1-.7 1.6l1 1.8-1.8 1.8-1.8-1a8 8 0 0 1-1.6.7l-.5 2h-2.6l-.5-2a8 8 0 0 1-1.6-.7l-1.8 1L5 15.4l1-1.8a8 8 0 0 1-.7-1.6l-2-.5V9l2-.5A8 8 0 0 1 6 7L5 5.2l1.8-1.8 1.8 1a8 8 0 0 1 1.6-.7l.5-2ZM12 8a3 3 0 1 0 0 6 3 3 0 0 0 0-6Z"[39m
                [36m/>[39m
              [36m</svg>[39m
            [36m</span>[39m
            [36m<span[39m
              [33maria-hidden[39m=[32m"true"[39m
              [33mclass[39m=[32m"magnetic-button-glow"[39m
            [36m/>[39m
          [36m</button>[39m
          [36m<button[39m
            [33maria-label[39m=[32m"Sign out"[39m
            [33mclass[39m=[32m"magnetic-button ghost-action "[39m
            [33mstyle[39m=[32m"transform: none;"[39m
            [33mtabindex[39m=[32m"0"[39m
            [33mtype[39m=[32m"button"[39m
          [36m>[39m
            [36m<span[39m
              [33mclass[39m=[32m"magnetic-button-content"[39m
            [36m>[39m
              [0mSign out[0m
            [36m</span>[39m
            [36m<span[39m
              [33maria-hidden[39m=[32m"true"[39m
              [33mclass[39m=[32m"magnetic-button-glow"[39m
            [36m/>[39m
          [36m</button>[39m
        [36m</div>[39m
      [36m</header>[39m
      [36m<div[39m
        [33mclass[39m=[32m"mobile-content-area "[39m
      [36m>[39m
        [36m<div[39m
          [33mclass[39m=[32m"ptr-container"[39m
          [33mstyle[39m=[32m"overflow-y: auto; height: 100%;"[39m
        [36m>[39m
          [36m<div[39m
            [33mclass[39m=[32m"ptr-indicator"[39m
          [36m>[39m
            [36m<div[39m
              [33mstyle[39m=[32m"transform: none;"[39m
            [36m>[39m
              [36m<svg[39m
                [33maria-hidden[39m=[32m"true"[39m
                [33mfocusable[39m=[32m"false"[39m
                [33mviewBox[39m=[32m"0 0 24 24"[39m
              [36m/>[39m
            [36m</div>[39m
          [36m</div>[39m
          [36m<div[39m
            [33mstyle[39m=[32m"min-height: 100%; transform: none;"[39m
          [36m>[39m
            [36m<div[39m
              [33mclass[39m=[32m"journal-page-transition route-stage"[39m
              [33mstyle[39m=[32m"width: 100%; opacity: 1; filter: blur(0px); transform: none;"[39m
            [36m>[39m
              [36m<main[39m
                [33mclass[39m=[32m"quests-shell"[39m
              [36m>[39m
                [36m<h1[39m
                  [33mclass[39m=[32m"sr-only"[39m
                [36m>[39m
                  [0mQuests[0m
                [36m</h1>[39m
                [36m<div[39m
                  [33mclass[39m=[32m"quest-user-topbar"[39m
                [36m>[39m
                  [36m<div[39m
                    [33mstyle[39m=[32m"display: flex; align-items: center; gap: 10px;"[39m
                  [36m>[39m
                    [36m<div[39m
                      [33mclass[39m=[32m"quest-user-avatar"[39m
                    [36m>[39m
                      [36m<img[39m
                        [33malt[39m=[32m"User Avatar"[39m
                        [33msrc[39m=[32m"/assets/african-grey-parrot.png"[39m
                      [36m/>[39m
                    [36m</div>[39m
                    [36m<div>[39m
                      [36m<h3[39m
                        [33mstyle[39m=[32m"font-size: 0.95rem; margin: 0px; font-weight: 800;"[39m
                      [36m>[39m
                        [0mGuest Wayfarer[0m
                      [36m</h3>[39m
                      [36m<small[39m
                        [33mstyle[39m=[32m"color: var(--wild-emerald); font-size: 0.72rem; font-weight: 700;"[39m
                      [36m>[39m
                        [0mGold[0m
                        [0m [0m
                        [0m14[0m
                        [0m • [0m
                        [0m250[0m
                        [0m / [0m
                        [0m500[0m
                        [0m XP[0m
                      [36m</small>[39m
                    [36m</div>[39m
                  [36m</div>[39m
                  [36m<div[39m
                    [33mclass[39m=[32m"quest-coin-badge"[39m
                  [36m>[39m
                    [0m🪙 [0m
                    [36m<span>[39m
                      [0m1,450[0m
                    [36m</span>[39m
                  [36m</div>[39m
                [36m</div>[39m
                [36m<div[39m
                  [33mclass[39m=[32m"quest-cadence-tabs"[39m
                  [33mstyle[39m=[32m"position: relative;"[39m
                [36m>[39m
                  [36m<button[39m
                    [33mclass[39m=[32m"quest-cadence-btn active"[39m
                    [33mstyle[39m=[32m"position: relative; z-index: 1;"[39m
                    [33mtabindex[39m=[32m"0"[39m
                    [33mtype[39m=[32m"button"[39m
                  [36m>[39m
                    [36m<div[39m
                      [33mstyle[39m=[32m"position: absolute; inset: 0; background: var(--quest-surface); z-index: -1; border: 1px solid rgba(255, 255, 255, 0.06); border-radius: 8px; opacity: 1;"[39m
                    [36m/>[39m
                    [36m<span[39m
                      [33mstyle[39m=[32m"position: relative; z-index: 2;"[39m
                    [36m>[39m
                      [0mDAILY[0m
                    [36m</span>[39m
                  [36m</button>[39m
                  [36m<button[39m
                    [33mclass[39m=[32m"quest-cadence-btn "[39m
                    [33mstyle[39m=[32m"position: relative; z-index: 1;"[39m
                    [33mtabindex[39m=[32m"0"[39m
                    [33mtype[39m=[32m"button"[39m
                  [36m>[39m
                    [36m<span[39m
                      [33mstyle[39m=[32m"position: relative; z-index: 2;"[39m
                    [36m>[39m
                      [0mWEEKLY[0m
                    [36m</span>[39m
                  [36m</button>[39m
                  [36m<button[39m
                    [33mclass[39m=[32m"quest-cadence-btn "[39m
                    [33mstyle[39m=[32m"position: relative; z-index: 1;"[39m
                    [33mtabindex[39m=[32m"0"[39m
                    [33mtype[39m=[32m"button"[39m
                  [36m>[39m
                    [36m<span[39m
                      [33mstyle[39m=[32m"position: relative; z-index: 2;"[39m
                    [36m>[39m
                      [0mMONTHLY[0m
                    [36m</span>[39m
                  [36m</button>[39m
                [36m</div>[39m
                [36m<div[39m
                  [33mclass[39m=[32m"quests-card-list"[39m
                [36m>[39m
                  [36m<div[39m
                    [33mclass[39m=[32m"quest-item-card completed"[39m
                  [36m>[39m
                    [36m<div[39m
                      [33mstyle[39m=[32m"display: flex; align-items: center; gap: 12px;"[39m
                    [36m>[39m
                      [36m<span[39m
                        [33mclass[39m=[32m"quest-item-emoji"[39m
                      [36m>[39m
                        [0m📜[0m
                      [36m</span>[39m
                      [36m<div[39m
                        [33mstyle[39m=[32m"flex: 1 1 0%;"[39m
                      [36m>[39m
                        [36m<h4[39m
                          [33mclass[39m=[32m"quest-item-title"[39m
                        [36m>[39m
                          [0mMorning Sanctuary[0m
                        [36m</h4>[39m
                        [36m<div[39m
                          [33mstyle[39m=[32m"display: flex; align-items: center; gap: 10px; margin-top: 4px;"[39m
                        [36m>[39m
                          [36m<span[39m
                            [33mclass[39m=[32m"quest-progress-num"[39m
                          [36m>[39m
                            [0m1[0m
                            [0m/[0m
                            [0m1[0m
                            [0m [0m
                            [0msession[0m
                          [36m</span>[39m
                          [36m<span[39m
                            [33mclass[39m=[32m"quest-reward-pill"[39m
                          [36m>[39m
                            [0mXP [0m
                            [0m120[0m
                          [36m</span>[39m
                        [36m</div>[39m
                      [36m</div>[39m
                      [36m<div[39m
                        [33mclass[39m=[32m"quest-claim-btn"[39m
                        [33mstyle[39m=[32m"display: flex; align-items: center; justify-content: center; background: transparent; border: 1px solid var(--quest-gold-dim); color: var(--quest-gold-bright); opacity: 1; transform: none;"[39m
                      [36m>[39m
                        [0m✔[0m
                      [36m</div>[39m
                    [36m</div>[39m
                  [36m</div>[39m
                  [36m<div[39m
                    [33mclass[39m=[32m"quest-item-card "[39m
                  [36m>[39m
                    [36m<div[39m
                      [33mstyle[39m=[32m"display: flex; align-items: center; gap: 12px;"[39m
                    [36m>[39m
                      [36m<span[39m
                        [33mclass[39m=[32m"quest-item-emoji"[39m
                      [36m>[39m
                        [0m📜[0m
                      [36m</span>[39m
                      [36m<div[39m
                        [33mstyle[39m=[32m"flex: 1 1 0%;"[39m
                      [36m>[39m
                        [36m<h4[39m
                          [33mclass[39m=[32m"quest-item-title"[39m
                        [36m>[39m
                          [0mHydration Ritual[0m
                        [36m</h4>[39m
                        [36m<div[39m
                          [33mstyle[39m=[32m"display: flex; align-items: center; gap: 10px; margin-top: 4px;"[39m
                        [36m>[39m
                          [36m<span[39m
                            [33mclass[39m=[32m"quest-progress-num"[39m
                          [36m>[39m
                            [0m3[0m
                            [0m/[0m
                            [0m4[0m
                            [0m [0m
                            [0mglasses[0m
                          [36m</span>[39m
                          [36m<span[39m
                            [33mclass[39m=[32m"quest-reward-pill"[39m
                          [36m>[39m
                            [0mXP [0m
                            [0m80[0m
                          [36m</span>[39m
                        [36m</div>[39m
                      [36m</div>[39m
                      [36m<button[39m
                        [33mclass[39m=[32m"quest-claim-btn glass"[39m
                        [33mstyle[39m=[32m"opacity: 1;"[39m
                        [33mtabindex[39m=[32m"0"[39m
                        [33mtype[39m=[32m"button"[39m
                      [36m>[39m
                        [0mView[0m
                      [36m</button>[39m
                    [36m</div>[39m
                  [36m</div>[39m
                  [36m<div[39m
                    [33mclass[39m=[32m"quest-item-card "[39m
                  [36m>[39m
                    [36m<div[39m
                      [33mstyle[39m=[32m"display: flex; align-items: center; gap: 12px;"[39m
                    [36m>[39m
                      [36m<span[39m
                        [33mclass[39m=[32m"quest-item-emoji"[39m
                      [36m>[39m
                        [0m📜[0m
                      [36m</span>[39m
                      [36m<div[39m
                        [33mstyle[39m=[32m"flex: 1 1 0%;"[39m
                      [36m>[39m
                        [36m<h4[39m
                          [33mclass[39m=[32m"quest-item-title"[39m
                        [36m>[39m
                          [0mDigital Sunset[0m
                        [36m</h4>[39m
                        [36m<div[39m
                          [33mstyle[39m=[32m"display: flex; align-items: center; gap: 10px; margin-top: 4px;"[39m
                        [36m>[39m
                          [36m<span[39m
                            [33mclass[39m=[32m"quest-progress-num"[39m
                          [36m>[39m
                            [0m0[0m
                            [0m/[0m
                            [0m1[0m
                            [0m [0m
                            [0mnight[0m
                          [36m</span>[39m
                          [36m<span[39m
                            [33mclass[39m=[32m"quest-reward-pill"[39m
                          [36m>[39m
                            [0mXP [0m
                            [0m150[0m
                          [36m</span>[39m
                        [36m</div>[39m
                      [36m</div>[39m
                      [36m<button[39m
                        [33mclass[39m=[32m"quest-claim-btn glass"[39m
                        [33mstyle[39m=[32m"opacity: 1;"[39m
                        [33mtabindex[39m=[32m"0"[39m
                        [33mtype[39m=[32m"button"[39m
                      [36m>[39m
                        [0mView[0m
                      [36m</button>[39m
                    [36m</div>[39m
                  [36m</div>[39m
                [36m</div>[39m
              [36m</main>[39m
            [36m</div>[39m
          [36m</div>[39m
        [36m</div>[39m
        [36m<nav[39m
          [33maria-label[39m=[32m"Primary Navigation"[39m
          [33mclass[39m=[32m"mobile-bottom-dock"[39m
        [36m>[39m
          [36m<a[39m
            [33mclass[39m=[32m"dock-item "[39m
            [33mhref[39m=[32m"/app"[39m
          [36m>[39m
            [36m<svg[39m
              [33maria-hidden[39m=[32m"true"[39m
              [33mfocusable[39m=[32m"false"[39m
              [33mviewBox[39m=[32m"0 0 24 24"[39m
            [36m>[39m
              [36m<path[39m
                [33md[39m=[32m"M12 2.5a9.5 9.5 0 1 1 0 19 9.5 9.5 0 0 1 0-19Zm3.7 5.8-5.4 2-2 5.4 5.4-2 2-5.4Z"[39m
              [36m/>[39m
            [36m</svg>[39m
            [36m<span>[39m
              [0mMap[0m
            [36m</span>[39m
          [36m</a>[39m
          [36m<a[39m
            [33maria-current[39m=[32m"page"[39m
            [33mclass[39m=[32m"dock-item active"[39m
            [33mhref[39m=[32m"/app/quests"[39m
          [36m>[39m
            [36m<svg[39m
              [33maria-hidden[39m=[32m"true"[39m
              [33mfocusable[39m=[32m"false"[39m
              [33mviewBox[39m=[32m"0 0 24 24"[39m
            [36m>[39m
              [36m<path[39m
                [33md[39m=[32m"M6 3h11a3 3 0 0 1 3 3v1h-3v13H7a4 4 0 0 1-4-4V5a2 2 0 0 1 3-2Zm0 14h8V6H6v11Zm1-8h6v2H7V9Zm0 4h6v2H7v-2Z"[39m
              [36m/>[39m
            [36m</svg>[39m
            [36m<span>[39m
              [0mQuests[0m
            [36m</span>[39m
          [36m</a>[39m
          [36m<div[39m
            [33mclass[39m=[32m"dock-shutter-item"[39m
          [36m>[39m
            [36m<button[39m
              [33maria-label[39m=[32m"Open Camera Capture"[39m
              [33mclass[39m=[32m"dock-shutter-btn"[39m
              [33mtabindex[39m=[32m"0"[39m
              [33mtype[39m=[32m"button"[39m
            [36m>[39m
              [36m<svg[39m
                [33maria-hidden[39m=[32m"true"[39m
                [33mfocusable[39m=[32m"false"[39m
                [33mviewBox[39m=[32m"0 0 24 24"[39m
              [36m>[39m
                [36m<path[39m
                  [33md[39m=[32m"M9 4h6l1.2 2H19a2 2 0 0 1 2 2v10a2 2 0 0 1-2 2H5a2 2 0 0 1-2-2V8a2 2 0 0 1 2-2h2.8L9 4Zm3 5.5a4 4 0 1 0 0 8 4 4 0 0 0 0-8Zm0 2a2 2 0 1 1 0 4 2 2 0 0 1 0-4Z"[39m
                [36m/>[39m
              [36m</svg>[39m
            [36m</button>[39m
          [36m</div>[39m
          [36m<a[39m
            [33mclass[39m=[32m"dock-item "[39m
            [33mhref[39m=[32m"/app/collection"[39m
          [36m>[39m
            [36m<svg[39m
              [33maria-hidden[39m=[32m"true"[39m
              [33mfocusable[39m=[32m"false"[39m
              [33mviewBox[39m=[32m"0 0 24 24"[39m
            [36m>[39m
              [36m<path[39m
                [33md[39m=[32m"M3 5.5C6 4.4 9 4.8 11 6v14c-2-1.2-5-1.6-8-.5v-14Zm18 0c-3-1.1-6-.7-8 .5v14c2-1.2 5-1.6 8-.5v-14Z"[39m
              [36m/>[39m
            [36m</svg>[39m
            [36m<span>[39m
              [0mCollection[0m
            [36m</span>[39m
          [36m</a>[39m
          [36m<a[39m
            [33mclass[39m=[32m"dock-item "[39m
            [33mhref[39m=[32m"/app/community"[39m
          [36m>[39m
            [36m<svg[39m
              [33maria-hidden[39m=[32m"true"[39m
              [33mfocusable[39m=[32m"false"[39m
              [33mviewBox[39m=[32m"0 0 24 24"[39m
            [36m>[39m
              [36m<path[39m
                [33md[39m=[32m"M12 2.7 20 6v5.9c0 4.8-3.2 8.2-8 9.4-4.8-1.2-8-4.6-8-9.4V6l8-3.3Zm0 3L6.5 8v3.9c0 3.4 2 5.7 5.5 6.8 3.5-1.1 5.5-3.4 5.5-6.8V8L12 5.7Z"[39m
              [36m/>[39m
            [36m</svg>[39m
            [36m<span>[39m
              [0mCommunity[0m
            [36m</span>[39m
          [36m</a>[39m
        [36m</nav>[39m
      [36m</div>[39m
      [36m<div[39m
        [33maria-label[39m=[32m"Today's moment"[39m
        [33maria-modal[39m=[32m"true"[39m
        [33mclass[39m=[32m"dawn-moment-overlay"[39m
        [33mrole[39m=[32m"dialog"[39m
        [33mstyle[39m=[32m"opacity: 1;"[39m
      [36m>[39m
        [36m<div[39m
          [33mclass[39m=[32m"dawn-moment-card"[39m
          [33mstyle[39m=[32m"opacity: 1; transform: none;"[39m
        [36m>[39m
          [36m<span[39m
            [33maria-hidden[39m=[32m"true"[39m
            [33mclass[39m=[32m"dawn-moment-mark"[39m
          [36m>[39m
            [0m✦[0m
          [36m</span>[39m
          [36m<p>[39m
            [0mThe quiet hours favor the determined.[0m
          [36m</p>[39m
          [36m<button[39m
            [33mclass[39m=[32m"dawn-moment-continue"[39m
            [33mtype[39m=[32m"button"[39m
          [36m>[39m
            [0mContinue[0m
          [36m</button>[39m
        [36m</div>[39m
      [36m</div>[39m
    [36m</div>[39m
  [36m</div>[39m
[36m</body>[39m

Ignored nodes: comments, script, style
[36m<body>[39m
  [36m<div>[39m
    [36m<div[39m
      [33mclass[39m=[32m"app-shell"[39m
    [36m>[39m
      [36m<div[39m
        [33maria-hidden[39m=[32m"true"[39m
        [33mclass[39m=[32m"world-ambience world-ambience-night"[39m
        [33mstyle[39m=[32m"background: radial-gradient(circle at 50% -10%, rgba(80, 90, 140, 0.08), transparent 65%); opacity: 0.8725878096593078;"[39m
      [36m/>[39m
      [36m<div[39m
        [33mclass[39m=[32m"dev-auth-banner"[39m
        [33mrole[39m=[32m"status"[39m
      [36m>[39m
        [0mDevelopment auth active — this is a local identity, not a real account.[0m
      [36m</div>[39m
      [36m<header[39m
        [33mclass[39m=[32m"topbar"[39m
      [36m>[39m
        [36m<div[39m
          [33mclass[39m=[32m"brand-lockup"[39m
          [33mtabindex[39m=[32m"0"[39m
        [36m>[39m
          [36m<span[39m
            [33maria-hidden[39m=[32m"true"[39m
            [33mclass[39m=[32m"brand-mark"[39m
          [36m>[39m
            [0m🌿[0m
          [36m</span>[39m
          [36m<div>[39m
            [36m<strong>[39m
              [0mWILD REALM[0m
            [36m</strong>[39m
          [36m</div>[39m
        [36m</div>[39m
        [36m<div[39m
          [33mclass[39m=[32m"user-profile-trigger"[39m
        [36m>[39m
          [36m<div[39m
            [33mclass[39m=[32m"quick-stat shell-xp"[39m
          [36m>[39m
            [36m<strong>[39m
              [0m7,250[0m
            [36m</strong>[39m
            [36m<span>[39m
              [0mXP[0m
            [36m</span>[39m
          [36m</div>[39m
          [36m<button[39m
            [33maria-label[39m=[32m"Settings"[39m
            [33mclass[39m=[32m"magnetic-button round-action "[39m
            [33mstyle[39m=[32m"transform: none;"[39m
            [33mtabindex[39m=[32m"0"[39m
            [33mtype[39m=[32m"button"[39m
          [36m>[39m
            [36m<span[39m
              [33mclass[39m=[32m"magnetic-button-content"[39m
            [36m>[39m
              [36m<svg[39m
                [33maria-hidden[39m=[32m"true"[39m
                [33mfocusable[39m=[32m"false"[39m
                [33mviewBox[39m=[32m"0 0 24 24"[39m
              [36m>[39m
                [36m<path[39m
                  [33md[39m=[32m"m10.7 2 2.6 0 .5 2a8 8 0 0 1 1.6.7l1.8-1 1.8 1.8-1 1.8c.3.5.5 1 .7 1.6l2 .5v2.6l-2 .5a8 8 0 0 1-.7 1.6l1 1.8-1.8 1.8-1.8-1a8 8 0 0 1-1.6.7l-.5 2h-2.6l-.5-2a8 8 0 0 1-1.6-.7l-1.8 1L5 15.4l1-1.8a8 8 0 0 1-.7-1.6l-2-.5V9l2-.5A8 8 0 0 1 6 7L5 5.2l1.8-1.8 1.8 1a8 8 0 0 1 1.6-.7l.5-2ZM12 8a3 3 0 1 0 0 6 3 3 0 0 0 0-6Z"[39m
                [36m/>[39m
              [36m</svg>[39m
            [36m</span>[39m
            [36m<span[39m
              [33maria-hidden[39m=[32m"true"[39m
              [33mclass[39m=[32m"magnetic-button-glow"[39m
            [36m/>[39m
          [36m</button>[39m
          [36m<button[39m
            [33maria-label[39m=[32m"Sign out"[39m
            [33mclass[39m=[32m"magnetic-button ghost-action "[39m
            [33mstyle[39m=[32m"transform: none;"[39m
            [33mtabindex[39m=[32m"0"[39m
            [33mtype[39m=[32m"button"[39m
          [36m>[39m
            [36m<span[39m
              [33mclass[39m=[32m"magnetic-button-content"[39m
            [36m>[39m
              [0mSign out[0m
            [36m</span>[39m
            [36m<span[39m
              [33maria-hidden[39m=[32m"true"[39m
              [33mclass[39m=[32m"magnetic-button-glow"[39m
            [36m/>[39m
          [36m</button>[39m
        [36m</div>[39m
      [36m</header>[39m
      [36m<div[39m
        [33mclass[39m=[32m"mobile-content-area "[39m
      [36m>[39m
        [36m<div[39m
          [33mclass[39m=[32m"ptr-container"[39m
          [33mstyle[39m=[32m"overflow-y: auto; height: 100%;"[39m
        [36m>[39m
          [36m<div[39m
            [33mclass[39m=[32m"ptr-indicator"[39m
          [36m>[39m
            [36m<div[39m
              [33mstyle[39m=[32m"transform: none;"[39m
            [36m>[39m
              [36m<svg[39m
                [33maria-hidden[39m=[32m"true"[39m
                [33mfocusable[39m=[32m"false"[39m
                [33mviewBox[39m=[32m"0 0 24 24"[39m
              [36m/>[39m
            [36m</div>[39m
          [36m</div>[39m
          [36m<div[39m
            [33mstyle[39m=[32m"min-height: 100%; transform: none;"[39m
          [36m>[39m
            [36m<div[39m
              [33mclass[39m=[32m"journal-page-transition route-stage"[39m
              [33mstyle[39m=[32m"width: 100%; opacity: 1; filter: blur(0px); transform: none;"[39m
            [36m>[39m
              [36m<main[39m
                [33mclass[39m=[32m"quests-shell"[39m
              [36m>[39m
                [36m<h1[39m
                  [33mclass[39m=[32m"sr-only"[39m
                [36m>[39m
                  [0mQuests[0m
                [36m</h1>[39m
                [36m<div[39m
                  [33mclass[39m=[32m"quest-user-topbar"[39m
                [36m>[39m
                  [36m<div[39m
                    [33mstyle[39m=[32m"display: flex; align-items: center; gap: 10px;"[39m
                  [36m>[39m
                    [36m<div[39m
                      [33mclass[39m=[32m"quest-user-avatar"[39m
                    [36m>[39m
                      [36m<img[39m
                        [33malt[39m=[32m"User Avatar"[39m
                        [33msrc[39m=[32m"/assets/african-grey-parrot.png"[39m
                      [36m/>[39m
                    [36m</div>[39m
                    [36m<div>[39m
                      [36m<h3[39m
                        [33mstyle[39m=[32m"font-size: 0.95rem; margin: 0px; font-weight: 800;"[39m
                      [36m>[39m
                        [0mGuest Wayfarer[0m
                      [36m</h3>[39m
                      [36m<small[39m
                        [33mstyle[39m=[32m"color: var(--wild-emerald); font-size: 0.72rem; font-weight: 700;"[39m
                      [36m>[39m
                        [0mGold[0m
                        [0m [0m
                        [0m14[0m
                        [0m • [0m
                        [0m250[0m
                        [0m / [0m
                        [0m500[0m
                        [0m XP[0m
                      [36m</small>[39m
                    [36m</div>[39m
                  [36m</div>[39m
                  [36m<div[39m
                    [33mclass[39m=[32m"quest-coin-badge"[39m
                  [36m>[39m
                    [0m🪙 [0m
                    [36m<span>[39m
                      [0m1,450[0m
                    [36m</span>[39m
                  [36m</div>[39m
                [36m</div>[39m
                [36m<div[39m
                  [33mclass[39m=[32m"quest-cadence-tabs"[39m
                  [33mstyle[39m=[32m"position: relative;"[39m
                [36m>[39m
                  [36m<button[39m
                    [33mclass[39m=[32m"quest-cadence-btn active"[39m
                    [33mstyle[39m=[32m"position: relative; z-index: 1;"[39m
                    [33mtabindex[39m=[32m"0"[39m
                    [33mtype[39m=[32m"button"[39m
                  [36m>[39m
                    [36m<div[39m
                      [33mstyle[39m=[32m"position: absolute; inset: 0; background: var(--quest-surface); z-index: -1; border: 1px solid rgba(255, 255, 255, 0.06); border-radius: 8px; opacity: 1;"[39m
                    [36m/>[39m
                    [36m<span[39m
                      [33mstyle[39m=[32m"position: relative; z-index: 2;"[39m
                    [36m>[39m
                      [0mDAILY[0m
                    [36m</span>[39m
                  [36m</button>[39m
                  [36m<button[39m
                    [33mclass[39m=[32m"quest-cadence-btn "[39m
                    [33mstyle[39m=[32m"position: relative; z-index: 1;"[39m
                    [33mtabindex[39m=[32m"0"[39m
                    [33mtype[39m=[32m"button"[39m
                  [36m>[39m
                    [36m<span[39m
                      [33mstyle[39m=[32m"position: relative; z-index: 2;"[39m
                    [36m>[39m
                      [0mWEEKLY[0m
                    [36m</span>[39m
                  [36m</button>[39m
                  [36m<button[39m
                    [33mclass[39m=[32m"quest-cadence-btn "[39m
                    [33mstyle[39m=[32m"position: relative; z-index: 1;"[39m
                    [33mtabindex[39m=[32m"0"[39m
                    [33mtype[39m=[32m"button"[39m
                  [36m>[39m
                    [36m<span[39m
                      [33mstyle[39m=[32m"position: relative; z-index: 2;"[39m
                    [36m>[39m
                      [0mMONTHLY[0m
                    [36m</span>[39m
                  [36m</button>[39m
                [36m</div>[39m
                [36m<div[39m
                  [33mclass[39m=[32m"quests-card-list"[39m
                [36m>[39m
                  [36m<div[39m
                    [33mclass[39m=[32m"quest-item-card completed"[39m
                  [36m>[39m
                    [36m<div[39m
                      [33mstyle[39m=[32m"display: flex; align-items: center; gap: 12px;"[39m
                    [36m>[39m
                      [36m<span[39m
                        [33mclass[39m=[32m"quest-item-emoji"[39m
                      [36m>[39m
                        [0m📜[0m
                      [36m</span>[39m
                      [36m<div[39m
                        [33mstyle[39m=[32m"flex: 1 1 0%;"[39m
                      [36m>[39m
                        [36m<h4[39m
                          [33mclass[39m=[32m"quest-item-title"[39m
                        [36m>[39m
                          [0mMorning Sanctuary[0m
                        [36m</h4>[39m
                        [36m<div[39m
                          [33mstyle[39m=[32m"display: flex; align-items: center; gap: 10px; margin-top: 4px;"[39m
                        [36m>[39m
                          [36m<span[39m
                            [33mclass[39m=[32m"quest-progress-num"[39m
                          [36m>[39m
                            [0m1[0m
                            [0m/[0m
                            [0m1[0m
                            [0m [0m
                            [0msession[0m
                          [36m</span>[39m
                          [36m<span[39m
                            [33mclass[39m=[32m"quest-reward-pill"[39m
                          [36m>[39m
                            [0mXP [0m
                            [0m120[0m
                          [36m</span>[39m
                        [36m</div>[39m
                      [36m</div>[39m
                      [36m<div[39m
                        [33mclass[39m=[32m"quest-claim-btn"[39m
                        [33mstyle[39m=[32m"display: flex; align-items: center; justify-content: center; background: transparent; border: 1px solid var(--quest-gold-dim); color: var(--quest-gold-bright); opacity: 1; transform: none;"[39m
                      [36m>[39m
                        [0m✔[0m
                      [36m</div>[39m
                    [36m</div>[39m
                  [36m</div>[39m
                  [36m<div[39m
                    [33mclass[39m=[32m"quest-item-card "[39m
                  [36m>[39m
                    [36m<div[39m
                      [33mstyle[39m=[32m"display: flex; align-items: center; gap: 12px;"[39m
                    [36m>[39m
                      [36m<span[39m
                        [33mclass[39m=[32m"quest-item-emoji"[39m
                      [36m>[39m
                        [0m📜[0m
                      [36m</span>[39m
                      [36m<div[39m
                        [33mstyle[39m=[32m"flex: 1 1 0%;"[39m
                      [36m>[39m
                        [36m<h4[39m
                          [33mclass[39m=[32m"quest-item-title"[39m
                        [36m>[39m
                          [0mHydration Ritual[0m
                        [36m</h4>[39m
                        [36m<div[39m
                          [33mstyle[39m=[32m"display: flex; align-items: center; gap: 10px; margin-top: 4px;"[39m
                        [36m>[39m
                          [36m<span[39m
                            [33mclass[39m=[32m"quest-progress-num"[39m
                          [36m>[39m
                            [0m3[0m
                            [0m/[0m
                            [0m4[0m
                            [0m [0m
                            [0mglasses[0m
                          [36m</span>[39m
                          [36m<span[39m
                            [33mclass[39m=[32m"quest-reward-pill"[39m
                          [36m>[39m
                            [0mXP [0m
                            [0m80[0m
                          [36m</span>[39m
                        [36m</div>[39m
                      [36m</div>[39m
                      [36m<button[39m
                        [33mclass[39m=[32m"quest-claim-btn glass"[39m
                        [33mstyle[39m=[32m"opacity: 1;"[39m
                        [33mtabindex[39m=[32m"0"[39m
                        [33mtype[39m=[32m"button"[39m
                      [36m>[39m
                        [0mView[0m
                      [36m</button>[39m
                    [36m</div>[39m
                  [36m</div>[39m
                  [36m<div[39m
                    [33mclass[39m=[32m"quest-item-card "[39m
                  [36m>[39m
                    [36m<div[39m
                      [33mstyle[39m=[32m"display: flex; align-items: center; gap: 12px;"[39m
                    [36m>[39m
                      [36m<span[39m
                        [33mclass[39m=[32m"quest-item-emoji"[39m
                      [36m>[39m
                        [0m📜[0m
                      [36m</span>[39m
                      [36m<div[39m
                        [33mstyle[39m=[32m"flex: 1 1 0%;"[39m
                      [36m>[39m
                        [36m<h4[39m
                          [33mclass[39m=[32m"quest-item-title"[39m
                        [36m>[39m
                          [0mDigital Sunset[0m
                        [36m</h4>[39m
                        [36m<div[39m
                          [33mstyle[39m=[32m"display: flex; align-items: center; gap: 10px; margin-top: 4px;"[39m
                        [36m>[39m
                          [36m<span[39m
                            [33mclass[39m=[32m"quest-progress-num"[39m
                          [36m>[39m
                            [0m0[0m
                            [0m/[0m
                            [0m1[0m
                            [0m [0m
                            [0mnight[0m
                          [36m</span>[39m
                          [36m<span[39m
                            [33mclass[39m=[32m"quest-reward-pill"[39m
                          [36m>[39m
                            [0mXP [0m
                            [0m150[0m
                          [36m</span>[39m
                        [36m</div>[39m
                      [36m</div>[39m
                      [36m<button[39m
                        [33mclass[39m=[32m"quest-claim-btn glass"[39m
                        [33mstyle[39m=[32m"opacity: 1;"[39m
                        [33mtabindex[39m=[32m"0"[39m
                        [33mtype[39m=[32m"button"[39m
                      [36m>[39m
                        [0mView[0m
                      [36m</button>[39m
                    [36m</div>[39m
                  [36m</div>[39m
                [36m</div>[39m
              [36m</main>[39m
            [36m</div>[39m
          [36m</div>[39m
        [36m</div>[39m
        [36m<nav[39m
          [33maria-label[39m=[32m"Primary Navigation"[39m
          [33mclass[39m=[32m"mobile-bottom-dock"[39m
        [36m>[39m
          [36m<a[39m
            [33mclass[39m=[32m"dock-item "[39m
            [33mhref[39m=[32m"/app"[39m
          [36m>[39m
            [36m<svg[39m
              [33maria-hidden[39m=[32m"true"[39m
              [33mfocusable[39m=[32m"false"[39m
              [33mviewBox[39m=[32m"0 0 24 24"[39m
            [36m>[39m
              [36m<path[39m
                [33md[39m=[32m"M12 2.5a9.5 9.5 0 1 1 0 19 9.5 9.5 0 0 1 0-19Zm3.7 5.8-5.4 2-2 5.4 5.4-2 2-5.4Z"[39m
              [36m/>[39m
            [36m</svg>[39m
            [36m<span>[39m
              [0mMap[0m
            [36m</span>[39m
          [36m</a>[39m
          [36m<a[39m
            [33maria-current[39m=[32m"page"[39m
            [33mclass[39m=[32m"dock-item active"[39m
            [33mhref[39m=[32m"/app/quests"[39m
          [36m>[39m
            [36m<svg[39m
              [33maria-hidden[39m=[32m"true"[39m
              [33mfocusable[39m=[32m"false"[39m
              [33mviewBox[39m=[32m"0 0 24 24"[39m
            [36m>[39m
              [36m<path[39m
                [33md[39m=[32m"M6 3h11a3 3 0 0 1 3 3v1h-3v13H7a4 4 0 0 1-4-4V5a2 2 0 0 1 3-2Zm0 14h8V6H6v11Zm1-8h6v2H7V9Zm0 4h6v2H7v-2Z"[39m
              [36m/>[39m
            [36m</svg>[39m
            [36m<span>[39m
              [0mQuests[0m
            [36m</span>[39m
          [36m</a>[39m
          [36m<div[39m
            [33mclass[39m=[32m"dock-shutter-item"[39m
          [36m>[39m
            [36m<button[39m
              [33maria-label[39m=[32m"Open Camera Capture"[39m
              [33mclass[39m=[32m"dock-shutter-btn"[39m
              [33mtabindex[39m=[32m"0"[39m
              [33mtype[39m=[32m"button"[39m
            [36m>[39m
              [36m<svg[39m
                [33maria-hidden[39m=[32m"true"[39m
                [33mfocusable[39m=[32m"false"[39m
                [33mviewBox[39m=[32m"0 0 24 24"[39m
              [36m>[39m
                [36m<path[39m
                  [33md[39m=[32m"M9 4h6l1.2 2H19a2 2 0 0 1 2 2v10a2 2 0 0 1-2 2H5a2 2 0 0 1-2-2V8a2 2 0 0 1 2-2h2.8L9 4Zm3 5.5a4 4 0 1 0 0 8 4 4 0 0 0 0-8Zm0 2a2 2 0 1 1 0 4 2 2 0 0 1 0-4Z"[39m
                [36m/>[39m
              [36m</svg>[39m
            [36m</button>[39m
          [36m</div>[39m
          [36m<a[39m
            [33mclass[39m=[32m"dock-item "[39m
            [33mhref[39m=[32m"/app/collection"[39m
          [36m>[39m
            [36m<svg[39m
              [33maria-hidden[39m=[32m"true"[39m
              [33mfocusable[39m=[32m"false"[39m
              [33mviewBox[39m=[32m"0 0 24 24"[39m
            [36m>[39m
              [36m<path[39m
                [33md[39m=[32m"M3 5.5C6 4.4 9 4.8 11 6v14c-2-1.2-5-1.6-8-.5v-14Zm18 0c-3-1.1-6-.7-8 .5v14c2-1.2 5-1.6 8-.5v-14Z"[39m
              [36m/>[39m
            [36m</svg>[39m
            [36m<span>[39m
              [0mCollection[0m
            [36m</span>[39m
          [36m</a>[39m
          [36m<a[39m
            [33mclass[39m=[32m"dock-item "[39m
            [33mhref[39m=[32m"/app/community"[39m
          [36m>[39m
            [36m<svg[39m
              [33maria-hidden[39m=[32m"true"[39m
              [33mfocusable[39m=[32m"false"[39m
              [33mviewBox[39m=[32m"0 0 24 24"[39m
            [36m>[39m
              [36m<path[39m
                [33md[39m=[32m"M12 2.7 20 6v5.9c0 4.8-3.2 8.2-8 9.4-4.8-1.2-8-4.6-8-9.4V6l8-3.3Zm0 3L6.5 8v3.9c0 3.4 2 5.7 5.5 6.8 3.5-1.1 5.5-3.4 5.5-6.8V8L12 5.7Z"[39m
              [36m/>[39m
            [36m</svg>[39m
            [36m<span>[39m
              [0mCommunity[0m
            [36m</span>[39m
          [36m</a>[39m
        [36m</nav>[39m
      [36m</div>[39m
      [36m<div[39m
        [33maria-label[39m=[32m"Today's moment"[39m
        [33maria-modal[39m=[32m"true"[39m
        [33mclass[39m=[32m"dawn-moment-overlay"[39m
        [33mrole[39m=[32m"dialog"[39m
        [33mstyle[39m=[32m"opacity: 1;"[39m
      [36m>[39m
        [36m<div[39m
          [33mclass[39m=[32m"dawn-moment-card"[39m
          [33mstyle[39m=[32m"opacity: 1; transform: none;"[39m
        [36m>[39m
          [36m<span[39m
            [33maria-hidden[39m=[32m"true"[39m
            [33mclass[39m=[32m"dawn-moment-mark"[39m
          [36m>[39m
            [0m✦[0m
          [36m</span>[39m
          [36m<p>[39m
            [0mThe quiet hours favor the determined.[0m
          [36m</p>[39m
          [36m<button[39m
            [33mclass[39m=[32m"dawn-moment-continue"[39m
            [33mtype[39m=[32m"button"[39m
          [36m>[39m
            [0mContinue[0m
          [36m</button>[39m
        [36m</div>[39m
      [36m</div>[39m
    [36m</div>[39m
  [36m</div>[39m
[36m</body>[39m
 ❯ waitForWrapper node_modules/@testing-library/dom/dist/wait-for.js:163:27
 ❯ node_modules/@testing-library/dom/dist/query-helpers.js:86:33
 ❯ src/App.test.jsx:92:26
     90| 
     91|     await screen.findByRole('heading', { name: /^quests$/i, hidden: tr…
     92|     expect((await screen.findAllByText(/morning mindfulness/i)).length…
       |                          ^
     93|   });
     94| 

⎯⎯⎯⎯⎯⎯⎯⎯⎯⎯⎯⎯⎯⎯⎯⎯⎯⎯⎯⎯⎯⎯⎯⎯[1/4]⎯

 FAIL  src/App.test.jsx > App (development auth mode) > submits quest completion through the backend before showing completion feedback
TestingLibraryElementError: Unable to find an element with the text: /morning mindfulness/i. This could be because the text is broken up by multiple elements. In this case, you can provide a function for your text matcher to make your matcher more flexible.

Ignored nodes: comments, script, style
[36m<body>[39m
  [36m<div>[39m
    [36m<div[39m
      [33mclass[39m=[32m"app-shell"[39m
    [36m>[39m
      [36m<div[39m
        [33maria-hidden[39m=[32m"true"[39m
        [33mclass[39m=[32m"world-ambience world-ambience-night"[39m
        [33mstyle[39m=[32m"background: radial-gradient(circle at 50% -10%, rgba(80, 90, 140, 0.08), transparent 65%); opacity: 0.6894171745225322;"[39m
      [36m/>[39m
      [36m<div[39m
        [33mclass[39m=[32m"dev-auth-banner"[39m
        [33mrole[39m=[32m"status"[39m
      [36m>[39m
        [0mDevelopment auth active — this is a local identity, not a real account.[0m
      [36m</div>[39m
      [36m<header[39m
        [33mclass[39m=[32m"topbar"[39m
      [36m>[39m
        [36m<div[39m
          [33mclass[39m=[32m"brand-lockup"[39m
          [33mtabindex[39m=[32m"0"[39m
        [36m>[39m
          [36m<span[39m
            [33maria-hidden[39m=[32m"true"[39m
            [33mclass[39m=[32m"brand-mark"[39m
          [36m>[39m
            [0m🌿[0m
          [36m</span>[39m
          [36m<div>[39m
            [36m<strong>[39m
              [0mWILD REALM[0m
            [36m</strong>[39m
          [36m</div>[39m
        [36m</div>[39m
        [36m<div[39m
          [33mclass[39m=[32m"user-profile-trigger"[39m
        [36m>[39m
          [36m<div[39m
            [33mclass[39m=[32m"quick-stat shell-xp"[39m
          [36m>[39m
            [36m<strong>[39m
              [0m7,250[0m
            [36m</strong>[39m
            [36m<span>[39m
              [0mXP[0m
            [36m</span>[39m
          [36m</div>[39m
          [36m<button[39m
            [33maria-label[39m=[32m"Settings"[39m
            [33mclass[39m=[32m"magnetic-button round-action "[39m
            [33mstyle[39m=[32m"transform: none;"[39m
            [33mtabindex[39m=[32m"0"[39m
            [33mtype[39m=[32m"button"[39m
          [36m>[39m
            [36m<span[39m
              [33mclass[39m=[32m"magnetic-button-content"[39m
            [36m>[39m
              [36m<svg[39m
                [33maria-hidden[39m=[32m"true"[39m
                [33mfocusable[39m=[32m"false"[39m
                [33mviewBox[39m=[32m"0 0 24 24"[39m
              [36m>[39m
                [36m<path[39m
                  [33md[39m=[32m"m10.7 2 2.6 0 .5 2a8 8 0 0 1 1.6.7l1.8-1 1.8 1.8-1 1.8c.3.5.5 1 .7 1.6l2 .5v2.6l-2 .5a8 8 0 0 1-.7 1.6l1 1.8-1.8 1.8-1.8-1a8 8 0 0 1-1.6.7l-.5 2h-2.6l-.5-2a8 8 0 0 1-1.6-.7l-1.8 1L5 15.4l1-1.8a8 8 0 0 1-.7-1.6l-2-.5V9l2-.5A8 8 0 0 1 6 7L5 5.2l1.8-1.8 1.8 1a8 8 0 0 1 1.6-.7l.5-2ZM12 8a3 3 0 1 0 0 6 3 3 0 0 0 0-6Z"[39m
                [36m/>[39m
              [36m</svg>[39m
            [36m</span>[39m
            [36m<span[39m
              [33maria-hidden[39m=[32m"true"[39m
              [33mclass[39m=[32m"magnetic-button-glow"[39m
            [36m/>[39m
          [36m</button>[39m
          [36m<button[39m
            [33maria-label[39m=[32m"Sign out"[39m
            [33mclass[39m=[32m"magnetic-button ghost-action "[39m
            [33mstyle[39m=[32m"transform: none;"[39m
            [33mtabindex[39m=[32m"0"[39m
            [33mtype[39m=[32m"button"[39m
          [36m>[39m
            [36m<span[39m
              [33mclass[39m=[32m"magnetic-button-content"[39m
            [36m>[39m
              [0mSign out[0m
            [36m</span>[39m
            [36m<span[39m
              [33maria-hidden[39m=[32m"true"[39m
              [33mclass[39m=[32m"magnetic-button-glow"[39m
            [36m/>[39m
          [36m</button>[39m
        [36m</div>[39m
      [36m</header>[39m
      [36m<div[39m
        [33mclass[39m=[32m"mobile-content-area "[39m
      [36m>[39m
        [36m<div[39m
          [33mclass[39m=[32m"ptr-container"[39m
          [33mstyle[39m=[32m"overflow-y: auto; height: 100%;"[39m
        [36m>[39m
          [36m<div[39m
            [33mclass[39m=[32m"ptr-indicator"[39m
          [36m>[39m
            [36m<div[39m
              [33mstyle[39m=[32m"transform: none;"[39m
            [36m>[39m
              [36m<svg[39m
                [33maria-hidden[39m=[32m"true"[39m
                [33mfocusable[39m=[32m"false"[39m
                [33mviewBox[39m=[32m"0 0 24 24"[39m
              [36m/>[39m
            [36m</div>[39m
          [36m</div>[39m
          [36m<div[39m
            [33mstyle[39m=[32m"min-height: 100%; transform: none;"[39m
          [36m>[39m
            [36m<div[39m
              [33mclass[39m=[32m"journal-page-transition route-stage"[39m
              [33mstyle[39m=[32m"width: 100%; opacity: 1; filter: blur(0px); transform: none;"[39m
            [36m>[39m
              [36m<main[39m
                [33mclass[39m=[32m"quests-shell"[39m
              [36m>[39m
                [36m<h1[39m
                  [33mclass[39m=[32m"sr-only"[39m
                [36m>[39m
                  [0mQuests[0m
                [36m</h1>[39m
                [36m<div[39m
                  [33mclass[39m=[32m"quest-user-topbar"[39m
                [36m>[39m
                  [36m<div[39m
                    [33mstyle[39m=[32m"display: flex; align-items: center; gap: 10px;"[39m
                  [36m>[39m
                    [36m<div[39m
                      [33mclass[39m=[32m"quest-user-avatar"[39m
                    [36m>[39m
                      [36m<img[39m
                        [33malt[39m=[32m"User Avatar"[39m
                        [33msrc[39m=[32m"/assets/african-grey-parrot.png"[39m
                      [36m/>[39m
                    [36m</div>[39m
                    [36m<div>[39m
                      [36m<h3[39m
                        [33mstyle[39m=[32m"font-size: 0.95rem; margin: 0px; font-weight: 800;"[39m
                      [36m>[39m
                        [0mGuest Wayfarer[0m
                      [36m</h3>[39m
                      [36m<small[39m
                        [33mstyle[39m=[32m"color: var(--wild-emerald); font-size: 0.72rem; font-weight: 700;"[39m
                      [36m>[39m
                        [0mGold[0m
                        [0m [0m
                        [0m14[0m
                        [0m • [0m
                        [0m250[0m
                        [0m / [0m
                        [0m500[0m
                        [0m XP[0m
                      [36m</small>[39m
                    [36m</div>[39m
                  [36m</div>[39m
                  [36m<div[39m
                    [33mclass[39m=[32m"quest-coin-badge"[39m
                  [36m>[39m
                    [0m🪙 [0m
                    [36m<span>[39m
                      [0m1,450[0m
                    [36m</span>[39m
                  [36m</div>[39m
                [36m</div>[39m
                [36m<div[39m
                  [33mclass[39m=[32m"quest-cadence-tabs"[39m
                  [33mstyle[39m=[32m"position: relative;"[39m
                [36m>[39m
                  [36m<button[39m
                    [33mclass[39m=[32m"quest-cadence-btn active"[39m
                    [33mstyle[39m=[32m"position: relative; z-index: 1;"[39m
                    [33mtabindex[39m=[32m"0"[39m
                    [33mtype[39m=[32m"button"[39m
                  [36m>[39m
                    [36m<div[39m
                      [33mstyle[39m=[32m"position: absolute; inset: 0; background: var(--quest-surface); z-index: -1; border: 1px solid rgba(255, 255, 255, 0.06); border-radius: 8px; opacity: 1;"[39m
                    [36m/>[39m
                    [36m<span[39m
                      [33mstyle[39m=[32m"position: relative; z-index: 2;"[39m
                    [36m>[39m
                      [0mDAILY[0m
                    [36m</span>[39m
                  [36m</button>[39m
                  [36m<button[39m
                    [33mclass[39m=[32m"quest-cadence-btn "[39m
                    [33mstyle[39m=[32m"position: relative; z-index: 1;"[39m
                    [33mtabindex[39m=[32m"0"[39m
                    [33mtype[39m=[32m"button"[39m
                  [36m>[39m
                    [36m<span[39m
                      [33mstyle[39m=[32m"position: relative; z-index: 2;"[39m
                    [36m>[39m
                      [0mWEEKLY[0m
                    [36m</span>[39m
                  [36m</button>[39m
                  [36m<button[39m
                    [33mclass[39m=[32m"quest-cadence-btn "[39m
                    [33mstyle[39m=[32m"position: relative; z-index: 1;"[39m
                    [33mtabindex[39m=[32m"0"[39m
                    [33mtype[39m=[32m"button"[39m
                  [36m>[39m
                    [36m<span[39m
                      [33mstyle[39m=[32m"position: relative; z-index: 2;"[39m
                    [36m>[39m
                      [0mMONTHLY[0m
                    [36m</span>[39m
                  [36m</button>[39m
                [36m</div>[39m
                [36m<div[39m
                  [33mclass[39m=[32m"quests-card-list"[39m
                [36m>[39m
                  [36m<div[39m
                    [33mclass[39m=[32m"quest-item-card completed"[39m
                  [36m>[39m
                    [36m<div[39m
                      [33mstyle[39m=[32m"display: flex; align-items: center; gap: 12px;"[39m
                    [36m>[39m
                      [36m<span[39m
                        [33mclass[39m=[32m"quest-item-emoji"[39m
                      [36m>[39m
                        [0m📜[0m
                      [36m</span>[39m
                      [36m<div[39m
                        [33mstyle[39m=[32m"flex: 1 1 0%;"[39m
                      [36m>[39m
                        [36m<h4[39m
                          [33mclass[39m=[32m"quest-item-title"[39m
                        [36m>[39m
                          [0mMorning Sanctuary[0m
                        [36m</h4>[39m
                        [36m<div[39m
                          [33mstyle[39m=[32m"display: flex; align-items: center; gap: 10px; margin-top: 4px;"[39m
                        [36m>[39m
                          [36m<span[39m
                            [33mclass[39m=[32m"quest-progress-num"[39m
                          [36m>[39m
                            [0m1[0m
                            [0m/[0m
                            [0m1[0m
                            [0m [0m
                            [0msession[0m
                          [36m</span>[39m
                          [36m<span[39m
                            [33mclass[39m=[32m"quest-reward-pill"[39m
                          [36m>[39m
                            [0mXP [0m
                            [0m120[0m
                          [36m</span>[39m
                        [36m</div>[39m
                      [36m</div>[39m
                      [36m<div[39m
                        [33mclass[39m=[32m"quest-claim-btn"[39m
                        [33mstyle[39m=[32m"display: flex; align-items: center; justify-content: center; background: transparent; border: 1px solid var(--quest-gold-dim); color: var(--quest-gold-bright); opacity: 1; transform: scale(1.0040139884636674);"[39m
                      [36m>[39m
                        [0m✔[0m
                      [36m</div>[39m
                    [36m</div>[39m
                  [36m</div>[39m
                  [36m<div[39m
                    [33mclass[39m=[32m"quest-item-card "[39m
                  [36m>[39m
                    [36m<div[39m
                      [33mstyle[39m=[32m"display: flex; align-items: center; gap: 12px;"[39m
                    [36m>[39m
                      [36m<span[39m
                        [33mclass[39m=[32m"quest-item-emoji"[39m
                      [36m>[39m
                        [0m📜[0m
                      [36m</span>[39m
                      [36m<div[39m
                        [33mstyle[39m=[32m"flex: 1 1 0%;"[39m
                      [36m>[39m
                        [36m<h4[39m
                          [33mclass[39m=[32m"quest-item-title"[39m
                        [36m>[39m
                          [0mHydration Ritual[0m
                        [36m</h4>[39m
                        [36m<div[39m
                          [33mstyle[39m=[32m"display: flex; align-items: center; gap: 10px; margin-top: 4px;"[39m
                        [36m>[39m
                          [36m<span[39m
                            [33mclass[39m=[32m"quest-progress-num"[39m
                          [36m>[39m
                            [0m3[0m
                            [0m/[0m
                            [0m4[0m
                            [0m [0m
                            [0mglasses[0m
                          [36m</span>[39m
                          [36m<span[39m
                            [33mclass[39m=[32m"quest-reward-pill"[39m
                          [36m>[39m
                            [0mXP [0m
                            [0m80[0m
                          [36m</span>[39m
                        [36m</div>[39m
                      [36m</div>[39m
                      [36m<button[39m
                        [33mclass[39m=[32m"quest-claim-btn glass"[39m
                        [33mstyle[39m=[32m"opacity: 1;"[39m
                        [33mtabindex[39m=[32m"0"[39m
                        [33mtype[39m=[32m"button"[39m
                      [36m>[39m
                        [0mView[0m
                      [36m</button>[39m
                    [36m</div>[39m
                  [36m</div>[39m
                  [36m<div[39m
                    [33mclass[39m=[32m"quest-item-card "[39m
                  [36m>[39m
                    [36m<div[39m
                      [33mstyle[39m=[32m"display: flex; align-items: center; gap: 12px;"[39m
                    [36m>[39m
                      [36m<span[39m
                        [33mclass[39m=[32m"quest-item-emoji"[39m
                      [36m>[39m
                        [0m📜[0m
                      [36m</span>[39m
                      [36m<div[39m
                        [33mstyle[39m=[32m"flex: 1 1 0%;"[39m
                      [36m>[39m
                        [36m<h4[39m
                          [33mclass[39m=[32m"quest-item-title"[39m
                        [36m>[39m
                          [0mDigital Sunset[0m
                        [36m</h4>[39m
                        [36m<div[39m
                          [33mstyle[39m=[32m"display: flex; align-items: center; gap: 10px; margin-top: 4px;"[39m
                        [36m>[39m
                          [36m<span[39m
                            [33mclass[39m=[32m"quest-progress-num"[39m
                          [36m>[39m
                            [0m0[0m
                            [0m/[0m
                            [0m1[0m
                            [0m [0m
                            [0mnight[0m
                          [36m</span>[39m
                          [36m<span[39m
                            [33mclass[39m=[32m"quest-reward-pill"[39m
                          [36m>[39m
                            [0mXP [0m
                            [0m150[0m
                          [36m</span>[39m
                        [36m</div>[39m
                      [36m</div>[39m
                      [36m<button[39m
                        [33mclass[39m=[32m"quest-claim-btn glass"[39m
                        [33mstyle[39m=[32m"opacity: 1;"[39m
                        [33mtabindex[39m=[32m"0"[39m
                        [33mtype[39m=[32m"button"[39m
                      [36m>[39m
                        [0mView[0m
                      [36m</button>[39m
                    [36m</div>[39m
                  [36m</div>[39m
                [36m</div>[39m
              [36m</main>[39m
            [36m</div>[39m
          [36m</div>[39m
        [36m</div>[39m
        [36m<nav[39m
          [33maria-label[39m=[32m"Primary Navigation"[39m
          [33mclass[39m=[32m"mobile-bottom-dock"[39m
        [36m>[39m
          [36m<a[39m
            [33mclass[39m=[32m"dock-item "[39m
            [33mhref[39m=[32m"/app"[39m
          [36m>[39m
            [36m<svg[39m
              [33maria-hidden[39m=[32m"true"[39m
              [33mfocusable[39m=[32m"false"[39m
              [33mviewBox[39m=[32m"0 0 24 24"[39m
            [36m>[39m
              [36m<path[39m
                [33md[39m=[32m"M12 2.5a9.5 9.5 0 1 1 0 19 9.5 9.5 0 0 1 0-19Zm3.7 5.8-5.4 2-2 5.4 5.4-2 2-5.4Z"[39m
              [36m/>[39m
            [36m</svg>[39m
            [36m<span>[39m
              [0mMap[0m
            [36m</span>[39m
          [36m</a>[39m
          [36m<a[39m
            [33maria-current[39m=[32m"page"[39m
            [33mclass[39m=[32m"dock-item active"[39m
            [33mhref[39m=[32m"/app/quests"[39m
          [36m>[39m
            [36m<svg[39m
              [33maria-hidden[39m=[32m"true"[39m
              [33mfocusable[39m=[32m"false"[39m
              [33mviewBox[39m=[32m"0 0 24 24"[39m
            [36m>[39m
              [36m<path[39m
                [33md[39m=[32m"M6 3h11a3 3 0 0 1 3 3v1h-3v13H7a4 4 0 0 1-4-4V5a2 2 0 0 1 3-2Zm0 14h8V6H6v11Zm1-8h6v2H7V9Zm0 4h6v2H7v-2Z"[39m
              [36m/>[39m
            [36m</svg>[39m
            [36m<span>[39m
              [0mQuests[0m
            [36m</span>[39m
          [36m</a>[39m
          [36m<div[39m
            [33mclass[39m=[32m"dock-shutter-item"[39m
          [36m>[39m
            [36m<button[39m
              [33maria-label[39m=[32m"Open Camera Capture"[39m
              [33mclass[39m=[32m"dock-shutter-btn"[39m
              [33mtabindex[39m=[32m"0"[39m
              [33mtype[39m=[32m"button"[39m
            [36m>[39m
              [36m<svg[39m
                [33maria-hidden[39m=[32m"true"[39m
                [33mfocusable[39m=[32m"false"[39m
                [33mviewBox[39m=[32m"0 0 24 24"[39m
              [36m>[39m
                [36m<path[39m
                  [33md[39m=[32m"M9 4h6l1.2 2H19a2 2 0 0 1 2 2v10a2 2 0 0 1-2 2H5a2 2 0 0 1-2-2V8a2 2 0 0 1 2-2h2.8L9 4Zm3 5.5a4 4 0 1 0 0 8 4 4 0 0 0 0-8Zm0 2a2 2 0 1 1 0 4 2 2 0 0 1 0-4Z"[39m
                [36m/>[39m
              [36m</svg>[39m
            [36m</button>[39m
          [36m</div>[39m
          [36m<a[39m
            [33mclass[39m=[32m"dock-item "[39m
            [33mhref[39m=[32m"/app/collection"[39m
          [36m>[39m
            [36m<svg[39m
              [33maria-hidden[39m=[32m"true"[39m
              [33mfocusable[39m=[32m"false"[39m
              [33mviewBox[39m=[32m"0 0 24 24"[39m
            [36m>[39m
              [36m<path[39m
                [33md[39m=[32m"M3 5.5C6 4.4 9 4.8 11 6v14c-2-1.2-5-1.6-8-.5v-14Zm18 0c-3-1.1-6-.7-8 .5v14c2-1.2 5-1.6 8-.5v-14Z"[39m
              [36m/>[39m
            [36m</svg>[39m
            [36m<span>[39m
              [0mCollection[0m
            [36m</span>[39m
          [36m</a>[39m
          [36m<a[39m
            [33mclass[39m=[32m"dock-item "[39m
            [33mhref[39m=[32m"/app/community"[39m
          [36m>[39m
            [36m<svg[39m
              [33maria-hidden[39m=[32m"true"[39m
              [33mfocusable[39m=[32m"false"[39m
              [33mviewBox[39m=[32m"0 0 24 24"[39m
            [36m>[39m
              [36m<path[39m
                [33md[39m=[32m"M12 2.7 20 6v5.9c0 4.8-3.2 8.2-8 9.4-4.8-1.2-8-4.6-8-9.4V6l8-3.3Zm0 3L6.5 8v3.9c0 3.4 2 5.7 5.5 6.8 3.5-1.1 5.5-3.4 5.5-6.8V8L12 5.7Z"[39m
              [36m/>[39m
            [36m</svg>[39m
            [36m<span>[39m
              [0mCommunity[0m
            [36m</span>[39m
          [36m</a>[39m
        [36m</nav>[39m
      [36m</div>[39m
      [36m<div[39m
        [33maria-label[39m=[32m"Today's moment"[39m
        [33maria-modal[39m=[32m"true"[39m
        [33mclass[39m=[32m"dawn-moment-overlay"[39m
        [33mrole[39m=[32m"dialog"[39m
        [33mstyle[39m=[32m"opacity: 1;"[39m
      [36m>[39m
        [36m<div[39m
          [33mclass[39m=[32m"dawn-moment-card"[39m
          [33mstyle[39m=[32m"opacity: 1; transform: none;"[39m
        [36m>[39m
          [36m<span[39m
            [33maria-hidden[39m=[32m"true"[39m
            [33mclass[39m=[32m"dawn-moment-mark"[39m
          [36m>[39m
            [0m✦[0m
          [36m</span>[39m
          [36m<p>[39m
            [0mThe quiet hours favor the determined.[0m
          [36m</p>[39m
          [36m<button[39m
            [33mclass[39m=[32m"dawn-moment-continue"[39m
            [33mtype[39m=[32m"button"[39m
          [36m>[39m
            [0mContinue[0m
          [36m</button>[39m
        [36m</div>[39m
      [36m</div>[39m
    [36m</div>[39m
  [36m</div>[39m
[36m</body>[39m

Ignored nodes: comments, script, style
[36m<body>[39m
  [36m<div>[39m
    [36m<div[39m
      [33mclass[39m=[32m"app-shell"[39m
    [36m>[39m
      [36m<div[39m
        [33maria-hidden[39m=[32m"true"[39m
        [33mclass[39m=[32m"world-ambience world-ambience-night"[39m
        [33mstyle[39m=[32m"background: radial-gradient(circle at 50% -10%, rgba(80, 90, 140, 0.08), transparent 65%); opacity: 0.6894171745225322;"[39m
      [36m/>[39m
      [36m<div[39m
        [33mclass[39m=[32m"dev-auth-banner"[39m
        [33mrole[39m=[32m"status"[39m
      [36m>[39m
        [0mDevelopment auth active — this is a local identity, not a real account.[0m
      [36m</div>[39m
      [36m<header[39m
        [33mclass[39m=[32m"topbar"[39m
      [36m>[39m
        [36m<div[39m
          [33mclass[39m=[32m"brand-lockup"[39m
          [33mtabindex[39m=[32m"0"[39m
        [36m>[39m
          [36m<span[39m
            [33maria-hidden[39m=[32m"true"[39m
            [33mclass[39m=[32m"brand-mark"[39m
          [36m>[39m
            [0m🌿[0m
          [36m</span>[39m
          [36m<div>[39m
            [36m<strong>[39m
              [0mWILD REALM[0m
            [36m</strong>[39m
          [36m</div>[39m
        [36m</div>[39m
        [36m<div[39m
          [33mclass[39m=[32m"user-profile-trigger"[39m
        [36m>[39m
          [36m<div[39m
            [33mclass[39m=[32m"quick-stat shell-xp"[39m
          [36m>[39m
            [36m<strong>[39m
              [0m7,250[0m
            [36m</strong>[39m
            [36m<span>[39m
              [0mXP[0m
            [36m</span>[39m
          [36m</div>[39m
          [36m<button[39m
            [33maria-label[39m=[32m"Settings"[39m
            [33mclass[39m=[32m"magnetic-button round-action "[39m
            [33mstyle[39m=[32m"transform: none;"[39m
            [33mtabindex[39m=[32m"0"[39m
            [33mtype[39m=[32m"button"[39m
          [36m>[39m
            [36m<span[39m
              [33mclass[39m=[32m"magnetic-button-content"[39m
            [36m>[39m
              [36m<svg[39m
                [33maria-hidden[39m=[32m"true"[39m
                [33mfocusable[39m=[32m"false"[39m
                [33mviewBox[39m=[32m"0 0 24 24"[39m
              [36m>[39m
                [36m<path[39m
                  [33md[39m=[32m"m10.7 2 2.6 0 .5 2a8 8 0 0 1 1.6.7l1.8-1 1.8 1.8-1 1.8c.3.5.5 1 .7 1.6l2 .5v2.6l-2 .5a8 8 0 0 1-.7 1.6l1 1.8-1.8 1.8-1.8-1a8 8 0 0 1-1.6.7l-.5 2h-2.6l-.5-2a8 8 0 0 1-1.6-.7l-1.8 1L5 15.4l1-1.8a8 8 0 0 1-.7-1.6l-2-.5V9l2-.5A8 8 0 0 1 6 7L5 5.2l1.8-1.8 1.8 1a8 8 0 0 1 1.6-.7l.5-2ZM12 8a3 3 0 1 0 0 6 3 3 0 0 0 0-6Z"[39m
                [36m/>[39m
              [36m</svg>[39m
            [36m</span>[39m
            [36m<span[39m
              [33maria-hidden[39m=[32m"true"[39m
              [33mclass[39m=[32m"magnetic-button-glow"[39m
            [36m/>[39m
          [36m</button>[39m
          [36m<button[39m
            [33maria-label[39m=[32m"Sign out"[39m
            [33mclass[39m=[32m"magnetic-button ghost-action "[39m
            [33mstyle[39m=[32m"transform: none;"[39m
            [33mtabindex[39m=[32m"0"[39m
            [33mtype[39m=[32m"button"[39m
          [36m>[39m
            [36m<span[39m
              [33mclass[39m=[32m"magnetic-button-content"[39m
            [36m>[39m
              [0mSign out[0m
            [36m</span>[39m
            [36m<span[39m
              [33maria-hidden[39m=[32m"true"[39m
              [33mclass[39m=[32m"magnetic-button-glow"[39m
            [36m/>[39m
          [36m</button>[39m
        [36m</div>[39m
      [36m</header>[39m
      [36m<div[39m
        [33mclass[39m=[32m"mobile-content-area "[39m
      [36m>[39m
        [36m<div[39m
          [33mclass[39m=[32m"ptr-container"[39m
          [33mstyle[39m=[32m"overflow-y: auto; height: 100%;"[39m
        [36m>[39m
          [36m<div[39m
            [33mclass[39m=[32m"ptr-indicator"[39m
          [36m>[39m
            [36m<div[39m
              [33mstyle[39m=[32m"transform: none;"[39m
            [36m>[39m
              [36m<svg[39m
                [33maria-hidden[39m=[32m"true"[39m
                [33mfocusable[39m=[32m"false"[39m
                [33mviewBox[39m=[32m"0 0 24 24"[39m
              [36m/>[39m
            [36m</div>[39m
          [36m</div>[39m
          [36m<div[39m
            [33mstyle[39m=[32m"min-height: 100%; transform: none;"[39m
          [36m>[39m
            [36m<div[39m
              [33mclass[39m=[32m"journal-page-transition route-stage"[39m
              [33mstyle[39m=[32m"width: 100%; opacity: 1; filter: blur(0px); transform: none;"[39m
            [36m>[39m
              [36m<main[39m
                [33mclass[39m=[32m"quests-shell"[39m
              [36m>[39m
                [36m<h1[39m
                  [33mclass[39m=[32m"sr-only"[39m
                [36m>[39m
                  [0mQuests[0m
                [36m</h1>[39m
                [36m<div[39m
                  [33mclass[39m=[32m"quest-user-topbar"[39m
                [36m>[39m
                  [36m<div[39m
                    [33mstyle[39m=[32m"display: flex; align-items: center; gap: 10px;"[39m
                  [36m>[39m
                    [36m<div[39m
                      [33mclass[39m=[32m"quest-user-avatar"[39m
                    [36m>[39m
                      [36m<img[39m
                        [33malt[39m=[32m"User Avatar"[39m
                        [33msrc[39m=[32m"/assets/african-grey-parrot.png"[39m
                      [36m/>[39m
                    [36m</div>[39m
                    [36m<div>[39m
                      [36m<h3[39m
                        [33mstyle[39m=[32m"font-size: 0.95rem; margin: 0px; font-weight: 800;"[39m
                      [36m>[39m
                        [0mGuest Wayfarer[0m
                      [36m</h3>[39m
                      [36m<small[39m
                        [33mstyle[39m=[32m"color: var(--wild-emerald); font-size: 0.72rem; font-weight: 700;"[39m
                      [36m>[39m
                        [0mGold[0m
                        [0m [0m
                        [0m14[0m
                        [0m • [0m
                        [0m250[0m
                        [0m / [0m
                        [0m500[0m
                        [0m XP[0m
                      [36m</small>[39m
                    [36m</div>[39m
                  [36m</div>[39m
                  [36m<div[39m
                    [33mclass[39m=[32m"quest-coin-badge"[39m
                  [36m>[39m
                    [0m🪙 [0m
                    [36m<span>[39m
                      [0m1,450[0m
                    [36m</span>[39m
                  [36m</div>[39m
                [36m</div>[39m
                [36m<div[39m
                  [33mclass[39m=[32m"quest-cadence-tabs"[39m
                  [33mstyle[39m=[32m"position: relative;"[39m
                [36m>[39m
                  [36m<button[39m
                    [33mclass[39m=[32m"quest-cadence-btn active"[39m
                    [33mstyle[39m=[32m"position: relative; z-index: 1;"[39m
                    [33mtabindex[39m=[32m"0"[39m
                    [33mtype[39m=[32m"button"[39m
                  [36m>[39m
                    [36m<div[39m
                      [33mstyle[39m=[32m"position: absolute; inset: 0; background: var(--quest-surface); z-index: -1; border: 1px solid rgba(255, 255, 255, 0.06); border-radius: 8px; opacity: 1;"[39m
                    [36m/>[39m
                    [36m<span[39m
                      [33mstyle[39m=[32m"position: relative; z-index: 2;"[39m
                    [36m>[39m
                      [0mDAILY[0m
                    [36m</span>[39m
                  [36m</button>[39m
                  [36m<button[39m
                    [33mclass[39m=[32m"quest-cadence-btn "[39m
                    [33mstyle[39m=[32m"position: relative; z-index: 1;"[39m
                    [33mtabindex[39m=[32m"0"[39m
                    [33mtype[39m=[32m"button"[39m
                  [36m>[39m
                    [36m<span[39m
                      [33mstyle[39m=[32m"position: relative; z-index: 2;"[39m
                    [36m>[39m
                      [0mWEEKLY[0m
                    [36m</span>[39m
                  [36m</button>[39m
                  [36m<button[39m
                    [33mclass[39m=[32m"quest-cadence-btn "[39m
                    [33mstyle[39m=[32m"position: relative; z-index: 1;"[39m
                    [33mtabindex[39m=[32m"0"[39m
                    [33mtype[39m=[32m"button"[39m
                  [36m>[39m
                    [36m<span[39m
                      [33mstyle[39m=[32m"position: relative; z-index: 2;"[39m
                    [36m>[39m
                      [0mMONTHLY[0m
                    [36m</span>[39m
                  [36m</button>[39m
                [36m</div>[39m
                [36m<div[39m
                  [33mclass[39m=[32m"quests-card-list"[39m
                [36m>[39m
                  [36m<div[39m
                    [33mclass[39m=[32m"quest-item-card completed"[39m
                  [36m>[39m
                    [36m<div[39m
                      [33mstyle[39m=[32m"display: flex; align-items: center; gap: 12px;"[39m
                    [36m>[39m
                      [36m<span[39m
                        [33mclass[39m=[32m"quest-item-emoji"[39m
                      [36m>[39m
                        [0m📜[0m
                      [36m</span>[39m
                      [36m<div[39m
                        [33mstyle[39m=[32m"flex: 1 1 0%;"[39m
                      [36m>[39m
                        [36m<h4[39m
                          [33mclass[39m=[32m"quest-item-title"[39m
                        [36m>[39m
                          [0mMorning Sanctuary[0m
                        [36m</h4>[39m
                        [36m<div[39m
                          [33mstyle[39m=[32m"display: flex; align-items: center; gap: 10px; margin-top: 4px;"[39m
                        [36m>[39m
                          [36m<span[39m
                            [33mclass[39m=[32m"quest-progress-num"[39m
                          [36m>[39m
                            [0m1[0m
                            [0m/[0m
                            [0m1[0m
                            [0m [0m
                            [0msession[0m
                          [36m</span>[39m
                          [36m<span[39m
                            [33mclass[39m=[32m"quest-reward-pill"[39m
                          [36m>[39m
                            [0mXP [0m
                            [0m120[0m
                          [36m</span>[39m
                        [36m</div>[39m
                      [36m</div>[39m
                      [36m<div[39m
                        [33mclass[39m=[32m"quest-claim-btn"[39m
                        [33mstyle[39m=[32m"display: flex; align-items: center; justify-content: center; background: transparent; border: 1px solid var(--quest-gold-dim); color: var(--quest-gold-bright); opacity: 1; transform: scale(1.0040139884636674);"[39m
                      [36m>[39m
                        [0m✔[0m
                      [36m</div>[39m
                    [36m</div>[39m
                  [36m</div>[39m
                  [36m<div[39m
                    [33mclass[39m=[32m"quest-item-card "[39m
                  [36m>[39m
                    [36m<div[39m
                      [33mstyle[39m=[32m"display: flex; align-items: center; gap: 12px;"[39m
                    [36m>[39m
                      [36m<span[39m
                        [33mclass[39m=[32m"quest-item-emoji"[39m
                      [36m>[39m
                        [0m📜[0m
                      [36m</span>[39m
                      [36m<div[39m
                        [33mstyle[39m=[32m"flex: 1 1 0%;"[39m
                      [36m>[39m
                        [36m<h4[39m
                          [33mclass[39m=[32m"quest-item-title"[39m
                        [36m>[39m
                          [0mHydration Ritual[0m
                        [36m</h4>[39m
                        [36m<div[39m
                          [33mstyle[39m=[32m"display: flex; align-items: center; gap: 10px; margin-top: 4px;"[39m
                        [36m>[39m
                          [36m<span[39m
                            [33mclass[39m=[32m"quest-progress-num"[39m
                          [36m>[39m
                            [0m3[0m
                            [0m/[0m
                            [0m4[0m
                            [0m [0m
                            [0mglasses[0m
                          [36m</span>[39m
                          [36m<span[39m
                            [33mclass[39m=[32m"quest-reward-pill"[39m
                          [36m>[39m
                            [0mXP [0m
                            [0m80[0m
                          [36m</span>[39m
                        [36m</div>[39m
                      [36m</div>[39m
                      [36m<button[39m
                        [33mclass[39m=[32m"quest-claim-btn glass"[39m
                        [33mstyle[39m=[32m"opacity: 1;"[39m
                        [33mtabindex[39m=[32m"0"[39m
                        [33mtype[39m=[32m"button"[39m
                      [36m>[39m
                        [0mView[0m
                      [36m</button>[39m
                    [36m</div>[39m
                  [36m</div>[39m
                  [36m<div[39m
                    [33mclass[39m=[32m"quest-item-card "[39m
                  [36m>[39m
                    [36m<div[39m
                      [33mstyle[39m=[32m"display: flex; align-items: center; gap: 12px;"[39m
                    [36m>[39m
                      [36m<span[39m
                        [33mclass[39m=[32m"quest-item-emoji"[39m
                      [36m>[39m
                        [0m📜[0m
                      [36m</span>[39m
                      [36m<div[39m
                        [33mstyle[39m=[32m"flex: 1 1 0%;"[39m
                      [36m>[39m
                        [36m<h4[39m
                          [33mclass[39m=[32m"quest-item-title"[39m
                        [36m>[39m
                          [0mDigital Sunset[0m
                        [36m</h4>[39m
                        [36m<div[39m
                          [33mstyle[39m=[32m"display: flex; align-items: center; gap: 10px; margin-top: 4px;"[39m
                        [36m>[39m
                          [36m<span[39m
                            [33mclass[39m=[32m"quest-progress-num"[39m
                          [36m>[39m
                            [0m0[0m
                            [0m/[0m
                            [0m1[0m
                            [0m [0m
                            [0mnight[0m
                          [36m</span>[39m
                          [36m<span[39m
                            [33mclass[39m=[32m"quest-reward-pill"[39m
                          [36m>[39m
                            [0mXP [0m
                            [0m150[0m
                          [36m</span>[39m
                        [36m</div>[39m
                      [36m</div>[39m
                      [36m<button[39m
                        [33mclass[39m=[32m"quest-claim-btn glass"[39m
                        [33mstyle[39m=[32m"opacity: 1;"[39m
                        [33mtabindex[39m=[32m"0"[39m
                        [33mtype[39m=[32m"button"[39m
                      [36m>[39m
                        [0mView[0m
                      [36m</button>[39m
                    [36m</div>[39m
                  [36m</div>[39m
                [36m</div>[39m
              [36m</main>[39m
            [36m</div>[39m
          [36m</div>[39m
        [36m</div>[39m
        [36m<nav[39m
          [33maria-label[39m=[32m"Primary Navigation"[39m
          [33mclass[39m=[32m"mobile-bottom-dock"[39m
        [36m>[39m
          [36m<a[39m
            [33mclass[39m=[32m"dock-item "[39m
            [33mhref[39m=[32m"/app"[39m
          [36m>[39m
            [36m<svg[39m
              [33maria-hidden[39m=[32m"true"[39m
              [33mfocusable[39m=[32m"false"[39m
              [33mviewBox[39m=[32m"0 0 24 24"[39m
            [36m>[39m
              [36m<path[39m
                [33md[39m=[32m"M12 2.5a9.5 9.5 0 1 1 0 19 9.5 9.5 0 0 1 0-19Zm3.7 5.8-5.4 2-2 5.4 5.4-2 2-5.4Z"[39m
              [36m/>[39m
            [36m</svg>[39m
            [36m<span>[39m
              [0mMap[0m
            [36m</span>[39m
          [36m</a>[39m
          [36m<a[39m
            [33maria-current[39m=[32m"page"[39m
            [33mclass[39m=[32m"dock-item active"[39m
            [33mhref[39m=[32m"/app/quests"[39m
          [36m>[39m
            [36m<svg[39m
              [33maria-hidden[39m=[32m"true"[39m
              [33mfocusable[39m=[32m"false"[39m
              [33mviewBox[39m=[32m"0 0 24 24"[39m
            [36m>[39m
              [36m<path[39m
                [33md[39m=[32m"M6 3h11a3 3 0 0 1 3 3v1h-3v13H7a4 4 0 0 1-4-4V5a2 2 0 0 1 3-2Zm0 14h8V6H6v11Zm1-8h6v2H7V9Zm0 4h6v2H7v-2Z"[39m
              [36m/>[39m
            [36m</svg>[39m
            [36m<span>[39m
              [0mQuests[0m
            [36m</span>[39m
          [36m</a>[39m
          [36m<div[39m
            [33mclass[39m=[32m"dock-shutter-item"[39m
          [36m>[39m
            [36m<button[39m
              [33maria-label[39m=[32m"Open Camera Capture"[39m
              [33mclass[39m=[32m"dock-shutter-btn"[39m
              [33mtabindex[39m=[32m"0"[39m
              [33mtype[39m=[32m"button"[39m
            [36m>[39m
              [36m<svg[39m
                [33maria-hidden[39m=[32m"true"[39m
                [33mfocusable[39m=[32m"false"[39m
                [33mviewBox[39m=[32m"0 0 24 24"[39m
              [36m>[39m
                [36m<path[39m
                  [33md[39m=[32m"M9 4h6l1.2 2H19a2 2 0 0 1 2 2v10a2 2 0 0 1-2 2H5a2 2 0 0 1-2-2V8a2 2 0 0 1 2-2h2.8L9 4Zm3 5.5a4 4 0 1 0 0 8 4 4 0 0 0 0-8Zm0 2a2 2 0 1 1 0 4 2 2 0 0 1 0-4Z"[39m
                [36m/>[39m
              [36m</svg>[39m
            [36m</button>[39m
          [36m</div>[39m
          [36m<a[39m
            [33mclass[39m=[32m"dock-item "[39m
            [33mhref[39m=[32m"/app/collection"[39m
          [36m>[39m
            [36m<svg[39m
              [33maria-hidden[39m=[32m"true"[39m
              [33mfocusable[39m=[32m"false"[39m
              [33mviewBox[39m=[32m"0 0 24 24"[39m
            [36m>[39m
              [36m<path[39m
                [33md[39m=[32m"M3 5.5C6 4.4 9 4.8 11 6v14c-2-1.2-5-1.6-8-.5v-14Zm18 0c-3-1.1-6-.7-8 .5v14c2-1.2 5-1.6 8-.5v-14Z"[39m
              [36m/>[39m
            [36m</svg>[39m
            [36m<span>[39m
              [0mCollection[0m
            [36m</span>[39m
          [36m</a>[39m
          [36m<a[39m
            [33mclass[39m=[32m"dock-item "[39m
            [33mhref[39m=[32m"/app/community"[39m
          [36m>[39m
            [36m<svg[39m
              [33maria-hidden[39m=[32m"true"[39m
              [33mfocusable[39m=[32m"false"[39m
              [33mviewBox[39m=[32m"0 0 24 24"[39m
            [36m>[39m
              [36m<path[39m
                [33md[39m=[32m"M12 2.7 20 6v5.9c0 4.8-3.2 8.2-8 9.4-4.8-1.2-8-4.6-8-9.4V6l8-3.3Zm0 3L6.5 8v3.9c0 3.4 2 5.7 5.5 6.8 3.5-1.1 5.5-3.4 5.5-6.8V8L12 5.7Z"[39m
              [36m/>[39m
            [36m</svg>[39m
            [36m<span>[39m
              [0mCommunity[0m
            [36m</span>[39m
          [36m</a>[39m
        [36m</nav>[39m
      [36m</div>[39m
      [36m<div[39m
        [33maria-label[39m=[32m"Today's moment"[39m
        [33maria-modal[39m=[32m"true"[39m
        [33mclass[39m=[32m"dawn-moment-overlay"[39m
        [33mrole[39m=[32m"dialog"[39m
        [33mstyle[39m=[32m"opacity: 1;"[39m
      [36m>[39m
        [36m<div[39m
          [33mclass[39m=[32m"dawn-moment-card"[39m
          [33mstyle[39m=[32m"opacity: 1; transform: none;"[39m
        [36m>[39m
          [36m<span[39m
            [33maria-hidden[39m=[32m"true"[39m
            [33mclass[39m=[32m"dawn-moment-mark"[39m
          [36m>[39m
            [0m✦[0m
          [36m</span>[39m
          [36m<p>[39m
            [0mThe quiet hours favor the determined.[0m
          [36m</p>[39m
          [36m<button[39m
            [33mclass[39m=[32m"dawn-moment-continue"[39m
            [33mtype[39m=[32m"button"[39m
          [36m>[39m
            [0mContinue[0m
          [36m</button>[39m
        [36m</div>[39m
      [36m</div>[39m
    [36m</div>[39m
  [36m</div>[39m
[36m</body>[39m
 ❯ waitForWrapper node_modules/@testing-library/dom/dist/wait-for.js:163:27
 ❯ node_modules/@testing-library/dom/dist/query-helpers.js:86:33
 ❯ src/App.test.jsx:98:18
     96|     renderApp('/app/quests');
     97| 
     98|     await screen.findAllByText(/morning mindfulness/i);
       |                  ^
     99|     fireEvent.click(screen.getByRole('button', { name: /^view$/i }));
    100|     fireEvent.change(await screen.findByLabelText(/write your reflecti…

⎯⎯⎯⎯⎯⎯⎯⎯⎯⎯⎯⎯⎯⎯⎯⎯⎯⎯⎯⎯⎯⎯⎯⎯[2/4]⎯

 FAIL  src/App.test.jsx > App (development auth mode) > renders profile progression from real account data
TestingLibraryElementError: Unable to find an element with the text: /bronze 2/i. This could be because the text is broken up by multiple elements. In this case, you can provide a function for your text matcher to make your matcher more flexible.

Ignored nodes: comments, script, style
[36m<body>[39m
  [36m<div>[39m
    [36m<div[39m
      [33mclass[39m=[32m"app-shell"[39m
    [36m>[39m
      [36m<div[39m
        [33maria-hidden[39m=[32m"true"[39m
        [33mclass[39m=[32m"world-ambience world-ambience-night"[39m
        [33mstyle[39m=[32m"background: radial-gradient(circle at 50% -10%, rgba(80, 90, 140, 0.08), transparent 65%); opacity: 0.015808414173079655;"[39m
      [36m/>[39m
      [36m<div[39m
        [33mclass[39m=[32m"dev-auth-banner"[39m
        [33mrole[39m=[32m"status"[39m
      [36m>[39m
        [0mDevelopment auth active — this is a local identity, not a real account.[0m
      [36m</div>[39m
      [36m<header[39m
        [33mclass[39m=[32m"topbar"[39m
      [36m>[39m
        [36m<div[39m
          [33mclass[39m=[32m"brand-lockup"[39m
          [33mtabindex[39m=[32m"0"[39m
        [36m>[39m
          [36m<span[39m
            [33maria-hidden[39m=[32m"true"[39m
            [33mclass[39m=[32m"brand-mark"[39m
          [36m>[39m
            [0m🌿[0m
          [36m</span>[39m
          [36m<div>[39m
            [36m<strong>[39m
              [0mWILD REALM[0m
            [36m</strong>[39m
          [36m</div>[39m
        [36m</div>[39m
        [36m<div[39m
          [33mclass[39m=[32m"user-profile-trigger"[39m
        [36m>[39m
          [36m<div[39m
            [33mclass[39m=[32m"quick-stat shell-xp"[39m
          [36m>[39m
            [36m<strong>[39m
              [0m7,250[0m
            [36m</strong>[39m
            [36m<span>[39m
              [0mXP[0m
            [36m</span>[39m
          [36m</div>[39m
          [36m<button[39m
            [33maria-label[39m=[32m"Settings"[39m
            [33mclass[39m=[32m"magnetic-button round-action "[39m
            [33mstyle[39m=[32m"transform: none;"[39m
            [33mtabindex[39m=[32m"0"[39m
            [33mtype[39m=[32m"button"[39m
          [36m>[39m
            [36m<span[39m
              [33mclass[39m=[32m"magnetic-button-content"[39m
            [36m>[39m
              [36m<svg[39m
                [33maria-hidden[39m=[32m"true"[39m
                [33mfocusable[39m=[32m"false"[39m
                [33mviewBox[39m=[32m"0 0 24 24"[39m
              [36m>[39m
                [36m<path[39m
                  [33md[39m=[32m"m10.7 2 2.6 0 .5 2a8 8 0 0 1 1.6.7l1.8-1 1.8 1.8-1 1.8c.3.5.5 1 .7 1.6l2 .5v2.6l-2 .5a8 8 0 0 1-.7 1.6l1 1.8-1.8 1.8-1.8-1a8 8 0 0 1-1.6.7l-.5 2h-2.6l-.5-2a8 8 0 0 1-1.6-.7l-1.8 1L5 15.4l1-1.8a8 8 0 0 1-.7-1.6l-2-.5V9l2-.5A8 8 0 0 1 6 7L5 5.2l1.8-1.8 1.8 1a8 8 0 0 1 1.6-.7l.5-2ZM12 8a3 3 0 1 0 0 6 3 3 0 0 0 0-6Z"[39m
                [36m/>[39m
              [36m</svg>[39m
            [36m</span>[39m
            [36m<span[39m
              [33maria-hidden[39m=[32m"true"[39m
              [33mclass[39m=[32m"magnetic-button-glow"[39m
            [36m/>[39m
          [36m</button>[39m
          [36m<button[39m
            [33maria-label[39m=[32m"Sign out"[39m
            [33mclass[39m=[32m"magnetic-button ghost-action "[39m
            [33mstyle[39m=[32m"transform: none;"[39m
            [33mtabindex[39m=[32m"0"[39m
            [33mtype[39m=[32m"button"[39m
          [36m>[39m
            [36m<span[39m
              [33mclass[39m=[32m"magnetic-button-content"[39m
            [36m>[39m
              [0mSign out[0m
            [36m</span>[39m
            [36m<span[39m
              [33maria-hidden[39m=[32m"true"[39m
              [33mclass[39m=[32m"magnetic-button-glow"[39m
            [36m/>[39m
          [36m</button>[39m
        [36m</div>[39m
      [36m</header>[39m
      [36m<div[39m
        [33mclass[39m=[32m"mobile-content-area "[39m
      [36m>[39m
        [36m<div[39m
          [33mclass[39m=[32m"ptr-container"[39m
          [33mstyle[39m=[32m"overflow-y: auto; height: 100%;"[39m
        [36m>[39m
          [36m<div[39m
            [33mclass[39m=[32m"ptr-indicator"[39m
          [36m>[39m
            [36m<div[39m
              [33mstyle[39m=[32m"transform: none;"[39m
            [36m>[39m
              [36m<svg[39m
                [33maria-hidden[39m=[32m"true"[39m
                [33mfocusable[39m=[32m"false"[39m
                [33mviewBox[39m=[32m"0 0 24 24"[39m
              [36m/>[39m
            [36m</div>[39m
          [36m</div>[39m
          [36m<div[39m
            [33mstyle[39m=[32m"min-height: 100%; transform: none;"[39m
          [36m>[39m
            [36m<div[39m
              [33mclass[39m=[32m"journal-page-transition route-stage"[39m
              [33mstyle[39m=[32m"width: 100%; opacity: 0.022260534255882813; filter: blur(2.93322px); transform: translateY(7.8219157259529375px) scale(0.9902226053425588);"[39m
            [36m>[39m
              [36m<main[39m
                [33mclass[39m=[32m"profile-shell"[39m
              [36m>[39m
                [36m<h1[39m
                  [33mclass[39m=[32m"sr-only"[39m
                [36m>[39m
                  [0mProfile[0m
                [36m</h1>[39m
                [36m<div[39m
                  [33mclass[39m=[32m"profile-hero-card"[39m
                  [33mstyle[39m=[32m"opacity: 0.08547546991030686; transform: translateY(9.145245300896931px);"[39m
                [36m>[39m
                  [36m<div[39m
                    [33mclass[39m=[32m"profile-avatar-ring"[39m
                  [36m>[39m
                    [36m<img[39m
                      [33malt[39m=[32m"Explorer Avatar"[39m
                      [33mclass[39m=[32m"profile-avatar-img"[39m
                      [33msrc[39m=[32m"/assets/african-grey-parrot.png"[39m
                    [36m/>[39m
                    [36m<span[39m
                      [33mclass[39m=[32m"profile-avatar-edit"[39m
                    [36m>[39m
                      [0m✏️[0m
                    [36m</span>[39m
                  [36m</div>[39m
                  [36m<div[39m
                    [33mclass[39m=[32m"profile-identity-info"[39m
                  [36m>[39m
                    [36m<h2>[39m
                      [0mGuest Wayfarer[0m
                    [36m</h2>[39m
                    [36m<div[39m
                      [33mclass[39m=[32m"profile-identity-title"[39m
                    [36m>[39m
                      [0m🏆 [0m
                      [0mGold[0m
                      [0m [0m
                      [0m14[0m
                    [36m</div>[39m
                    [36m<div[39m
                      [33mclass[39m=[32m"profile-xp-row"[39m
                    [36m>[39m
                      [36m<span>[39m
                        [0mLevel [0m
                        [0m14[0m
                      [36m</span>[39m
                      [36m<span>[39m
                        [0m250[0m
                        [0m / [0m
                        [0m500[0m
                        [0m XP[0m
                      [36m</span>[39m
                    [36m</div>[39m
                    [36m<div[39m
                      [33mclass[39m=[32m"profile-xp-bar-wrap"[39m
                    [36m>[39m
                      [36m<div[39m
                        [33mclass[39m=[32m"profile-xp-bar-fill"[39m
                        [33mstyle[39m=[32m"width: 0%;"[39m
                      [36m/>[39m
                    [36m</div>[39m
                  [36m</div>[39m
                [36m</div>[39m
                [36m<div[39m
                  [33mclass[39m=[32m"profile-stats-grid"[39m
                [36m>[39m
                  [36m<div[39m
                    [33mclass[39m=[32m"profile-stat-card"[39m
                  [36m>[39m
                    [36m<small>[39m
                      [0mDiscoveries[0m
                    [36m</small>[39m
                    [36m<strong>[39m
                      [0m0[0m
                    [36m</strong>[39m
                  [36m</div>[39m
                  [36m<div[39m
                    [33mclass[39m=[32m"profile-stat-card"[39m
                  [36m>[39m
                    [36m<small>[39m
                      [0mS Rank[0m
                    [36m</small>[39m
                    [36m<strong>[39m
                      [0m0[0m
                    [36m</strong>[39m
                  [36m</div>[39m
                  [36m<div[39m
                    [33mclass[39m=[32m"profile-stat-card"[39m
                  [36m>[39m
                    [36m<small>[39m
                      [0mXP Earned[0m
                    [36m</small>[39m
                    [36m<strong>[39m
                      [0m7,250[0m
                    [36m</strong>[39m
                  [36m</div>[39m
                [36m</div>[39m
                [36m<div[39m
                  [33mclass[39m=[32m"profile-menu-list"[39m
                [36m>[39m
                  [36m<a[39m
                    [33mclass[39m=[32m"profile-menu-item"[39m
                    [33mhref[39m=[32m"/app/rewards"[39m
                  [36m>[39m
                    [36m<div[39m
                      [33mstyle[39m=[32m"display: flex; align-items: center; gap: 12px;"[39m
                    [36m>[39m
                      [36m<span[39m
                        [33mstyle[39m=[32m"font-size: 1.1rem;"[39m
                      [36m>[39m
                        [0m🏆[0m
                      [36m</span>[39m
                      [36m<span>[39m
                        [0mAchievements[0m
                      [36m</span>[39m
                    [36m</div>[39m
                    [36m<span[39m
                      [33mstyle[39m=[32m"opacity: 0.5; font-size: 0.9rem;"[39m
                    [36m>[39m
                      [0m❯[0m
                    [36m</span>[39m
                  [36m</a>[39m
                  [36m<a[39m
                    [33mclass[39m=[32m"profile-menu-item"[39m
                    [33mhref[39m=[32m"/app/collection"[39m
                  [36m>[39m
                    [36m<div[39m
                      [33mstyle[39m=[32m"display: flex; align-items: center; gap: 12px;"[39m
                    [36m>[39m
                      [36m<span[39m
                        [33mstyle[39m=[32m"font-size: 1.1rem;"[39m
                      [36m>[39m
                        [0m📖[0m
                      [36m</span>[39m
                      [36m<span>[39m
                        [0mCollection[0m
                      [36m</span>[39m
                    [36m</div>[39m
                    [36m<span[39m
                      [33mstyle[39m=[32m"opacity: 0.5; font-size: 0.9rem;"[39m
                    [36m>[39m
                      [0m❯[0m
                    [36m</span>[39m
                  [36m</a>[39m
                  [36m<div[39m
                    [33mclass[39m=[32m"profile-menu-item"[39m
                    [33mrole[39m=[32m"button"[39m
                    [33mtabindex[39m=[32m"0"[39m
                  [36m>[39m
                    [36m<div[39m
                      [33mstyle[39m=[32m"display: flex; align-items: center; gap: 12px;"[39m
                    [36m>[39m
                      [36m<span[39m
                        [33mstyle[39m=[32m"font-size: 1.1rem;"[39m
                      [36m>[39m
                        [0m⚙️[0m
                      [36m</span>[39m
                      [36m<span>[39m
                        [0mSettings[0m
                      [36m</span>[39m
                    [36m</div>[39m
                    [36m<span[39m
                      [33mstyle[39m=[32m"opacity: 0.5; font-size: 0.9rem;"[39m
                    [36m>[39m
                      [0m❯[0m
                    [36m</span>[39m
                  [36m</div>[39m
                  [36m<div[39m
                    [33mclass[39m=[32m"profile-menu-item"[39m
                    [33mrole[39m=[32m"button"[39m
                    [33mtabindex[39m=[32m"0"[39m
                  [36m>[39m
                    [36m<div[39m
                      [33mstyle[39m=[32m"display: flex; align-items: center; gap: 12px;"[39m
                    [36m>[39m
                      [36m<span[39m
                        [33mstyle[39m=[32m"font-size: 1.1rem;"[39m
                      [36m>[39m
                        [0m❓[0m
                      [36m</span>[39m
                      [36m<span>[39m
                        [0mHelp & Support[0m
                      [36m</span>[39m
                    [36m</div>[39m
                    [36m<span[39m
                      [33mstyle[39m=[32m"opacity: 0.5; font-size: 0.9rem;"[39m
                    [36m>[39m
                      [0m❯[0m
                    [36m</span>[39m
                  [36m</div>[39m
                [36m</div>[39m
                [36m<div[39m
                  [33mclass[39m=[32m"profile-store-card"[39m
                [36m>[39m
                  [36m<h4[39m
                    [33mstyle[39m=[32m"color: var(--wild-text-dim); font-size: 0.78rem; letter-spacing: 0.05em;"[39m
                  [36m>[39m
                    [0mCOINS & STREAK[0m
                  [36m</h4>[39m
                  [36m<div[39m
                    [33mstyle[39m=[32m"display: flex; align-items: center; justify-content: space-between; margin: 8px 0px;"[39m
                  [36m>[39m
                    [36m<span[39m
                      [33mstyle[39m=[32m"font-size: 1.2rem; font-weight: 900; color: rgb(255, 255, 255);"[39m
                    [36m>[39m
                      [0m🪙 [0m
                      [0m1,450[0m
                    [36m</span>[39m
                  [36m</div>[39m
                  [36m<div[39m
                    [33mstyle[39m=[32m"display: flex; justify-content: space-between; align-items: center; margin-top: 12px; padding-top: 8px; border-top: 1px solid rgba(255, 255, 255, 0.08);"[39m
                  [36m>[39m
                    [36m<div>[39m
                      [36m<small[39m
                        [33mstyle[39m=[32m"color: var(--wild-text-dim); font-size: 0.68rem; display: block;"[39m
                      [36m>[39m
                        [0mCURRENT STREAK[0m
                      [36m</small>[39m
                      [36m<strong[39m
                        [33mstyle[39m=[32m"font-size: 0.88rem; color: rgb(255, 255, 255);"[39m
                      [36m>[39m
                        [0m7[0m
                        [0m day[0m
                        [0ms[0m
                      [36m</strong>[39m
                    [36m</div>[39m
                    [36m<span[39m
                      [33mstyle[39m=[32m"font-size: 1.6rem;"[39m
                    [36m>[39m
                      [0m🔥[0m
                    [36m</span>[39m
                  [36m</div>[39m
                [36m</div>[39m
              [36m</main>[39m
            [36m</div>[39m
          [36m</div>[39m
        [36m</div>[39m
        [36m<nav[39m
          [33maria-label[39m=[32m"Primary Navigation"[39m
          [33mclass[39m=[32m"mobile-bottom-dock"[39m
        [36m>[39m
          [36m<a[39m
            [33mclass[39m=[32m"dock-item "[39m
            [33mhref[39m=[32m"/app"[39m
          [36m>[39m
            [36m<svg[39m
              [33maria-hidden[39m=[32m"true"[39m
              [33mfocusable[39m=[32m"false"[39m
              [33mviewBox[39m=[32m"0 0 24 24"[39m
            [36m>[39m
              [36m<path[39m
                [33md[39m=[32m"M12 2.5a9.5 9.5 0 1 1 0 19 9.5 9.5 0 0 1 0-19Zm3.7 5.8-5.4 2-2 5.4 5.4-2 2-5.4Z"[39m
              [36m/>[39m
            [36m</svg>[39m
            [36m<span>[39m
              [0mMap[0m
            [36m</span>[39m
          [36m</a>[39m
          [36m<a[39m
            [33mclass[39m=[32m"dock-item "[39m
            [33mhref[39m=[32m"/app/quests"[39m
          [36m>[39m
            [36m<svg[39m
              [33maria-hidden[39m=[32m"true"[39m
              [33mfocusable[39m=[32m"false"[39m
              [33mviewBox[39m=[32m"0 0 24 24"[39m
            [36m>[39m
              [36m<path[39m
                [33md[39m=[32m"M6 3h11a3 3 0 0 1 3 3v1h-3v13H7a4 4 0 0 1-4-4V5a2 2 0 0 1 3-2Zm0 14h8V6H6v11Zm1-8h6v2H7V9Zm0 4h6v2H7v-2Z"[39m
              [36m/>[39m
            [36m</svg>[39m
            [36m<span>[39m
              [0mQuests[0m
            [36m</span>[39m
          [36m</a>[39m
          [36m<div[39m
            [33mclass[39m=[32m"dock-shutter-item"[39m
          [36m>[39m
            [36m<button[39m
              [33maria-label[39m=[32m"Open Camera Capture"[39m
              [33mclass[39m=[32m"dock-shutter-btn"[39m
              [33mtabindex[39m=[32m"0"[39m
              [33mtype[39m=[32m"button"[39m
            [36m>[39m
              [36m<svg[39m
                [33maria-hidden[39m=[32m"true"[39m
                [33mfocusable[39m=[32m"false"[39m
                [33mviewBox[39m=[32m"0 0 24 24"[39m
              [36m>[39m
                [36m<path[39m
                  [33md[39m=[32m"M9 4h6l1.2 2H19a2 2 0 0 1 2 2v10a2 2 0 0 1-2 2H5a2 2 0 0 1-2-2V8a2 2 0 0 1 2-2h2.8L9 4Zm3 5.5a4 4 0 1 0 0 8 4 4 0 0 0 0-8Zm0 2a2 2 0 1 1 0 4 2 2 0 0 1 0-4Z"[39m
                [36m/>[39m
              [36m</svg>[39m
            [36m</button>[39m
          [36m</div>[39m
          [36m<a[39m
            [33mclass[39m=[32m"dock-item "[39m
            [33mhref[39m=[32m"/app/collection"[39m
          [36m>[39m
            [36m<svg[39m
              [33maria-hidden[39m=[32m"true"[39m
              [33mfocusable[39m=[32m"false"[39m
              [33mviewBox[39m=[32m"0 0 24 24"[39m
            [36m>[39m
              [36m<path[39m
                [33md[39m=[32m"M3 5.5C6 4.4 9 4.8 11 6v14c-2-1.2-5-1.6-8-.5v-14Zm18 0c-3-1.1-6-.7-8 .5v14c2-1.2 5-1.6 8-.5v-14Z"[39m
              [36m/>[39m
            [36m</svg>[39m
            [36m<span>[39m
              [0mCollection[0m
            [36m</span>[39m
          [36m</a>[39m
          [36m<a[39m
            [33mclass[39m=[32m"dock-item "[39m
            [33mhref[39m=[32m"/app/community"[39m
          [36m>[39m
            [36m<svg[39m
              [33maria-hidden[39m=[32m"true"[39m
              [33mfocusable[39m=[32m"false"[39m
              [33mviewBox[39m=[32m"0 0 24 24"[39m
            [36m>[39m
              [36m<path[39m
                [33md[39m=[32m"M12 2.7 20 6v5.9c0 4.8-3.2 8.2-8 9.4-4.8-1.2-8-4.6-8-9.4V6l8-3.3Zm0 3L6.5 8v3.9c0 3.4 2 5.7 5.5 6.8 3.5-1.1 5.5-3.4 5.5-6.8V8L12 5.7Z"[39m
              [36m/>[39m
            [36m</svg>[39m
            [36m<span>[39m
              [0mCommunity[0m
            [36m</span>[39m
          [36m</a>[39m
        [36m</nav>[39m
      [36m</div>[39m
      [36m<div[39m
        [33maria-label[39m=[32m"Today's moment"[39m
        [33maria-modal[39m=[32m"true"[39m
        [33mclass[39m=[32m"dawn-moment-overlay"[39m
        [33mrole[39m=[32m"dialog"[39m
        [33mstyle[39m=[32m"opacity: 0;"[39m
      [36m>[39m
        [36m<div[39m
          [33mclass[39m=[32m"dawn-moment-card"[39m
          [33mstyle[39m=[32m"opacity: 0; transform: translateY(16px) scale(0.98);"[39m
        [36m>[39m
          [36m<span[39m
            [33maria-hidden[39m=[32m"true"[39m
            [33mclass[39m=[32m"dawn-moment-mark"[39m
          [36m>[39m
            [0m✦[0m
          [36m</span>[39m
          [36m<p>[39m
            [0mThe quiet hours favor the determined.[0m
          [36m</p>[39m
          [36m<button[39m
            [33mclass[39m=[32m"dawn-moment-continue"[39m
            [33mtype[39m=[32m"button"[39m
          [36m>[39m
            [0mContinue[0m
          [36m</button>[39m
        [36m</div>[39m
      [36m</div>[39m
    [36m</div>[39m
  [36m</div>[39m
[36m</body>[39m
 ❯ Object.getElementError node_modules/@testing-library/dom/dist/config.js:37:19
 ❯ node_modules/@testing-library/dom/dist/query-helpers.js:76:38
 ❯ node_modules/@testing-library/dom/dist/query-helpers.js:52:17
 ❯ node_modules/@testing-library/dom/dist/query-helpers.js:95:19
 ❯ src/App.test.jsx:125:19
    123|     expect(await screen.findByRole('heading', { name: /^profile$/i, hi…
    124|     expect(screen.getByText(/discoveries/i)).toBeInTheDocument();
    125|     expect(screen.getByText(/bronze 2/i)).toBeInTheDocument();
       |                   ^
    126|   });
    127| 

⎯⎯⎯⎯⎯⎯⎯⎯⎯⎯⎯⎯⎯⎯⎯⎯⎯⎯⎯⎯⎯⎯⎯⎯[3/4]⎯

 FAIL  src/App.test.jsx > App (development auth mode) > shows the collection empty state when no collectibles are unlocked
TestingLibraryElementError: Unable to find an element with the text: /Your collection starts here./i. This could be because the text is broken up by multiple elements. In this case, you can provide a function for your text matcher to make your matcher more flexible.

Ignored nodes: comments, script, style
[36m<body>[39m
  [36m<div>[39m
    [36m<div[39m
      [33mclass[39m=[32m"app-shell"[39m
    [36m>[39m
      [36m<div[39m
        [33maria-hidden[39m=[32m"true"[39m
        [33mclass[39m=[32m"world-ambience world-ambience-night"[39m
        [33mstyle[39m=[32m"background: radial-gradient(circle at 50% -10%, rgba(80, 90, 140, 0.08), transparent 65%); opacity: 0.7518455175159033;"[39m
      [36m/>[39m
      [36m<div[39m
        [33mclass[39m=[32m"dev-auth-banner"[39m
        [33mrole[39m=[32m"status"[39m
      [36m>[39m
        [0mDevelopment auth active — this is a local identity, not a real account.[0m
      [36m</div>[39m
      [36m<header[39m
        [33mclass[39m=[32m"topbar"[39m
      [36m>[39m
        [36m<div[39m
          [33mclass[39m=[32m"brand-lockup"[39m
          [33mtabindex[39m=[32m"0"[39m
        [36m>[39m
          [36m<span[39m
            [33maria-hidden[39m=[32m"true"[39m
            [33mclass[39m=[32m"brand-mark"[39m
          [36m>[39m
            [0m🌿[0m
          [36m</span>[39m
          [36m<div>[39m
            [36m<strong>[39m
              [0mWILD REALM[0m
            [36m</strong>[39m
          [36m</div>[39m
        [36m</div>[39m
        [36m<div[39m
          [33mclass[39m=[32m"user-profile-trigger"[39m
        [36m>[39m
          [36m<div[39m
            [33mclass[39m=[32m"quick-stat shell-xp"[39m
          [36m>[39m
            [36m<strong>[39m
              [0m7,250[0m
            [36m</strong>[39m
            [36m<span>[39m
              [0mXP[0m
            [36m</span>[39m
          [36m</div>[39m
          [36m<button[39m
            [33maria-label[39m=[32m"Settings"[39m
            [33mclass[39m=[32m"magnetic-button round-action "[39m
            [33mstyle[39m=[32m"transform: none;"[39m
            [33mtabindex[39m=[32m"0"[39m
            [33mtype[39m=[32m"button"[39m
          [36m>[39m
            [36m<span[39m
              [33mclass[39m=[32m"magnetic-button-content"[39m
            [36m>[39m
              [36m<svg[39m
                [33maria-hidden[39m=[32m"true"[39m
                [33mfocusable[39m=[32m"false"[39m
                [33mviewBox[39m=[32m"0 0 24 24"[39m
              [36m>[39m
                [36m<path[39m
                  [33md[39m=[32m"m10.7 2 2.6 0 .5 2a8 8 0 0 1 1.6.7l1.8-1 1.8 1.8-1 1.8c.3.5.5 1 .7 1.6l2 .5v2.6l-2 .5a8 8 0 0 1-.7 1.6l1 1.8-1.8 1.8-1.8-1a8 8 0 0 1-1.6.7l-.5 2h-2.6l-.5-2a8 8 0 0 1-1.6-.7l-1.8 1L5 15.4l1-1.8a8 8 0 0 1-.7-1.6l-2-.5V9l2-.5A8 8 0 0 1 6 7L5 5.2l1.8-1.8 1.8 1a8 8 0 0 1 1.6-.7l.5-2ZM12 8a3 3 0 1 0 0 6 3 3 0 0 0 0-6Z"[39m
                [36m/>[39m
              [36m</svg>[39m
            [36m</span>[39m
            [36m<span[39m
              [33maria-hidden[39m=[32m"true"[39m
              [33mclass[39m=[32m"magnetic-button-glow"[39m
            [36m/>[39m
          [36m</button>[39m
          [36m<button[39m
            [33maria-label[39m=[32m"Sign out"[39m
            [33mclass[39m=[32m"magnetic-button ghost-action "[39m
            [33mstyle[39m=[32m"transform: none;"[39m
            [33mtabindex[39m=[32m"0"[39m
            [33mtype[39m=[32m"button"[39m
          [36m>[39m
            [36m<span[39m
              [33mclass[39m=[32m"magnetic-button-content"[39m
            [36m>[39m
              [0mSign out[0m
            [36m</span>[39m
            [36m<span[39m
              [33maria-hidden[39m=[32m"true"[39m
              [33mclass[39m=[32m"magnetic-button-glow"[39m
            [36m/>[39m
          [36m</button>[39m
        [36m</div>[39m
      [36m</header>[39m
      [36m<div[39m
        [33mclass[39m=[32m"mobile-content-area "[39m
      [36m>[39m
        [36m<div[39m
          [33mclass[39m=[32m"ptr-container"[39m
          [33mstyle[39m=[32m"overflow-y: auto; height: 100%;"[39m
        [36m>[39m
          [36m<div[39m
            [33mclass[39m=[32m"ptr-indicator"[39m
          [36m>[39m
            [36m<div[39m
              [33mstyle[39m=[32m"transform: none;"[39m
            [36m>[39m
              [36m<svg[39m
                [33maria-hidden[39m=[32m"true"[39m
                [33mfocusable[39m=[32m"false"[39m
                [33mviewBox[39m=[32m"0 0 24 24"[39m
              [36m/>[39m
            [36m</div>[39m
          [36m</div>[39m
          [36m<div[39m
            [33mstyle[39m=[32m"min-height: 100%; transform: none;"[39m
          [36m>[39m
            [36m<div[39m
              [33mclass[39m=[32m"journal-page-transition route-stage"[39m
              [33mstyle[39m=[32m"width: 100%; opacity: 1; filter: blur(0px); transform: none;"[39m
            [36m>[39m
              [36m<main[39m
                [33mclass[39m=[32m"library-shell"[39m
              [36m>[39m
                [36m<div[39m
                  [33mclass[39m=[32m"library-header"[39m
                [36m>[39m
                  [36m<h1>[39m
                    [0mMY LIBRARY[0m
                  [36m</h1>[39m
                  [36m<button[39m
                    [33maria-label[39m=[32m"Search collection"[39m
                    [33mclass[39m=[32m"library-search-btn"[39m
                    [33mtabindex[39m=[32m"0"[39m
                    [33mtype[39m=[32m"button"[39m
                  [36m>[39m
                    [0m🔍[0m
                  [36m</button>[39m
                [36m</div>[39m
                [36m<div[39m
                  [33mclass[39m=[32m"library-stats-bar"[39m
                [36m>[39m
                  [36m<div[39m
                    [33mclass[39m=[32m"library-stat-item"[39m
                  [36m>[39m
                    [36m<small>[39m
                      [0mSpecies Found[0m
                    [36m</small>[39m
                    [36m<strong>[39m
                      [0m0[0m
                      [0m / 5[0m
                    [36m</strong>[39m
                  [36m</div>[39m
                  [36m<div[39m
                    [33mclass[39m=[32m"library-stat-item"[39m
                  [36m>[39m
                    [36m<small>[39m
                      [0mS Rank[0m
                    [36m</small>[39m
                    [36m<strong>[39m
                      [0m0[0m
                    [36m</strong>[39m
                  [36m</div>[39m
                  [36m<div[39m
                    [33mclass[39m=[32m"library-stat-item"[39m
                  [36m>[39m
                    [36m<small>[39m
                      [0mXP Earned[0m
                    [36m</small>[39m
                    [36m<strong>[39m
                      [0m0[0m
                    [36m</strong>[39m
                  [36m</div>[39m
                [36m</div>[39m
       ...

Ignored nodes: comments, script, style
[36m<body>[39m
  [36m<div>[39m
    [36m<div[39m
      [33mclass[39m=[32m"app-shell"[39m
    [36m>[39m
      [36m<div[39m
        [33maria-hidden[39m=[32m"true"[39m
        [33mclass[39m=[32m"world-ambience world-ambience-night"[39m
        [33mstyle[39m=[32m"background: radial-gradient(circle at 50% -10%, rgba(80, 90, 140, 0.08), transparent 65%); opacity: 0.7518455175159033;"[39m
      [36m/>[39m
      [36m<div[39m
        [33mclass[39m=[32m"dev-auth-banner"[39m
        [33mrole[39m=[32m"status"[39m
      [36m>[39m
        [0mDevelopment auth active — this is a local identity, not a real account.[0m
      [36m</div>[39m
      [36m<header[39m
        [33mclass[39m=[32m"topbar"[39m
      [36m>[39m
        [36m<div[39m
          [33mclass[39m=[32m"brand-lockup"[39m
          [33mtabindex[39m=[32m"0"[39m
        [36m>[39m
          [36m<span[39m
            [33maria-hidden[39m=[32m"true"[39m
            [33mclass[39m=[32m"brand-mark"[39m
          [36m>[39m
            [0m🌿[0m
          [36m</span>[39m
          [36m<div>[39m
            [36m<strong>[39m
              [0mWILD REALM[0m
            [36m</strong>[39m
          [36m</div>[39m
        [36m</div>[39m
        [36m<div[39m
          [33mclass[39m=[32m"user-profile-trigger"[39m
        [36m>[39m
          [36m<div[39m
            [33mclass[39m=[32m"quick-stat shell-xp"[39m
          [36m>[39m
            [36m<strong>[39m
              [0m7,250[0m
            [36m</strong>[39m
            [36m<span>[39m
              [0mXP[0m
            [36m</span>[39m
          [36m</div>[39m
          [36m<button[39m
            [33maria-label[39m=[32m"Settings"[39m
            [33mclass[39m=[32m"magnetic-button round-action "[39m
            [33mstyle[39m=[32m"transform: none;"[39m
            [33mtabindex[39m=[32m"0"[39m
            [33mtype[39m=[32m"button"[39m
          [36m>[39m
            [36m<span[39m
              [33mclass[39m=[32m"magnetic-button-content"[39m
            [36m>[39m
              [36m<svg[39m
                [33maria-hidden[39m=[32m"true"[39m
                [33mfocusable[39m=[32m"false"[39m
                [33mviewBox[39m=[32m"0 0 24 24"[39m
              [36m>[39m
                [36m<path[39m
                  [33md[39m=[32m"m10.7 2 2.6 0 .5 2a8 8 0 0 1 1.6.7l1.8-1 1.8 1.8-1 1.8c.3.5.5 1 .7 1.6l2 .5v2.6l-2 .5a8 8 0 0 1-.7 1.6l1 1.8-1.8 1.8-1.8-1a8 8 0 0 1-1.6.7l-.5 2h-2.6l-.5-2a8 8 0 0 1-1.6-.7l-1.8 1L5 15.4l1-1.8a8 8 0 0 1-.7-1.6l-2-.5V9l2-.5A8 8 0 0 1 6 7L5 5.2l1.8-1.8 1.8 1a8 8 0 0 1 1.6-.7l.5-2ZM12 8a3 3 0 1 0 0 6 3 3 0 0 0 0-6Z"[39m
                [36m/>[39m
              [36m</svg>[39m
            [36m</span>[39m
            [36m<span[39m
              [33maria-hidden[39m=[32m"true"[39m
              [33mclass[39m=[32m"magnetic-button-glow"[39m
            [36m/>[39m
          [36m</button>[39m
          [36m<button[39m
            [33maria-label[39m=[32m"Sign out"[39m
            [33mclass[39m=[32m"magnetic-button ghost-action "[39m
            [33mstyle[39m=[32m"transform: none;"[39m
            [33mtabindex[39m=[32m"0"[39m
            [33mtype[39m=[32m"button"[39m
          [36m>[39m
            [36m<span[39m
              [33mclass[39m=[32m"magnetic-button-content"[39m
            [36m>[39m
              [0mSign out[0m
            [36m</span>[39m
            [36m<span[39m
              [33maria-hidden[39m=[32m"true"[39m
              [33mclass[39m=[32m"magnetic-button-glow"[39m
            [36m/>[39m
          [36m</button>[39m
        [36m</div>[39m
      [36m</header>[39m
      [36m<div[39m
        [33mclass[39m=[32m"mobile-content-area "[39m
      [36m>[39m
        [36m<div[39m
          [33mclass[39m=[32m"ptr-container"[39m
          [33mstyle[39m=[32m"overflow-y: auto; height: 100%;"[39m
        [36m>[39m
          [36m<div[39m
            [33mclass[39m=[32m"ptr-indicator"[39m
          [36m>[39m
            [36m<div[39m
              [33mstyle[39m=[32m"transform: none;"[39m
            [36m>[39m
              [36m<svg[39m
                [33maria-hidden[39m=[32m"true"[39m
                [33mfocusable[39m=[32m"false"[39m
                [33mviewBox[39m=[32m"0 0 24 24"[39m
              [36m/>[39m
            [36m</div>[39m
          [36m</div>[39m
          [36m<div[39m
            [33mstyle[39m=[32m"min-height: 100%; transform: none;"[39m
          [36m>[39m
            [36m<div[39m
              [33mclass[39m=[32m"journal-page-transition route-stage"[39m
              [33mstyle[39m=[32m"width: 100%; opacity: 1; filter: blur(0px); transform: none;"[39m
            [36m>[39m
              [36m<main[39m
                [33mclass[39m=[32m"library-shell"[39m
              [36m>[39m
                [36m<div[39m
                  [33mclass[39m=[32m"library-header"[39m
                [36m>[39m
                  [36m<h1>[39m
                    [0mMY LIBRARY[0m
                  [36m</h1>[39m
                  [36m<button[39m
                    [33maria-label[39m=[32m"Search collection"[39m
                    [33mclass[39m=[32m"library-search-btn"[39m
                    [33mtabindex[39m=[32m"0"[39m
                    [33mtype[39m=[32m"button"[39m
                  [36m>[39m
                    [0m🔍[0m
                  [36m</button>[39m
                [36m</div>[39m
                [36m<div[39m
                  [33mclass[39m=[32m"library-stats-bar"[39m
                [36m>[39m
                  [36m<div[39m
                    [33mclass[39m=[32m"library-stat-item"[39m
                  [36m>[39m
                    [36m<small>[39m
                      [0mSpecies Found[0m
                    [36m</small>[39m
                    [36m<strong>[39m
                      [0m0[0m
                      [0m / 5[0m
                    [36m</strong>[39m
                  [36m</div>[39m
                  [36m<div[39m
                    [33mclass[39m=[32m"library-stat-item"[39m
                  [36m>[39m
                    [36m<small>[39m
                      [0mS Rank[0m
                    [36m</small>[39m
                    [36m<strong>[39m
                      [0m0[0m
                    [36m</strong>[39m
                  [36m</div>[39m
                  [36m<div[39m
                    [33mclass[39m=[32m"library-stat-item"[39m
                  [36m>[39m
                    [36m<small>[39m
                      [0mXP Earned[0m
                    [36m</small>[39m
                    [36m<strong>[39m
                      [0m0[0m
                    [36m</strong>[39m
                  [36m</div>[39m
                [36m</div>[39m
       ...
 ❯ waitForWrapper node_modules/@testing-library/dom/dist/wait-for.js:163:27
 ❯ node_modules/@testing-library/dom/dist/query-helpers.js:86:33
 ❯ src/App.test.jsx:131:25
    129|     renderApp('/app/collection');
    130| 
    131|     expect(await screen.findByText(/Your collection starts here./i)).t…
       |                         ^
    132|   });
    133| 

⎯⎯⎯⎯⎯⎯⎯⎯⎯⎯⎯⎯⎯⎯⎯⎯⎯⎯⎯⎯⎯⎯⎯⎯[4/4]⎯


 Test Files  1 failed | 6 passed | 1 skipped (8)
      Tests  4 failed | 82 passed | 7 skipped (93)
   Start at  00:40:00
   Duration  6.03s (transform 651ms, setup 435ms, collect 1.54s, tests 5.11s, environment 3.18s, prepare 855ms)

